Archive member included to satisfy reference by file (symbol)

/home/jc/stm32_libraries/crosstools/gcc-arm-none-eabi-5_4-2016q3/bin/../lib/gcc/arm-none-eabi/5.4.1/../../../../arm-none-eabi/lib/armv7e-m/fpu/libm.a(lib_a-wf_exp.o)
                              build/ref_r410a_props.o (expf)
/home/jc/stm32_libraries/crosstools/gcc-arm-none-eabi-5_4-2016q3/bin/../lib/gcc/arm-none-eabi/5.4.1/../../../../arm-none-eabi/lib/armv7e-m/fpu/libm.a(lib_a-ef_exp.o)
                              /home/jc/stm32_libraries/crosstools/gcc-arm-none-eabi-5_4-2016q3/bin/../lib/gcc/arm-none-eabi/5.4.1/../../../../arm-none-eabi/lib/armv7e-m/fpu/libm.a(lib_a-wf_exp.o) (__ieee754_expf)
/home/jc/stm32_libraries/crosstools/gcc-arm-none-eabi-5_4-2016q3/bin/../lib/gcc/arm-none-eabi/5.4.1/../../../../arm-none-eabi/lib/armv7e-m/fpu/libm.a(lib_a-s_lib_ver.o)
                              /home/jc/stm32_libraries/crosstools/gcc-arm-none-eabi-5_4-2016q3/bin/../lib/gcc/arm-none-eabi/5.4.1/../../../../arm-none-eabi/lib/armv7e-m/fpu/libm.a(lib_a-wf_exp.o) (__fdlib_version)
/home/jc/stm32_libraries/crosstools/gcc-arm-none-eabi-5_4-2016q3/bin/../lib/gcc/arm-none-eabi/5.4.1/../../../../arm-none-eabi/lib/armv7e-m/fpu/libm.a(lib_a-s_matherr.o)
                              /home/jc/stm32_libraries/crosstools/gcc-arm-none-eabi-5_4-2016q3/bin/../lib/gcc/arm-none-eabi/5.4.1/../../../../arm-none-eabi/lib/armv7e-m/fpu/libm.a(lib_a-wf_exp.o) (matherr)
/home/jc/stm32_libraries/crosstools/gcc-arm-none-eabi-5_4-2016q3/bin/../lib/gcc/arm-none-eabi/5.4.1/../../../../arm-none-eabi/lib/armv7e-m/fpu/libm.a(lib_a-sf_finite.o)
                              /home/jc/stm32_libraries/crosstools/gcc-arm-none-eabi-5_4-2016q3/bin/../lib/gcc/arm-none-eabi/5.4.1/../../../../arm-none-eabi/lib/armv7e-m/fpu/libm.a(lib_a-wf_exp.o) (finitef)
/home/jc/stm32_libraries/crosstools/gcc-arm-none-eabi-5_4-2016q3/bin/../lib/gcc/arm-none-eabi/5.4.1/armv7e-m/fpu/libgcc.a(_arm_addsubdf3.o)
                              build/ref_r410a_props.o (__aeabi_dsub)
/home/jc/stm32_libraries/crosstools/gcc-arm-none-eabi-5_4-2016q3/bin/../lib/gcc/arm-none-eabi/5.4.1/armv7e-m/fpu/libgcc.a(_arm_truncdfsf2.o)
                              build/cmd_parser.o (__aeabi_d2f)
/home/jc/stm32_libraries/crosstools/gcc-arm-none-eabi-5_4-2016q3/bin/../lib/gcc/arm-none-eabi/5.4.1/armv7e-m/fpu/libgcc.a(_aeabi_uldivmod.o)
                              build/uart.o (__aeabi_uldivmod)
/home/jc/stm32_libraries/crosstools/gcc-arm-none-eabi-5_4-2016q3/bin/../lib/gcc/arm-none-eabi/5.4.1/armv7e-m/fpu/libgcc.a(_udivmoddi4.o)
                              /home/jc/stm32_libraries/crosstools/gcc-arm-none-eabi-5_4-2016q3/bin/../lib/gcc/arm-none-eabi/5.4.1/armv7e-m/fpu/libgcc.a(_aeabi_uldivmod.o) (__udivmoddi4)
/home/jc/stm32_libraries/crosstools/gcc-arm-none-eabi-5_4-2016q3/bin/../lib/gcc/arm-none-eabi/5.4.1/armv7e-m/fpu/libgcc.a(_dvmd_tls.o)
                              /home/jc/stm32_libraries/crosstools/gcc-arm-none-eabi-5_4-2016q3/bin/../lib/gcc/arm-none-eabi/5.4.1/armv7e-m/fpu/libgcc.a(_aeabi_uldivmod.o) (__aeabi_ldiv0)
/home/jc/stm32_libraries/crosstools/gcc-arm-none-eabi-5_4-2016q3/bin/../lib/gcc/arm-none-eabi/5.4.1/../../../../arm-none-eabi/lib/armv7e-m/fpu/libc_nano.a(lib_a-atof.o)
                              build/cmd_parser.o (atof)
/home/jc/stm32_libraries/crosstools/gcc-arm-none-eabi-5_4-2016q3/bin/../lib/gcc/arm-none-eabi/5.4.1/../../../../arm-none-eabi/lib/armv7e-m/fpu/libc_nano.a(lib_a-atoi.o)
                              build/cmd_parser.o (atoi)
/home/jc/stm32_libraries/crosstools/gcc-arm-none-eabi-5_4-2016q3/bin/../lib/gcc/arm-none-eabi/5.4.1/../../../../arm-none-eabi/lib/armv7e-m/fpu/libc_nano.a(lib_a-errno.o)
                              /home/jc/stm32_libraries/crosstools/gcc-arm-none-eabi-5_4-2016q3/bin/../lib/gcc/arm-none-eabi/5.4.1/../../../../arm-none-eabi/lib/armv7e-m/fpu/libm.a(lib_a-wf_exp.o) (__errno)
/home/jc/stm32_libraries/crosstools/gcc-arm-none-eabi-5_4-2016q3/bin/../lib/gcc/arm-none-eabi/5.4.1/../../../../arm-none-eabi/lib/armv7e-m/fpu/libc_nano.a(lib_a-exit.o)
                              /home/jc/stm32_libraries/crosstools/gcc-arm-none-eabi-5_4-2016q3/bin/../lib/gcc/arm-none-eabi/5.4.1/../../../../arm-none-eabi/lib/armv7e-m/fpu/crt0.o (exit)
/home/jc/stm32_libraries/crosstools/gcc-arm-none-eabi-5_4-2016q3/bin/../lib/gcc/arm-none-eabi/5.4.1/../../../../arm-none-eabi/lib/armv7e-m/fpu/libc_nano.a(lib_a-impure.o)
                              /home/jc/stm32_libraries/crosstools/gcc-arm-none-eabi-5_4-2016q3/bin/../lib/gcc/arm-none-eabi/5.4.1/../../../../arm-none-eabi/lib/armv7e-m/fpu/libc_nano.a(lib_a-exit.o) (_global_impure_ptr)
/home/jc/stm32_libraries/crosstools/gcc-arm-none-eabi-5_4-2016q3/bin/../lib/gcc/arm-none-eabi/5.4.1/../../../../arm-none-eabi/lib/armv7e-m/fpu/libc_nano.a(lib_a-init.o)
[...]
Memory Configuration

Name             Origin             Length             Attributes
FLASH            0x08000000         0x00080000         xr
RAM              0x20000000         0x00020000         xrw
*default*        0x00000000         0xffffffff

Linker script and memory map

LOAD /home/jc/stm32_libraries/crosstools/gcc-arm-none-eabi-5_4-2016q3/bin/../lib/gcc/arm-none-eabi/5.4.1/armv7e-m/fpu/crti.o
LOAD /home/jc/stm32_libraries/crosstools/gcc-arm-none-eabi-5_4-2016q3/bin/../lib/gcc/arm-none-eabi/5.4.1/armv7e-m/fpu/crtbegin.o
LOAD /home/jc/stm32_libraries/crosstools/gcc-arm-none-eabi-5_4-2016q3/bin/../lib/gcc/arm-none-eabi/5.4.1/../../../../arm-none-eabi/lib/armv7e-m/fpu/crt0.o
LOAD build/cmd_line_buffer.o
LOAD build/cmd_parser.o
LOAD build/heartbeat_task.o
LOAD build/stm32f4xx_hal_msp.o
LOAD build/mod_inputs.o
LOAD build/mod_fault_detection.o
LOAD build/mod_state_machine.o
LOAD build/mod_outputs.o
LOAD build/mod_comms.o
LOAD build/ref_r410a_props.o
LOAD build/main.o
LOAD build/stm32f4xx_it.o
LOAD build/system_stm32f4xx.o
LOAD build/uart.o
LOAD build/cmd_task.o
LOAD build/startup_stm32f446xx.o
LOAD build/stm32f4_HAL/stm32f4xx_hal.o
LOAD build/stm32f4_HAL/stm32f4xx_hal_dma.o
LOAD build/stm32f4_HAL/stm32f4xx_hal_adc.o
LOAD build/stm32f4_HAL/stm32f4xx_hal_adc_ex.o
LOAD build/stm32f4_HAL/stm32f4xx_hal_gpio.o
LOAD build/stm32f4_HAL/stm32f4xx_ll_gpio.o
LOAD build/stm32f4_HAL/stm32f4xx_ll_usart.o
LOAD build/stm32f4_HAL/stm32f4xx_ll_dma.o
LOAD build/stm32f4_HAL/stm32f4xx_ll_rcc.o
LOAD build/stm32f4_HAL/stm32f4xx_hal_i2c.o
LOAD build/stm32f4_HAL/stm32f4xx_hal_i2c_ex.o
LOAD build/stm32f4_HAL/stm32f4xx_hal_tim.o
LOAD build/stm32f4_HAL/stm32f4xx_hal_tim_ex.o
LOAD build/stm32f4_HAL/stm32f4xx_hal_rtc.o
LOAD build/stm32f4_HAL/stm32f4xx_hal_rcc.o
LOAD build/stm32f4_HAL/stm32f4xx_hal_rcc_ex.o
LOAD build/stm32f4_HAL/stm32f4xx_hal_pwr.o
LOAD build/stm32f4_HAL/stm32f4xx_hal_pwr_ex.o
LOAD build/stm32f4_HAL/stm32f4xx_hal_cortex.o
LOAD build/stm32f4_HAL/stm32f4xx_hal_spi.o
LOAD build/FreeRTOS/croutine.o
LOAD build/FreeRTOS/event_groups.o
LOAD build/FreeRTOS/list.o
LOAD build/FreeRTOS/queue.o
LOAD build/FreeRTOS/tasks.o
LOAD build/FreeRTOS/timers.o
LOAD build/FreeRTOS/stream_buffer.o
LOAD build/FreeRTOS/cmsis_os2.o
LOAD build/FreeRTOS/os_systick.o
LOAD build/FreeRTOS/heap_useNewlib.o
LOAD build/FreeRTOS/port.o
LOAD /home/jc/stm32_libraries/crosstools/gcc-arm-none-eabi-5_4-2016q3/bin/../lib/gcc/arm-none-eabi/5.4.1/../../../../arm-none-eabi/lib/armv7e-m/fpu/libm.a
LOAD /home/jc/stm32_libraries/STM32Cube_F4_FW/Drivers/CMSIS/Lib/GCC/libarm_cortexM4lf_math.a
START GROUP
LOAD /home/jc/stm32_libraries/crosstools/gcc-arm-none-eabi-5_4-2016q3/bin/../lib/gcc/arm-none-eabi/5.4.1/armv7e-m/fpu/libgcc.a
LOAD /home/jc/stm32_libraries/crosstools/gcc-arm-none-eabi-5_4-2016q3/bin/../lib/gcc/arm-none-eabi/5.4.1/../../../../arm-none-eabi/lib/armv7e-m/fpu/libc_nano.a
END GROUP
START GROUP
LOAD /home/jc/stm32_libraries/crosstools/gcc-arm-none-eabi-5_4-2016q3/bin/../lib/gcc/arm-none-eabi/5.4.1/armv7e-m/fpu/libgcc.a
LOAD /home/jc/stm32_libraries/crosstools/gcc-arm-none-eabi-5_4-2016q3/bin/../lib/gcc/arm-none-eabi/5.4.1/../../../../arm-none-eabi/lib/armv7e-m/fpu/libc_nano.a
LOAD /home/jc/stm32_libraries/crosstools/gcc-arm-none-eabi-5_4-2016q3/bin/../lib/gcc/arm-none-eabi/5.4.1/../../../../arm-none-eabi/lib/armv7e-m/fpu/libnosys.a
END GROUP
START GROUP
LOAD /home/jc/stm32_libraries/crosstools/gcc-arm-none-eabi-5_4-2016q3/bin/../lib/gcc/arm-none-eabi/5.4.1/armv7e-m/fpu/libgcc.a
LOAD /home/jc/stm32_libraries/crosstools/gcc-arm-none-eabi-5_4-2016q3/bin/../lib/gcc/arm-none-eabi/5.4.1/../../../../arm-none-eabi/lib/armv7e-m/fpu/libc_nano.a
LOAD /home/jc/stm32_libraries/crosstools/gcc-arm-none-eabi-5_4-2016q3/bin/../lib/gcc/arm-none-eabi/5.4.1/../../../../arm-none-eabi/lib/armv7e-m/fpu/libnosys.a
END GROUP
LOAD /home/jc/stm32_libraries/crosstools/gcc-arm-none-eabi-5_4-2016q3/bin/../lib/gcc/arm-none-eabi/5.4.1/armv7e-m/fpu/crtend.o
LOAD /home/jc/stm32_libraries/crosstools/gcc-arm-none-eabi-5_4-2016q3/bin/../lib/gcc/arm-none-eabi/5.4.1/armv7e-m/fpu/crtn.o
                0x20020000                _estack = 0x20020000
                0x00008000                _Min_Heap_Size = 0x8000
                0x00002000                _Min_Stack_Size = 0x2000

.isr_vector     0x08000000      0x1c4
                0x08000000                . = ALIGN (0x4)
 *(.isr_vector)
 .isr_vector    0x08000000      0x1c4 build/startup_stm32f446xx.o
                0x08000000                g_pfnVectors
                0x080001c4                . = ALIGN (0x4)

.text           0x080001d0    0x17ad0
                0x080001d0                . = ALIGN (0x4)
 *(.text)
 .text          0x080001d0        0x0 /home/jc/stm32_libraries/crosstools/gcc-arm-none-eabi-5_4-2016q3/bin/../lib/gcc/arm-none-eabi/5.4.1/armv7e-m/fpu/crti.o
 .text          0x080001d0       0x5c /home/jc/stm32_libraries/crosstools/gcc-arm-none-eabi-5_4-2016q3/bin/../lib/gcc/arm-none-eabi/5.4.1/armv7e-m/fpu/crtbegin.o
 .text          0x0800022c       0x74 /home/jc/stm32_libraries/crosstools/gcc-arm-none-eabi-5_4-2016q3/bin/../lib/gcc/arm-none-eabi/5.4.1/../../../../arm-none-eabi/lib/armv7e-m/fpu/crt0.o
                0x0800022c                _mainCRTStartup
                0x0800022c                _start
 .text          0x080002a0      0x124 build/cmd_line_buffer.o
                0x080002a0                clb_init
                0x080002aa                clb_is_empty
                0x080002b4                clb_is_full
                0x080002c2                clb_delc
                0x080002cc                clb_is_cmd_ready
                0x080002e8                clb_putc
                0x08000308                clb_consume_char
                0x0800032e                clb_consume_str
                0x08000348                clb_gets_at
                0x08000362                clb_gets
                0x08000368                clb_process
 .text          0x080003c4      0x2e4 build/cmd_parser.o
                0x080005ec                cmd_parse
 .text          0x080006a8       0xf8 build/heartbeat_task.o
                0x080006d8                heartbeat_task_start
                0x080006f8                heartbeat_task_init
                0x08000764                heartbeat_task_stop
                0x08000780                heartbeat_task_is_running
                0x0800078c                heartbeat_task_deinit
 .text          0x080007a0       0x60 build/stm32f4xx_hal_msp.o
                0x080007a0                HAL_TIM_PWM_MspInit
                0x080007fc                HAL_ADC_MspInit
 .text          0x08000800       0x88 build/mod_inputs.o
                0x08000800                module_inputs_task
                0x0800080c                module_inputs_update
                0x0800080e                module_inputs_init
                0x08000834                module_inputs_configure_hardware
                0x08000836                module_inputs_start
                0x08000860                module_inputs_stop
 .text          0x08000888      0x214 build/mod_fault_detection.o
                0x08000888                module_fault_detect_task
                0x08000894                module_fault_detect_set_estop
                0x080008a0                module_fault_detect_set_pressure1
                0x080008ac                module_fault_detect_set_temperature1
                0x080008b8                module_fault_detect_set_temperature2
                0x080008c4                module_fault_detect_set_temperature3
                0x080008d0                module_fault_detect_set_error
                0x080008dc                module_fault_detect_update
                0x080008de                module_fault_detect_init
                0x08000908                module_fault_detect_start
                0x08000934                module_fault_detect_stop
                0x08000960                module_fault_detect_get_state
                0x08000968                module_fault_detect_manual_estop
                0x08000988                module_fault_detect_manual_error
                0x080009a8                module_fault_detect_manual_pressure1
                0x080009c8                module_fault_detect_manual_temperature1
                0x080009e8                module_fault_detect_manual_temperature2
                0x08000a08                module_fault_detect_manual_temperature3
                0x08000a28                module_fault_detect_print_inputs
 .text          0x08000a9c       0xd0 build/mod_state_machine.o
                0x08000a9c                module_state_machine_set_fault
                0x08000aa8                module_state_machine_start_signal
                0x08000aaa                module_state_machine_update
                0x08000abc                module_state_machine_task
                0x08000aca                module_state_machine_init
                0x08000af0                module_state_machine_start
                0x08000b18                module_state_machine_stop
                0x08000b40                module_state_machine_get_state
                0x08000b48                module_state_machine_manual_error
 .text          0x08000b6c       0xa8 build/mod_outputs.o
                0x08000b6c                module_outputs_task
                0x08000b76                module_outputs_set_state
                0x08000b80                module_outputs_update
                0x08000b82                module_outputs_init
                0x08000ba8                module_outputs_start
                0x08000bd0                module_outputs_stop
                0x08000bf8                module_outputs_get_state
                0x08000c00                module_outputs_manual_state
 .text          0x08000c14       0x50 build/mod_comms.o
                0x08000c14                module_comms_start_received
                0x08000c34                module_comms_heartbeat
                0x08000c4c                module_comms_start
                0x08000c58                module_comms_stop
 *fill*         0x08000c64        0x4 
 .text          0x08000c68       0xec build/ref_r410a_props.o
                0x08000c68                ref_410a_sat_pressure
 .text          0x08000d54        0x0 build/main.o
 .text          0x08000d54        0xc build/stm32f4xx_it.o
                0x08000d54                NMI_Handler
                0x08000d56                HardFault_Handler
                0x08000d58                MemManage_Handler
                0x08000d5a                BusFault_Handler
                0x08000d5c                UsageFault_Handler
                0x08000d5e                DebugMon_Handler
 .text          0x08000d60       0xc0 build/system_stm32f4xx.o
                0x08000d60                SystemInit
                0x08000dac                SystemCoreClockUpdate
 .text          0x08000e20      0x464 build/uart.o
                0x08000ef0                uart_init
                0x080010b4                __wrap_printf
                0x080010ec                __io_putchar
                0x08001124                __io_getchar
                0x08001140                _write
                0x0800115e                _read
                0x08001172                _uart_rxne_isr
                0x08001198                _uart_txe_isr
                0x080011f4                _uart_error
                0x08001248                USART2_IRQHandler
 .text          0x08001284       0x40 build/cmd_task.o
                0x08001298                cmd_task_init
 .text          0x080012c4       0x14 build/startup_stm32f446xx.o
 .text          0x080012d8      0x20c build/stm32f4_HAL/stm32f4xx_hal.o
                0x080012d8                HAL_MspInit
                0x080012da                HAL_MspDeInit
                0x080012dc                HAL_DeInit
                0x08001308                HAL_InitTick
                0x0800134c                HAL_Init
                0x08001380                HAL_IncTick
                0x08001398                HAL_GetTick
                0x080013a4                HAL_GetTickPrio
                0x080013b0                HAL_SetTickFreq
                0x080013d0                HAL_GetTickFreq
                0x080013dc                HAL_Delay
                0x08001404                HAL_SuspendTick
                0x08001414                HAL_ResumeTick
                0x08001424                HAL_GetHalVersion
                0x0800142a                HAL_GetREVID
                0x08001438                HAL_GetDEVID
                0x08001448                HAL_DBGMCU_EnableDBGSleepMode
                0x08001458                HAL_DBGMCU_DisableDBGSleepMode
                0x08001468                HAL_DBGMCU_EnableDBGStopMode
                0x08001478                HAL_DBGMCU_DisableDBGStopMode
                0x08001488                HAL_DBGMCU_EnableDBGStandbyMode
                0x08001498                HAL_DBGMCU_DisableDBGStandbyMode
                0x080014a8                HAL_EnableCompensationCell
                0x080014b4                HAL_DisableCompensationCell
                0x080014c0                HAL_GetUIDw0
                0x080014cc                HAL_GetUIDw1
                0x080014d8                HAL_GetUIDw2
 .text          0x080014e4      0x628 build/stm32f4_HAL/stm32f4xx_hal_dma.o
                0x08001510                HAL_DMA_Init
                0x080015fc                HAL_DMA_DeInit
                0x08001652                HAL_DMA_Start
                0x080016aa                HAL_DMA_Start_IT
                0x08001722                HAL_DMA_Abort
                0x080017a8                HAL_DMA_Abort_IT
                0x080017cc                HAL_DMA_PollForTransfer
                0x080018e0                HAL_DMA_IRQHandler
                0x08001a54                HAL_DMA_RegisterCallback
                0x08001aa4                HAL_DMA_UnRegisterCallback
                0x08001b00                HAL_DMA_GetState
                0x08001b06                HAL_DMA_GetError
 .text          0x08001b0c      0xa74 build/stm32f4_HAL/stm32f4xx_hal_adc.o
                0x08001b0e                HAL_ADC_Init
                0x08001c58                HAL_ADC_MspDeInit
                0x08001c5a                HAL_ADC_DeInit
                0x08001c8e                HAL_ADC_Start
                0x08001d9c                HAL_ADC_Stop
                0x08001dd8                HAL_ADC_PollForConversion
                0x08001e80                HAL_ADC_PollForEvent
                0x08001ef0                HAL_ADC_Start_IT
                0x0800200c                HAL_ADC_Stop_IT
                0x08002054                HAL_ADC_Start_DMA
                0x080021ac                HAL_ADC_Stop_DMA
                0x0800221e                HAL_ADC_GetValue
                0x08002224                HAL_ADC_ConvCpltCallback
                0x08002226                HAL_ADC_ConvHalfCpltCallback
                0x08002232                HAL_ADC_LevelOutOfWindowCallback
                0x08002234                HAL_ADC_ErrorCallback
                0x08002236                HAL_ADC_IRQHandler
                0x080023d4                HAL_ADC_ConfigChannel
                0x08002518                HAL_ADC_AnalogWDGConfig
                0x08002578                HAL_ADC_GetState
                0x0800257c                HAL_ADC_GetError
 .text          0x08002580      0x718 build/stm32f4_HAL/stm32f4xx_hal_adc_ex.o
                0x080025f0                HAL_ADCEx_InjectedStart
                0x080026cc                HAL_ADCEx_InjectedStart_IT
                0x080027b0                HAL_ADCEx_InjectedStop
                0x0800280a                HAL_ADCEx_InjectedPollForConversion
                0x0800289c                HAL_ADCEx_InjectedStop_IT
                0x080028fe                HAL_ADCEx_InjectedGetValue
                0x08002930                HAL_ADCEx_MultiModeStart_DMA
                0x08002a40                HAL_ADCEx_MultiModeStop_DMA
                0x08002aa0                HAL_ADCEx_MultiModeGetValue
                0x08002aac                HAL_ADCEx_InjectedConvCpltCallback
                0x08002aae                HAL_ADCEx_InjectedConfigChannel
                0x08002c48                HAL_ADCEx_MultiModeConfigChannel
 .text          0x08002c98      0x364 build/stm32f4_HAL/stm32f4xx_hal_gpio.o
                0x08002c98                HAL_GPIO_Init
                0x08002e60                HAL_GPIO_DeInit
                0x08002f94                HAL_GPIO_ReadPin
                0x08002fa0                HAL_GPIO_WritePin
                0x08002fa8                HAL_GPIO_TogglePin
                0x08002fba                HAL_GPIO_LockPin
                0x08002fe4                HAL_GPIO_EXTI_Callback
                0x08002fe6                HAL_GPIO_EXTI_IRQHandler
 .text          0x08002ffc      0x224 build/stm32f4_HAL/stm32f4xx_ll_gpio.o
                0x0800301c                LL_GPIO_DeInit
                0x080030c8                LL_GPIO_Init
                0x08003208                LL_GPIO_StructInit
 .text          0x08003220      0x228 build/stm32f4_HAL/stm32f4xx_ll_usart.o
                0x08003220                LL_USART_DeInit
                0x080032e0                LL_USART_Init
                0x080033e8                LL_USART_StructInit
                0x08003400                LL_USART_ClockInit
                0x0800343a                LL_USART_ClockStructInit
 .text          0x08003448      0x238 build/stm32f4_HAL/stm32f4xx_ll_dma.o
                0x08003448                LL_DMA_DeInit
                0x080035d8                LL_DMA_Init
                0x0800365c                LL_DMA_StructInit
 .text          0x08003680      0x640 build/stm32f4_HAL/stm32f4xx_ll_rcc.o
                0x08003690                LL_RCC_DeInit
                0x08003744                LL_RCC_GetCECClockFreq
                0x08003778                RCC_GetHCLKClockFreq
                0x08003790                RCC_GetPCLK1ClockFreq
                0x080037a8                RCC_GetPCLK2ClockFreq
                0x080037c0                RCC_PLL_GetFreqDomain_SYS
                0x08003820                RCC_GetSystemClockFreq
                0x08003850                LL_RCC_GetSystemClocksFreq
                0x08003870                LL_RCC_GetFMPI2CClockFreq
                0x080038c0                RCC_PLL_GetFreqDomain_48M
                0x08003900                RCC_PLL_GetFreqDomain_SAI
                0x08003940                RCC_PLL_GetFreqDomain_SPDIFRX
                0x08003944                RCC_PLL_GetFreqDomain_I2S
                0x08003948                RCC_PLLSAI_GetFreqDomain_SAI
                0x08003998                RCC_PLLSAI_GetFreqDomain_48M
                0x080039e0                LL_RCC_GetSDIOClockFreq
                0x08003a28                LL_RCC_GetUSBClockFreq
                0x08003a5c                RCC_PLLI2S_GetFreqDomain_SAI
                0x08003aac                LL_RCC_GetSAIClockFreq
                0x08003b64                RCC_PLLI2S_GetFreqDomain_SPDIFRX
                0x08003bac                LL_RCC_GetSPDIFRXClockFreq
                0x08003be0                RCC_PLLI2S_GetFreqDomain_I2S
                0x08003c24                LL_RCC_GetI2SClockFreq
 .text          0x08003cc0     0x3464 build/stm32f4_HAL/stm32f4xx_hal_i2c.o
                0x0800407c                HAL_I2C_MspInit
                0x0800407e                HAL_I2C_Init
                0x080041d4                HAL_I2C_MspDeInit
                0x080041d6                HAL_I2C_DeInit
                0x08004208                HAL_I2C_Master_Transmit
                0x080043b4                HAL_I2C_Master_Receive
                0x08004694                HAL_I2C_Slave_Transmit
                0x080047ec                HAL_I2C_Slave_Receive
                0x08004968                HAL_I2C_Master_Transmit_IT
                0x08004a20                HAL_I2C_Master_Receive_IT
                0x08004ae0                HAL_I2C_Slave_Transmit_IT
                0x08004b58                HAL_I2C_Slave_Receive_IT
                0x08004bd0                HAL_I2C_Master_Transmit_DMA
                0x08004d18                HAL_I2C_Master_Receive_DMA
                0x08004e58                HAL_I2C_Slave_Transmit_DMA
                0x08004f30                HAL_I2C_Slave_Receive_DMA
                0x08005008                HAL_I2C_Mem_Write
                0x08005124                HAL_I2C_Mem_Read
                0x08005334                HAL_I2C_Mem_Write_IT
                0x080053f8                HAL_I2C_Mem_Read_IT
                0x080054cc                HAL_I2C_Mem_Write_DMA
                0x08005664                HAL_I2C_Mem_Read_DMA
                0x08005840                HAL_I2C_IsDeviceReady
                0x08005998                HAL_I2C_Master_Seq_Transmit_IT
                0x08005a78                HAL_I2C_Master_Seq_Transmit_DMA
                0x08005c08                HAL_I2C_Master_Seq_Receive_IT
                0x08005d1c                HAL_I2C_Master_Seq_Receive_DMA
                0x08005f00                HAL_I2C_Slave_Seq_Transmit_IT
                0x08005f7c                HAL_I2C_Slave_Seq_Transmit_DMA
                0x080060d0                HAL_I2C_Slave_Seq_Receive_IT
                0x0800614c                HAL_I2C_Slave_Seq_Receive_DMA
                0x080062a0                HAL_I2C_EnableListen_IT
                0x080062d6                HAL_I2C_DisableListen_IT
                0x08006314                HAL_I2C_MasterTxCpltCallback
                0x08006316                HAL_I2C_MasterRxCpltCallback
                0x08006318                HAL_I2C_SlaveTxCpltCallback
                0x0800631a                HAL_I2C_SlaveRxCpltCallback
                0x0800631c                HAL_I2C_AddrCallback
                0x0800631e                HAL_I2C_ListenCpltCallback
                0x08006320                HAL_I2C_MemTxCpltCallback
                0x080063c2                HAL_I2C_MemRxCpltCallback
                0x080063c4                HAL_I2C_ErrorCallback
                0x08006512                HAL_I2C_AbortCpltCallback
                0x08006728                HAL_I2C_Master_Abort_IT
                0x0800677c                HAL_I2C_EV_IRQHandler
                0x08006fe4                HAL_I2C_ER_IRQHandler
                0x08007114                HAL_I2C_GetState
                0x0800711a                HAL_I2C_GetMode
                0x08007120                HAL_I2C_GetError
 .text          0x08007124       0x7c build/stm32f4_HAL/stm32f4xx_hal_i2c_ex.o
                0x08007124                HAL_I2CEx_ConfigAnalogFilter
                0x08007162                HAL_I2CEx_ConfigDigitalFilter
 .text          0x080071a0     0x28b4 build/stm32f4_HAL/stm32f4xx_hal_tim.o
                0x080072bc                HAL_TIM_Base_MspInit
                0x080072be                HAL_TIM_Base_MspDeInit
                0x080072c0                HAL_TIM_Base_DeInit
                0x0800731e                HAL_TIM_Base_Start
                0x0800738c                HAL_TIM_Base_Stop
                0x080073b4                HAL_TIM_Base_Start_IT
                0x08007428                HAL_TIM_Base_Stop_IT
                0x08007458                HAL_TIM_Base_Start_DMA
                0x08007504                HAL_TIM_Base_Stop_DMA
                0x08007540                HAL_TIM_OC_MspInit
                0x08007542                HAL_TIM_OC_MspDeInit
                0x08007544                HAL_TIM_OC_DeInit
                0x080075a4                HAL_TIM_PWM_MspDeInit
                0x080075a6                HAL_TIM_PWM_DeInit
                0x08007604                HAL_TIM_IC_MspInit
                0x08007606                HAL_TIM_IC_MspDeInit
                0x08007608                HAL_TIM_IC_DeInit
                0x08007666                HAL_TIM_OnePulse_MspInit
                0x08007668                HAL_TIM_OnePulse_MspDeInit
                0x0800766a                HAL_TIM_OnePulse_DeInit
                0x080076b8                HAL_TIM_OnePulse_Start
                0x0800773c                HAL_TIM_OnePulse_Stop
                0x080077b8                HAL_TIM_OnePulse_Start_IT
                0x0800784c                HAL_TIM_OnePulse_Stop_IT
                0x080078d8                HAL_TIM_Encoder_MspInit
                0x080078da                HAL_TIM_Encoder_MspDeInit
                0x080078dc                HAL_TIM_Encoder_DeInit
                0x0800792a                HAL_TIM_Encoder_Start
                0x080079e2                HAL_TIM_Encoder_Stop
                0x08007a56                HAL_TIM_Encoder_Start_IT
                0x08007b36                HAL_TIM_Encoder_Stop_IT
                0x08007bce                HAL_TIM_Encoder_Start_DMA
                0x08007d90                HAL_TIM_Encoder_Stop_DMA
                0x08007e46                HAL_TIM_DMABurst_MultiWriteStart
                0x08007f18                HAL_TIM_DMABurst_WriteStart
                0x08007f2c                HAL_TIM_DMABurst_MultiReadStart
                0x08008000                HAL_TIM_DMABurst_ReadStart
                0x08008014                HAL_TIM_DMABurst_ReadStop
                0x0800807c                HAL_TIM_DMABurst_WriteStop
                0x08008080                HAL_TIM_GenerateEvent
                0x080080a4                HAL_TIM_ConfigTI1Input
                0x080080b4                HAL_TIM_ReadCapturedValue
                0x080080e6                HAL_TIM_PeriodElapsedCallback
                0x080080fe                HAL_TIM_PeriodElapsedHalfCpltCallback
                0x0800810a                HAL_TIM_OC_DelayElapsedCallback
                0x0800810c                HAL_TIM_IC_CaptureCallback
                0x0800810e                TIM_DMACaptureCplt
                0x08008182                HAL_TIM_IC_CaptureHalfCpltCallback
                0x08008184                TIM_DMACaptureHalfCplt
                0x080081bc                HAL_TIM_PWM_PulseFinishedCallback
                0x08008222                HAL_TIM_PWM_PulseFinishedHalfCpltCallback
                0x08008224                TIM_DMADelayPulseHalfCplt
                0x0800825c                HAL_TIM_TriggerCallback
                0x0800825e                HAL_TIM_IRQHandler
                0x080083b8                HAL_TIM_TriggerHalfCpltCallback
                0x080083c4                HAL_TIM_ErrorCallback
                0x080083c6                TIM_DMAError
                0x0800841e                HAL_TIM_Base_GetState
                0x08008424                HAL_TIM_OC_GetState
                0x0800842a                HAL_TIM_PWM_GetState
                0x08008430                HAL_TIM_IC_GetState
                0x08008436                HAL_TIM_OnePulse_GetState
                0x0800843c                HAL_TIM_Encoder_GetState
                0x08008442                HAL_TIM_GetActiveChannel
                0x08008446                HAL_TIM_GetChannelState
                0x08008468                HAL_TIM_DMABurstState
                0x0800846e                TIM_Base_SetConfig
                0x08008538                HAL_TIM_Base_Init
                0x08008590                HAL_TIM_OC_Init
                0x080085e8                HAL_TIM_PWM_Init
                0x08008640                HAL_TIM_IC_Init
                0x08008698                HAL_TIM_OnePulse_Init
                0x080086f2                HAL_TIM_Encoder_Init
                0x0800879c                TIM_OC2_SetConfig
                0x0800880c                HAL_TIM_OC_ConfigChannel
                0x08008864                HAL_TIM_PWM_ConfigChannel
                0x08008926                TIM_TI1_SetConfig
                0x0800899c                HAL_TIM_IC_ConfigChannel
                0x08008ab6                HAL_TIM_OnePulse_ConfigChannel
                0x08008bb6                TIM_ETR_SetConfig
                0x08008bca                HAL_TIM_ConfigOCrefClear
                0x08008ca0                HAL_TIM_ConfigClockSource
                0x08008e92                HAL_TIM_SlaveConfigSynchro
                0x08008ee0                HAL_TIM_SlaveConfigSynchro_IT
                0x08008f2e                TIM_CCxChannelCmd
                0x08008f4c                HAL_TIM_PWM_Start
                0x08009018                HAL_TIM_OC_Start
                0x0800901c                HAL_TIM_PWM_Stop
                0x0800909c                HAL_TIM_OC_Stop
                0x080090a0                HAL_TIM_PWM_Start_IT
                0x080091a4                HAL_TIM_OC_Start_IT
                0x080091a8                HAL_TIM_PWM_Stop_IT
                0x08009264                HAL_TIM_OC_Stop_IT
                0x08009268                HAL_TIM_PWM_Start_DMA
                0x08009428                HAL_TIM_OC_Start_DMA
                0x0800942c                HAL_TIM_PWM_Stop_DMA
                0x080094fc                HAL_TIM_OC_Stop_DMA
                0x08009500                HAL_TIM_IC_Start
                0x080095dc                HAL_TIM_IC_Stop
                0x0800963c                HAL_TIM_IC_Start_IT
                0x08009750                HAL_TIM_IC_Stop_IT
                0x080097ec                HAL_TIM_IC_Start_DMA
                0x080099a0                HAL_TIM_IC_Stop_DMA
 .text          0x08009a54      0xe0c build/stm32f4_HAL/stm32f4xx_hal_tim_ex.o
                0x08009b18                HAL_TIMEx_HallSensor_MspInit
                0x08009b1a                HAL_TIMEx_HallSensor_Init
                0x08009bdc                HAL_TIMEx_HallSensor_MspDeInit
                0x08009bde                HAL_TIMEx_HallSensor_DeInit
                0x08009c2c                HAL_TIMEx_HallSensor_Start
                0x08009cd0                HAL_TIMEx_HallSensor_Stop
                0x08009d12                HAL_TIMEx_HallSensor_Start_IT
                0x08009dc0                HAL_TIMEx_HallSensor_Stop_IT
                0x08009e0a                HAL_TIMEx_HallSensor_Start_DMA
                0x08009ed8                HAL_TIMEx_HallSensor_Stop_DMA
                0x08009f22                HAL_TIMEx_PWMN_Start
                0x08009fdc                HAL_TIMEx_OCN_Start
                0x08009fe0                HAL_TIMEx_PWMN_Stop
                0x0800a04c                HAL_TIMEx_OCN_Stop
                0x0800a050                HAL_TIMEx_PWMN_Start_IT
                0x0800a140                HAL_TIMEx_OCN_Start_IT
                0x0800a144                HAL_TIMEx_PWMN_Stop_IT
                0x0800a1ec                HAL_TIMEx_OCN_Stop_IT
                0x0800a1f0                HAL_TIMEx_PWMN_Start_DMA
                0x0800a374                HAL_TIMEx_OCN_Start_DMA
                0x0800a378                HAL_TIMEx_PWMN_Stop_DMA
                0x0800a41e                HAL_TIMEx_OCN_Stop_DMA
                0x0800a422                HAL_TIMEx_OnePulseN_Start
                0x0800a490                HAL_TIMEx_OnePulseN_Stop
                0x0800a4fe                HAL_TIMEx_OnePulseN_Start_IT
                0x0800a57c                HAL_TIMEx_OnePulseN_Stop_IT
                0x0800a5fa                HAL_TIMEx_ConfigCommutEvent
                0x0800a654                HAL_TIMEx_ConfigCommutEvent_IT
                0x0800a6ae                HAL_TIMEx_ConfigCommutEvent_DMA
                0x0800a724                HAL_TIMEx_MasterConfigSynchronization
                0x0800a7a8                HAL_TIMEx_ConfigBreakDeadTime
                0x0800a7f6                HAL_TIMEx_RemapConfig
                0x0800a810                HAL_TIMEx_CommutCallback
                0x0800a812                TIMEx_DMACommutationCplt
                0x0800a822                HAL_TIMEx_CommutHalfCpltCallback
                0x0800a824                TIMEx_DMACommutationHalfCplt
                0x0800a834                HAL_TIMEx_BreakCallback
                0x0800a836                HAL_TIMEx_HallSensor_GetState
                0x0800a83c                HAL_TIMEx_GetChannelNState
 .text          0x0800a860        0x0 build/stm32f4_HAL/stm32f4xx_hal_rtc.o
 .text          0x0800a860      0x6d0 build/stm32f4_HAL/stm32f4xx_hal_rcc.o
                0x0800abb0                HAL_RCC_MCOConfig
                0x0800ac44                HAL_RCC_EnableCSS
                0x0800ac50                HAL_RCC_DisableCSS
                0x0800acb8                HAL_RCC_ClockConfig
                0x0800adec                HAL_RCC_GetHCLKFreq
                0x0800adf8                HAL_RCC_GetPCLK1Freq
                0x0800ae18                HAL_RCC_GetPCLK2Freq
                0x0800aed4                HAL_RCC_GetClockConfig
                0x0800af10                HAL_RCC_CSSCallback
                0x0800af12                HAL_RCC_NMI_IRQHandler
 .text          0x0800af30      0xe38 build/stm32f4_HAL/stm32f4xx_hal_rcc_ex.o
                0x0800af30                HAL_RCCEx_PeriphCLKConfig
                0x0800b348                HAL_RCCEx_GetPeriphCLKConfig
                0x0800b448                HAL_RCCEx_GetPeriphCLKFreq
                0x0800b5f0                HAL_RCCEx_SelectLSEMode
                0x0800b608                HAL_RCCEx_EnablePLLI2S
                0x0800b684                HAL_RCCEx_DisablePLLI2S
                0x0800b6b4                HAL_RCCEx_EnablePLLSAI
                0x0800b728                HAL_RCCEx_DisablePLLSAI
                0x0800b758                HAL_RCC_GetSysClockFreq
                0x0800b7e8                HAL_RCC_DeInit
                0x0800b944                HAL_RCC_OscConfig
                0x0800bcc4                HAL_RCC_GetOscConfig
 .text          0x0800bd68      0x1d0 build/stm32f4_HAL/stm32f4xx_hal_pwr.o
                0x0800bd68                HAL_PWR_DeInit
                0x0800bd80                HAL_PWR_EnableBkUpAccess
                0x0800bd9c                HAL_PWR_DisableBkUpAccess
                0x0800bdb8                HAL_PWR_ConfigPVD
                0x0800be2c                HAL_PWR_EnablePVD
                0x0800be38                HAL_PWR_DisablePVD
                0x0800be44                HAL_PWR_EnableWakeUpPin
                0x0800be54                HAL_PWR_DisableWakeUpPin
                0x0800be64                HAL_PWR_EnterSLEEPMode
                0x0800be84                HAL_PWR_EnterSTOPMode
                0x0800bebc                HAL_PWR_EnterSTANDBYMode
                0x0800bedc                HAL_PWR_PVDCallback
                0x0800bede                HAL_PWR_PVD_IRQHandler
                0x0800bef8                HAL_PWR_EnableSleepOnExit
                0x0800bf08                HAL_PWR_DisableSleepOnExit
                0x0800bf18                HAL_PWR_EnableSEVOnPend
                0x0800bf28                HAL_PWR_DisableSEVOnPend
 .text          0x0800bf38      0x294 build/stm32f4_HAL/stm32f4xx_hal_pwr_ex.o
                0x0800bf38                HAL_PWREx_EnableBkUpReg
                0x0800bf6c                HAL_PWREx_DisableBkUpReg
                0x0800bfa0                HAL_PWREx_EnableFlashPowerDown
                0x0800bfac                HAL_PWREx_DisableFlashPowerDown
                0x0800bfb8                HAL_PWREx_GetVoltageRange
                0x0800bfc8                HAL_PWREx_ControlVoltageScaling
                0x0800c078                HAL_PWREx_EnableOverDrive
                0x0800c0f0                HAL_PWREx_DisableOverDrive
                0x0800c164                HAL_PWREx_EnterUnderDriveSTOPMode
 .text          0x0800c1cc      0x2c4 build/stm32f4_HAL/stm32f4xx_hal_cortex.o
                0x0800c1cc                HAL_NVIC_SetPriorityGrouping
                0x0800c1f0                HAL_NVIC_SetPriority
                0x0800c258                HAL_NVIC_EnableIRQ
                0x0800c274                HAL_NVIC_DisableIRQ
                0x0800c29c                HAL_NVIC_SystemReset
                0x0800c2c0                HAL_SYSTICK_Config
                0x0800c2ec                HAL_MPU_Disable
                0x0800c30c                HAL_MPU_Enable
                0x0800c330                HAL_MPU_ConfigRegion
                0x0800c37c                HAL_NVIC_GetPriorityGrouping
                0x0800c38c                HAL_NVIC_GetPriority
                0x0800c3e4                HAL_NVIC_SetPendingIRQ
                0x0800c404                HAL_NVIC_GetPendingIRQ
                0x0800c428                HAL_NVIC_ClearPendingIRQ
                0x0800c448                HAL_NVIC_GetActive
                0x0800c46c                HAL_SYSTICK_CLKSourceConfig
                0x0800c484                HAL_SYSTICK_Callback
                0x0800c486                HAL_SYSTICK_IRQHandler
 .text          0x0800c490     0x191c build/stm32f4_HAL/stm32f4xx_hal_spi.o
                0x0800c676                HAL_SPI_MspInit
                0x0800c678                HAL_SPI_Init
                0x0800c738                HAL_SPI_MspDeInit
                0x0800c73a                HAL_SPI_DeInit
                0x0800c766                HAL_SPI_Transmit
                0x0800c8ea                HAL_SPI_TransmitReceive
                0x0800cb74                HAL_SPI_Receive
                0x0800cd44                HAL_SPI_Transmit_IT
                0x0800cdf0                HAL_SPI_TransmitReceive_IT
                0x0800ceb8                HAL_SPI_Receive_IT
                0x0800cf84                HAL_SPI_Transmit_DMA
                0x0800d064                HAL_SPI_TransmitReceive_DMA
                0x0800d188                HAL_SPI_Receive_DMA
                0x0800d284                HAL_SPI_Abort
                0x0800d3a8                HAL_SPI_DMAPause
                0x0800d3c8                HAL_SPI_DMAResume
                0x0800d3e8                HAL_SPI_DMAStop
                0x0800d42e                HAL_SPI_TxCpltCallback
                0x0800d430                HAL_SPI_RxCpltCallback
                0x0800d432                HAL_SPI_TxRxCpltCallback
                0x0800d434                HAL_SPI_TxHalfCpltCallback
                0x0800d440                HAL_SPI_RxHalfCpltCallback
                0x0800d44c                HAL_SPI_TxRxHalfCpltCallback
                0x0800d458                HAL_SPI_ErrorCallback
                0x0800da7c                HAL_SPI_IRQHandler
                0x0800db84                HAL_SPI_AbortCpltCallback
                0x0800db86                HAL_SPI_Abort_IT
                0x0800dda0                HAL_SPI_GetState
                0x0800dda6                HAL_SPI_GetError
 .text          0x0800ddac        0x0 build/FreeRTOS/croutine.o
 .text          0x0800ddac      0x268 build/FreeRTOS/event_groups.o
                0x0800ddac                xEventGroupCreateStatic
                0x0800ddc4                xEventGroupCreate
                0x0800dde0                xEventGroupWaitBits
                0x0800de98                xEventGroupClearBits
                0x0800deb2                vEventGroupClearBitsCallback
                0x0800deb6                xEventGroupClearBitsFromISR
                0x0800dec8                xEventGroupGetBitsFromISR
                0x0800dee4                xEventGroupSetBits
                0x0800df3c                xEventGroupSync
                0x0800dfc8                vEventGroupSetBitsCallback
                0x0800dfcc                vEventGroupDelete
                0x0800dff6                xEventGroupSetBitsFromISR
                0x0800e008                uxEventGroupGetNumber
                0x0800e00e                vEventGroupSetNumber
 .text          0x0800e014       0x86 build/FreeRTOS/list.o
                0x0800e014                vListInitialise
                0x0800e02a                vListInitialiseItem
                0x0800e030                vListInsertEnd
                0x0800e048                vListInsert
                0x0800e078                uxListRemove
 *fill*         0x0800e09a        0x2 
 .text          0x0800e09c      0x8e0 build/FreeRTOS/queue.o
                0x0800e1b8                xQueueGenericReset
                0x0800e224                xQueueGenericCreateStatic
                0x0800e250                xQueueGenericCreate
                0x0800e28a                xQueueGetMutexHolder
                0x0800e2a4                xQueueGetMutexHolderFromISR
                0x0800e2b0                xQueueCreateCountingSemaphoreStatic
                0x0800e2ca                xQueueCreateCountingSemaphore
                0x0800e2dc                xQueueGenericSend
                0x0800e3e8                xQueueCreateMutex
                0x0800e3fe                xQueueCreateMutexStatic
                0x0800e41a                xQueueGiveMutexRecursive
                0x0800e444                xQueueGenericSendFromISR
                0x0800e4a8                xQueueGiveFromISR
                0x0800e4fe                xQueueReceive
                0x0800e5f4                xQueueSemaphoreTake
                0x0800e724                xQueueTakeMutexRecursive
                0x0800e750                xQueuePeek
                0x0800e844                xQueueReceiveFromISR
                0x0800e8a8                xQueuePeekFromISR
                0x0800e8d8                uxQueueMessagesWaiting
                0x0800e8ea                uxQueueSpacesAvailable
                0x0800e900                uxQueueMessagesWaitingFromISR
                0x0800e904                vQueueDelete
                0x0800e910                uxQueueGetQueueNumber
                0x0800e914                vQueueSetQueueNumber
                0x0800e918                ucQueueGetQueueType
                0x0800e91e                xQueueIsQueueEmptyFromISR
                0x0800e928                xQueueIsQueueFullFromISR
                0x0800e934                vQueueWaitForMessageRestricted
 .text          0x0800e97c     0x12ec build/FreeRTOS/tasks.o
                0x0800ec60                xTaskCreateStatic
                0x0800ec96                xTaskCreate
                0x0800ecf2                vTaskDelete
                0x0800ed78                eTaskGetState
                0x0800ede8                uxTaskPriorityGet
                0x0800ee04                uxTaskPriorityGetFromISR
                0x0800ee2c                vTaskPrioritySet
                0x0800eee0                vTaskResume
                0x0800ef5c                xTaskResumeFromISR
                0x0800efe4                vTaskStartScheduler
                0x0800f05c                vTaskEndScheduler
                0x0800f07c                vTaskSuspendAll
                0x0800f090                xTaskGetTickCount
                0x0800f09c                xTaskGetTickCountFromISR
                0x0800f0a8                uxTaskGetNumberOfTasks
                0x0800f0b4                pcTaskGetName
                0x0800f0c4                xTaskIncrementTick
                0x0800f1ac                xTaskResumeAll
                0x0800f26c                vTaskDelayUntil
                0x0800f2c8                vTaskDelay
                0x0800f2f8                xTaskCatchUpTicks
                0x0800f318                vTaskSwitchContext
                0x0800f37c                vTaskSuspend
                0x0800f410                vTaskPlaceOnEventList
                0x0800f430                vTaskPlaceOnUnorderedEventList
                0x0800f458                vTaskPlaceOnEventListRestricted
                0x0800f480                xTaskRemoveFromEventList
                0x0800f4e4                vTaskRemoveFromUnorderedEventList
                0x0800f534                vTaskSetTimeOutState
                0x0800f558                vTaskInternalSetTimeOutState
                0x0800f56c                xTaskCheckForTimeOut
                0x0800f5bc                vTaskMissedYield
                0x0800f5cc                uxTaskGetTaskNumber
                0x0800f5d2                vTaskSetTaskNumber
                0x0800f5d8                vTaskGetInfo
                0x0800f6ae                uxTaskGetSystemState
                0x0800f74c                uxTaskGetStackHighWaterMark
                0x0800f76c                xTaskGetCurrentTaskHandle
                0x0800f778                xTaskGetSchedulerState
                0x0800f798                xTaskPriorityInherit
                0x0800f818                xTaskPriorityDisinherit
                0x0800f870                vTaskPriorityDisinheritAfterTimeout
                0x0800f8d8                uxTaskResetEventItemValue
                0x0800f8f0                pvTaskIncrementMutexHeldCount
                0x0800f908                ulTaskNotifyTake
                0x0800f974                xTaskNotifyWait
                0x0800fa0c                xTaskGenericNotify
                0x0800fab8                xTaskGenericNotifyFromISR
                0x0800fb78                vTaskNotifyGiveFromISR
                0x0800fc0c                xTaskNotifyStateClear
                0x0800fc38                ulTaskNotifyValueClear
 .text          0x0800fc68      0x494 build/FreeRTOS/timers.o
                0x0800fce4                xTimerCreateTimerTask
                0x0800fd34                xTimerCreate
                0x0800fd7a                xTimerCreateStatic
                0x0800fdba                xTimerGenericCommand
                0x08010010                xTimerGetTimerDaemonTaskHandle
                0x0801001c                xTimerGetPeriod
                0x08010020                vTimerSetReloadMode
                0x08010046                uxTimerGetReloadMode
                0x0801005e                xTimerGetExpiryTime
                0x08010062                pcTimerGetName
                0x08010066                xTimerIsTimerActive
                0x0801007e                pvTimerGetTimerID
                0x08010090                vTimerSetTimerID
                0x080100a4                xTimerPendFunctionCallFromISR
                0x080100cc                xTimerPendFunctionCall
                0x080100f4                uxTimerGetTimerNumber
                0x080100f8                vTimerSetTimerNumber
 .text          0x080100fc      0x524 build/FreeRTOS/stream_buffer.o
                0x080101da                xStreamBufferGenericCreate
                0x08010212                xStreamBufferGenericCreateStatic
                0x08010252                vStreamBufferDelete
                0x08010264                xStreamBufferReset
                0x080102ae                xStreamBufferSetTriggerLevel
                0x080102c2                xStreamBufferSpacesAvailable
                0x080102d6                xStreamBufferBytesAvailable
                0x080102d8                xStreamBufferSend
                0x08010390                xStreamBufferSendFromISR
                0x080103fe                xStreamBufferReceive
                0x080104b6                xStreamBufferNextMessageLengthBytes
                0x080104e4                xStreamBufferReceiveFromISR
                0x08010578                xStreamBufferIsEmpty
                0x08010584                xStreamBufferIsFull
                0x080105a0                xStreamBufferSendCompletedFromISR
                0x080105d8                xStreamBufferReceiveCompletedFromISR
                0x08010610                uxStreamBufferGetStreamBufferNumber
                0x08010614                vStreamBufferSetStreamBufferNumber
                0x08010618                ucStreamBufferGetStreamBufferType
 .text          0x08010620     0x1020 build/FreeRTOS/cmsis_os2.o
                0x08010634                SysTick_Handler
                0x08010650                osKernelInitialize
                0x08010674                osKernelGetInfo
                0x080106a0                osKernelGetState
                0x080106c4                osKernelStart
                0x080106f8                osKernelLock
                0x08010722                osKernelUnlock
                0x0801075c                osKernelRestoreLock
                0x080107a0                osKernelGetTickCount
                0x080107ae                osKernelGetTickFreq
                0x080107b4                OS_Tick_GetCount
                0x080107c4                OS_Tick_GetOverflow
                0x080107d4                OS_Tick_GetInterval
                0x080107e0                osKernelGetSysTimerCount
                0x08010828                osKernelGetSysTimerFreq
                0x08010834                osThreadNew
                0x080108c0                osThreadGetName
                0x080108d0                osThreadGetId
                0x080108d4                osThreadGetState
                0x08010906                osThreadGetStackSpace
                0x0801091e                osThreadSetPriority
                0x08010942                osThreadGetPriority
                0x08010954                osThreadYield
                0x08010978                osThreadSuspend
                0x08010996                osThreadResume
                0x080109b4                osThreadExit
                0x080109be                osThreadTerminate
                0x080109ee                osThreadGetCount
                0x080109fc                osThreadEnumerate
                0x08010a64                osThreadFlagsSet
                0x08010adc                osThreadFlagsClear
                0x08010b2a                osThreadFlagsGet
                0x08010b56                osThreadFlagsWait
                0x08010bee                osDelay
                0x08010c08                osDelayUntil
                0x08010c36                osTimerNew
                0x08010ca4                osTimerGetName
                0x08010cb4                osTimerStart
                0x08010ce2                osTimerStop
                0x08010d22                osTimerIsRunning
                0x08010d32                osTimerDelete
                0x08010d74                osEventFlagsNew
                0x08010d96                osEventFlagsSet
                0x08010de8                osEventFlagsClear
                0x08010e24                osEventFlagsGet
                0x08010e36                osEventFlagsWait
                0x08010e8a                osEventFlagsDelete
                0x08010ea8                osMutexNew
                0x08010f0a                osMutexAcquire
                0x08010f4e                osMutexRelease
                0x08010f8a                osMutexGetOwner
                0x08010f9e                osMutexDelete
                0x08010fc0                osSemaphoreNew
                0x08011044                osSemaphoreAcquire
                0x0801109c                osSemaphoreRelease
                0x080110f0                osMessageQueueNew
                0x08011154                osMessageQueuePut
                0x080111b8                osMessageQueueGet
                0x08011218                osMessageQueueGetCapacity
                0x0801121e                osMessageQueueGetMsgSize
                0x08011224                osMessageQueueGetCount
                0x08011236                osSemaphoreGetCount
                0x0801123a                osMessageQueueGetSpace
                0x0801126a                osMessageQueueReset
                0x0801128a                osMessageQueueDelete
                0x080112a8                osSemaphoreDelete
                0x080112ac                osMemoryPoolNew
                0x080113a0                osMemoryPoolGetName
                0x080113b0                osMemoryPoolAlloc
                0x0801145c                osMemoryPoolFree
                0x08011518                osMemoryPoolGetCapacity
                0x08011534                osMemoryPoolGetBlockSize
                0x08011550                osMemoryPoolGetCount
                0x08011584                osMemoryPoolGetSpace
                0x080115ac                osMemoryPoolDelete
                0x08011608                vApplicationGetIdleTaskMemory
                0x08011624                vApplicationGetTimerTaskMemory
 .text          0x08011640       0xe0 build/FreeRTOS/os_systick.o
                0x08011640                OS_Tick_Setup
                0x08011680                OS_Tick_Enable
                0x080116ac                OS_Tick_Disable
                0x080116d8                OS_Tick_AcknowledgeIRQ
                0x080116e4                OS_Tick_GetIRQn
                0x080116ea                OS_Tick_GetClock
 .text          0x08011720       0x8c build/FreeRTOS/heap_useNewlib.o
                0x08011720                sbrk
                0x08011770                _sbrk
                0x08011774                __malloc_lock
                0x08011778                __malloc_unlock
                0x0801177c                __env_lock
                0x08011780                __env_unlock
                0x08011784                pvPortMalloc
                0x08011788                vPortFree
                0x0801178c                xPortGetFreeHeapSize
                0x080117a8                vPortInitialiseBlocks
 *fill*         0x080117ac        0x4 
 .text          0x080117b0      0x1f8 build/FreeRTOS/port.o
                0x08011800                pxPortInitialiseStack
                0x0801182c                SVC_Handler
                0x08011854                vPortEndScheduler
                0x08011856                vPortEnterCritical
                0x08011874                vPortExitCritical
                0x08011888                PendSV_Handler
                0x080118f4                xPortSysTickHandler
                0x08011924                vPortSetupTimerInterrupt
                0x08011958                xPortStartScheduler
 .text          0x080119a8        0x0 /home/jc/stm32_libraries/crosstools/gcc-arm-none-eabi-5_4-2016q3/bin/../lib/gcc/arm-none-eabi/5.4.1/../../../../arm-none-eabi/lib/armv7e-m/fpu/libm.a(lib_a-wf_exp.o)
 .text          0x080119a8        0x0 /home/jc/stm32_libraries/crosstools/gcc-arm-none-eabi-5_4-2016q3/bin/../lib/gcc/arm-none-eabi/5.4.1/../../../../arm-none-eabi/lib/armv7e-m/fpu/libm.a(lib_a-ef_exp.o)
 .text          0x080119a8        0x0 /home/jc/stm32_libraries/crosstools/gcc-arm-none-eabi-5_4-2016q3/bin/../lib/gcc/arm-none-eabi/5.4.1/../../../../arm-none-eabi/lib/armv7e-m/fpu/libm.a(lib_a-s_lib_ver.o)
 .text          0x080119a8        0x0 /home/jc/stm32_libraries/crosstools/gcc-arm-none-eabi-5_4-2016q3/bin/../lib/gcc/arm-none-eabi/5.4.1/../../../../arm-none-eabi/lib/armv7e-m/fpu/libm.a(lib_a-s_matherr.o)
 .text          0x080119a8        0x0 /home/jc/stm32_libraries/crosstools/gcc-arm-none-eabi-5_4-2016q3/bin/../lib/gcc/arm-none-eabi/5.4.1/../../../../arm-none-eabi/lib/armv7e-m/fpu/libm.a(lib_a-sf_finite.o)
 .text          0x080119a8      0x370 /home/jc/stm32_libraries/crosstools/gcc-arm-none-eabi-5_4-2016q3/bin/../lib/gcc/arm-none-eabi/5.4.1/armv7e-m/fpu/libgcc.a(_arm_addsubdf3.o)
                0x080119a8                __aeabi_drsub
                0x080119b0                __aeabi_dsub
                0x080119b0                __subdf3
                0x080119b4                __adddf3
                0x080119b4                __aeabi_dadd
                0x08011c2c                __aeabi_ui2d
                0x08011c2c                __floatunsidf
                0x08011c4c                __floatsidf
                0x08011c4c                __aeabi_i2d
                0x08011c70                __extendsfdf2
                0x08011c70                __aeabi_f2d
                0x08011cac                __aeabi_ul2d
                0x08011cac                __floatundidf
                0x08011cbc                __floatdidf
                0x08011cbc                __aeabi_l2d
 .text          0x08011d18       0xa0 /home/jc/stm32_libraries/crosstools/gcc-arm-none-eabi-5_4-2016q3/bin/../lib/gcc/arm-none-eabi/5.4.1/armv7e-m/fpu/libgcc.a(_arm_truncdfsf2.o)
                0x08011d18                __aeabi_d2f
                0x08011d18                __truncdfsf2
 .text          0x08011db8       0x30 /home/jc/stm32_libraries/crosstools/gcc-arm-none-eabi-5_4-2016q3/bin/../lib/gcc/arm-none-eabi/5.4.1/armv7e-m/fpu/libgcc.a(_aeabi_uldivmod.o)
                0x08011db8                __aeabi_uldivmod
 .text          0x08011de8      0x2e4 /home/jc/stm32_libraries/crosstools/gcc-arm-none-eabi-5_4-2016q3/bin/../lib/gcc/arm-none-eabi/5.4.1/armv7e-m/fpu/libgcc.a(_udivmoddi4.o)
                0x08011de8                __udivmoddi4
 .text          0x080120cc        0x4 /home/jc/stm32_libraries/crosstools/gcc-arm-none-eabi-5_4-2016q3/bin/../lib/gcc/arm-none-eabi/5.4.1/armv7e-m/fpu/libgcc.a(_dvmd_tls.o)
                0x080120cc                __aeabi_ldiv0
                0x080120cc                __aeabi_idiv0
 .text          0x080120d0        0x0 /home/jc/stm32_libraries/crosstools/gcc-arm-none-eabi-5_4-2016q3/bin/../lib/gcc/arm-none-eabi/5.4.1/../../../../arm-none-eabi/lib/armv7e-m/fpu/libc_nano.a(lib_a-atof.o)
 .text          0x080120d0        0x0 /home/jc/stm32_libraries/crosstools/gcc-arm-none-eabi-5_4-2016q3/bin/../lib/gcc/arm-none-eabi/5.4.1/../../../../arm-none-eabi/lib/armv7e-m/fpu/libc_nano.a(lib_a-atoi.o)
 .text          0x080120d0        0x0 /home/jc/stm32_libraries/crosstools/gcc-arm-none-eabi-5_4-2016q3/bin/../lib/gcc/arm-none-eabi/5.4.1/../../../../arm-none-eabi/lib/armv7e-m/fpu/libc_nano.a(lib_a-errno.o)
 .text          0x080120d0        0x0 /home/jc/stm32_libraries/crosstools/gcc-arm-none-eabi-5_4-2016q3/bin/../lib/gcc/arm-none-eabi/5.4.1/../../../../arm-none-eabi/lib/armv7e-m/fpu/libc_nano.a(lib_a-exit.o)
 .text          0x080120d0        0x0 /home/jc/stm32_libraries/crosstools/gcc-arm-none-eabi-5_4-2016q3/bin/../lib/gcc/arm-none-eabi/5.4.1/../../../../arm-none-eabi/lib/armv7e-m/fpu/libc_nano.a(lib_a-impure.o)
 .text          0x080120d0        0x0 /home/jc/stm32_libraries/crosstools/gcc-arm-none-eabi-5_4-2016q3/bin/../lib/gcc/arm-none-eabi/5.4.1/../../../../arm-none-eabi/lib/armv7e-m/fpu/libc_nano.a(lib_a-init.o)
 .text          0x080120d0        0x0 /home/jc/stm32_libraries/crosstools/gcc-arm-none-eabi-5_4-2016q3/bin/../lib/gcc/arm-none-eabi/5.4.1/../../../../arm-none-eabi/lib/armv7e-m/fpu/libc_nano.a(lib_a-locale.o)
 .text          0x080120d0        0x0 /home/jc/stm32_libraries/crosstools/gcc-arm-none-eabi-5_4-2016q3/bin/../lib/gcc/arm-none-eabi/5.4.1/../../../../arm-none-eabi/lib/armv7e-m/fpu/libc_nano.a(lib_a-malloc.o)
 .text          0x080120d0        0x0 /home/jc/stm32_libraries/crosstools/gcc-arm-none-eabi-5_4-2016q3/bin/../lib/gcc/arm-none-eabi/5.4.1/../../../../arm-none-eabi/lib/armv7e-m/fpu/libc_nano.a(lib_a-mbtowc_r.o)
 .text          0x080120d0        0x0 /home/jc/stm32_libraries/crosstools/gcc-arm-none-eabi-5_4-2016q3/bin/../lib/gcc/arm-none-eabi/5.4.1/../../../../arm-none-eabi/lib/armv7e-m/fpu/libc_nano.a(lib_a-memcpy-stub.o)
 .text          0x080120d0        0x0 /home/jc/stm32_libraries/crosstools/gcc-arm-none-eabi-5_4-2016q3/bin/../lib/gcc/arm-none-eabi/5.4.1/../../../../arm-none-eabi/lib/armv7e-m/fpu/libc_nano.a(lib_a-memset.o)
 .text          0x080120d0        0x0 /home/jc/stm32_libraries/crosstools/gcc-arm-none-eabi-5_4-2016q3/bin/../lib/gcc/arm-none-eabi/5.4.1/../../../../arm-none-eabi/lib/armv7e-m/fpu/libc_nano.a(lib_a-mstats.o)
 .text          0x080120d0        0x0 /home/jc/stm32_libraries/crosstools/gcc-arm-none-eabi-5_4-2016q3/bin/../lib/gcc/arm-none-eabi/5.4.1/../../../../arm-none-eabi/lib/armv7e-m/fpu/libc_nano.a(lib_a-nano-freer.o)
 .text          0x080120d0        0x0 /home/jc/stm32_libraries/crosstools/gcc-arm-none-eabi-5_4-2016q3/bin/../lib/gcc/arm-none-eabi/5.4.1/../../../../arm-none-eabi/lib/armv7e-m/fpu/libc_nano.a(lib_a-nano-mallinfor.o)
 .text          0x080120d0        0x0 /home/jc/stm32_libraries/crosstools/gcc-arm-none-eabi-5_4-2016q3/bin/../lib/gcc/arm-none-eabi/5.4.1/../../../../arm-none-eabi/lib/armv7e-m/fpu/libc_nano.a(lib_a-nano-mallocr.o)
 .text          0x080120d0        0x0 /home/jc/stm32_libraries/crosstools/gcc-arm-none-eabi-5_4-2016q3/bin/../lib/gcc/arm-none-eabi/5.4.1/../../../../arm-none-eabi/lib/armv7e-m/fpu/libc_nano.a(lib_a-nano-malloptr.o)
 .text          0x080120d0        0x0 /home/jc/stm32_libraries/crosstools/gcc-arm-none-eabi-5_4-2016q3/bin/../lib/gcc/arm-none-eabi/5.4.1/../../../../arm-none-eabi/lib/armv7e-m/fpu/libc_nano.a(lib_a-nano-mallstatsr.o)
 .text          0x080120d0        0x0 /home/jc/stm32_libraries/crosstools/gcc-arm-none-eabi-5_4-2016q3/bin/../lib/gcc/arm-none-eabi/5.4.1/../../../../arm-none-eabi/lib/armv7e-m/fpu/libc_nano.a(lib_a-nano-vfprintf_float.o)
 .text          0x080120d0        0x0 /home/jc/stm32_libraries/crosstools/gcc-arm-none-eabi-5_4-2016q3/bin/../lib/gcc/arm-none-eabi/5.4.1/../../../../arm-none-eabi/lib/armv7e-m/fpu/libc_nano.a(lib_a-nano-vfprintf_i.o)
 .text          0x080120d0        0x0 /home/jc/stm32_libraries/crosstools/gcc-arm-none-eabi-5_4-2016q3/bin/../lib/gcc/arm-none-eabi/5.4.1/../../../../arm-none-eabi/lib/armv7e-m/fpu/libc_nano.a(lib_a-nano-vfscanf_float.o)
 .text          0x080120d0        0x0 /home/jc/stm32_libraries/crosstools/gcc-arm-none-eabi-5_4-2016q3/bin/../lib/gcc/arm-none-eabi/5.4.1/../../../../arm-none-eabi/lib/armv7e-m/fpu/libc_nano.a(lib_a-printf.o)
 .text          0x080120d0        0x0 /home/jc/stm32_libraries/crosstools/gcc-arm-none-eabi-5_4-2016q3/bin/../lib/gcc/arm-none-eabi/5.4.1/../../../../arm-none-eabi/lib/armv7e-m/fpu/libc_nano.a(lib_a-reent.o)
 .text          0x080120d0        0x0 /home/jc/stm32_libraries/crosstools/gcc-arm-none-eabi-5_4-2016q3/bin/../lib/gcc/arm-none-eabi/5.4.1/../../../../arm-none-eabi/lib/armv7e-m/fpu/libc_nano.a(lib_a-rget.o)
 .text          0x080120d0        0x0 /home/jc/stm32_libraries/crosstools/gcc-arm-none-eabi-5_4-2016q3/bin/../lib/gcc/arm-none-eabi/5.4.1/../../../../arm-none-eabi/lib/armv7e-m/fpu/libc_nano.a(lib_a-sbrkr.o)
 .text          0x080120d0        0x0 /home/jc/stm32_libraries/crosstools/gcc-arm-none-eabi-5_4-2016q3/bin/../lib/gcc/arm-none-eabi/5.4.1/../../../../arm-none-eabi/lib/armv7e-m/fpu/libc_nano.a(lib_a-setvbuf.o)
 .text          0x080120d0        0x0 /home/jc/stm32_libraries/crosstools/gcc-arm-none-eabi-5_4-2016q3/bin/../lib/gcc/arm-none-eabi/5.4.1/../../../../arm-none-eabi/lib/armv7e-m/fpu/libc_nano.a(lib_a-sf_nan.o)
 .text          0x080120d0        0x0 /home/jc/stm32_libraries/crosstools/gcc-arm-none-eabi-5_4-2016q3/bin/../lib/gcc/arm-none-eabi/5.4.1/../../../../arm-none-eabi/lib/armv7e-m/fpu/libc_nano.a(lib_a-sprintf.o)
 .text          0x080120d0       0x14 /home/jc/stm32_libraries/crosstools/gcc-arm-none-eabi-5_4-2016q3/bin/../lib/gcc/arm-none-eabi/5.4.1/../../../../arm-none-eabi/lib/armv7e-m/fpu/libc_nano.a(lib_a-strcmp.o)
                0x080120d0                strcmp
 .text          0x080120e4       0x10 /home/jc/stm32_libraries/crosstools/gcc-arm-none-eabi-5_4-2016q3/bin/../lib/gcc/arm-none-eabi/5.4.1/../../../../arm-none-eabi/lib/armv7e-m/fpu/libc_nano.a(lib_a-strlen.o)
                0x080120e4                strlen
 .text          0x080120f4        0x0 /home/jc/stm32_libraries/crosstools/gcc-arm-none-eabi-5_4-2016q3/bin/../lib/gcc/arm-none-eabi/5.4.1/../../../../arm-none-eabi/lib/armv7e-m/fpu/libc_nano.a(lib_a-strtod.o)
 .text          0x080120f4        0x0 /home/jc/stm32_libraries/crosstools/gcc-arm-none-eabi-5_4-2016q3/bin/../lib/gcc/arm-none-eabi/5.4.1/../../../../arm-none-eabi/lib/armv7e-m/fpu/libc_nano.a(lib_a-strtol.o)
 .text          0x080120f4        0x0 /home/jc/stm32_libraries/crosstools/gcc-arm-none-eabi-5_4-2016q3/bin/../lib/gcc/arm-none-eabi/5.4.1/../../../../arm-none-eabi/lib/armv7e-m/fpu/libc_nano.a(lib_a-vprintf.o)
 .text          0x080120f4        0x0 /home/jc/stm32_libraries/crosstools/gcc-arm-none-eabi-5_4-2016q3/bin/../lib/gcc/arm-none-eabi/5.4.1/../../../../arm-none-eabi/lib/armv7e-m/fpu/libc_nano.a(lib_a-wctomb_r.o)
 .text          0x080120f4        0x0 /home/jc/stm32_libraries/crosstools/gcc-arm-none-eabi-5_4-2016q3/bin/../lib/gcc/arm-none-eabi/5.4.1/../../../../arm-none-eabi/lib/armv7e-m/fpu/libc_nano.a(lib_a-ctype_.o)
 .text          0x080120f4        0x0 /home/jc/stm32_libraries/crosstools/gcc-arm-none-eabi-5_4-2016q3/bin/../lib/gcc/arm-none-eabi/5.4.1/../../../../arm-none-eabi/lib/armv7e-m/fpu/libc_nano.a(lib_a-dtoa.o)
 .text          0x080120f4        0x0 /home/jc/stm32_libraries/crosstools/gcc-arm-none-eabi-5_4-2016q3/bin/../lib/gcc/arm-none-eabi/5.4.1/../../../../arm-none-eabi/lib/armv7e-m/fpu/libc_nano.a(lib_a-fflush.o)
 .text          0x080120f4        0x0 /home/jc/stm32_libraries/crosstools/gcc-arm-none-eabi-5_4-2016q3/bin/../lib/gcc/arm-none-eabi/5.4.1/../../../../arm-none-eabi/lib/armv7e-m/fpu/libc_nano.a(lib_a-findfp.o)
 .text          0x080120f4        0x0 /home/jc/stm32_libraries/crosstools/gcc-arm-none-eabi-5_4-2016q3/bin/../lib/gcc/arm-none-eabi/5.4.1/../../../../arm-none-eabi/lib/armv7e-m/fpu/libc_nano.a(lib_a-fprintf.o)
 .text          0x080120f4        0x0 /home/jc/stm32_libraries/crosstools/gcc-arm-none-eabi-5_4-2016q3/bin/../lib/gcc/arm-none-eabi/5.4.1/../../../../arm-none-eabi/lib/armv7e-m/fpu/libc_nano.a(lib_a-fwalk.o)
 .text          0x080120f4        0x0 /home/jc/stm32_libraries/crosstools/gcc-arm-none-eabi-5_4-2016q3/bin/../lib/gcc/arm-none-eabi/5.4.1/../../../../arm-none-eabi/lib/armv7e-m/fpu/libc_nano.a(lib_a-gdtoa-gethex.o)
 .text          0x080120f4        0x0 /home/jc/stm32_libraries/crosstools/gcc-arm-none-eabi-5_4-2016q3/bin/../lib/gcc/arm-none-eabi/5.4.1/../../../../arm-none-eabi/lib/armv7e-m/fpu/libc_nano.a(lib_a-gdtoa-hexnan.o)
 .text          0x080120f4        0x0 /home/jc/stm32_libraries/crosstools/gcc-arm-none-eabi-5_4-2016q3/bin/../lib/gcc/arm-none-eabi/5.4.1/../../../../arm-none-eabi/lib/armv7e-m/fpu/libc_nano.a(lib_a-localeconv.o)
 .text          0x080120f4        0x0 /home/jc/stm32_libraries/crosstools/gcc-arm-none-eabi-5_4-2016q3/bin/../lib/gcc/arm-none-eabi/5.4.1/../../../../arm-none-eabi/lib/armv7e-m/fpu/libc_nano.a(lib_a-makebuf.o)
 *fill*         0x080120f4        0xc 
 .text          0x08012100       0xa0 /home/jc/stm32_libraries/crosstools/gcc-arm-none-eabi-5_4-2016q3/bin/../lib/gcc/arm-none-eabi/5.4.1/../../../../arm-none-eabi/lib/armv7e-m/fpu/libc_nano.a(lib_a-memchr.o)
                0x08012100                memchr
 .text          0x080121a0        0x0 /home/jc/stm32_libraries/crosstools/gcc-arm-none-eabi-5_4-2016q3/bin/../lib/gcc/arm-none-eabi/5.4.1/../../../../arm-none-eabi/lib/armv7e-m/fpu/libc_nano.a(lib_a-mprec.o)
 .text          0x080121a0        0x0 /home/jc/stm32_libraries/crosstools/gcc-arm-none-eabi-5_4-2016q3/bin/../lib/gcc/arm-none-eabi/5.4.1/../../../../arm-none-eabi/lib/armv7e-m/fpu/libc_nano.a(lib_a-nano-callocr.o)
 .text          0x080121a0        0x0 /home/jc/stm32_libraries/crosstools/gcc-arm-none-eabi-5_4-2016q3/bin/../lib/gcc/arm-none-eabi/5.4.1/../../../../arm-none-eabi/lib/armv7e-m/fpu/libc_nano.a(lib_a-nano-svfprintf.o)
 .text          0x080121a0        0x0 /home/jc/stm32_libraries/crosstools/gcc-arm-none-eabi-5_4-2016q3/bin/../lib/gcc/arm-none-eabi/5.4.1/../../../../arm-none-eabi/lib/armv7e-m/fpu/libc_nano.a(lib_a-nano-vfprintf.o)
 .text          0x080121a0        0x0 /home/jc/stm32_libraries/crosstools/gcc-arm-none-eabi-5_4-2016q3/bin/../lib/gcc/arm-none-eabi/5.4.1/../../../../arm-none-eabi/lib/armv7e-m/fpu/libc_nano.a(lib_a-refill.o)
 .text          0x080121a0        0x0 /home/jc/stm32_libraries/crosstools/gcc-arm-none-eabi-5_4-2016q3/bin/../lib/gcc/arm-none-eabi/5.4.1/../../../../arm-none-eabi/lib/armv7e-m/fpu/libc_nano.a(lib_a-stdio.o)
 .text          0x080121a0        0x0 /home/jc/stm32_libraries/crosstools/gcc-arm-none-eabi-5_4-2016q3/bin/../lib/gcc/arm-none-eabi/5.4.1/../../../../arm-none-eabi/lib/armv7e-m/fpu/libc_nano.a(lib_a-strncmp.o)
 .text          0x080121a0        0x0 /home/jc/stm32_libraries/crosstools/gcc-arm-none-eabi-5_4-2016q3/bin/../lib/gcc/arm-none-eabi/5.4.1/../../../../arm-none-eabi/lib/armv7e-m/fpu/libc_nano.a(lib_a-wbuf.o)
 .text          0x080121a0        0x0 /home/jc/stm32_libraries/crosstools/gcc-arm-none-eabi-5_4-2016q3/bin/../lib/gcc/arm-none-eabi/5.4.1/../../../../arm-none-eabi/lib/armv7e-m/fpu/libc_nano.a(lib_a-writer.o)
 .text          0x080121a0        0x0 /home/jc/stm32_libraries/crosstools/gcc-arm-none-eabi-5_4-2016q3/bin/../lib/gcc/arm-none-eabi/5.4.1/../../../../arm-none-eabi/lib/armv7e-m/fpu/libc_nano.a(lib_a-wsetup.o)
 .text          0x080121a0        0x0 /home/jc/stm32_libraries/crosstools/gcc-arm-none-eabi-5_4-2016q3/bin/../lib/gcc/arm-none-eabi/5.4.1/../../../../arm-none-eabi/lib/armv7e-m/fpu/libc_nano.a(lib_a-closer.o)
 .text          0x080121a0        0x0 /home/jc/stm32_libraries/crosstools/gcc-arm-none-eabi-5_4-2016q3/bin/../lib/gcc/arm-none-eabi/5.4.1/../../../../arm-none-eabi/lib/armv7e-m/fpu/libc_nano.a(lib_a-fstatr.o)
 .text          0x080121a0        0x0 /home/jc/stm32_libraries/crosstools/gcc-arm-none-eabi-5_4-2016q3/bin/../lib/gcc/arm-none-eabi/5.4.1/../../../../arm-none-eabi/lib/armv7e-m/fpu/libc_nano.a(lib_a-fvwrite.o)
 .text          0x080121a0        0x0 /home/jc/stm32_libraries/crosstools/gcc-arm-none-eabi-5_4-2016q3/bin/../lib/gcc/arm-none-eabi/5.4.1/../../../../arm-none-eabi/lib/armv7e-m/fpu/libc_nano.a(lib_a-isattyr.o)
 .text          0x080121a0        0x0 /home/jc/stm32_libraries/crosstools/gcc-arm-none-eabi-5_4-2016q3/bin/../lib/gcc/arm-none-eabi/5.4.1/../../../../arm-none-eabi/lib/armv7e-m/fpu/libc_nano.a(lib_a-lseekr.o)
 .text          0x080121a0        0x0 /home/jc/stm32_libraries/crosstools/gcc-arm-none-eabi-5_4-2016q3/bin/../lib/gcc/arm-none-eabi/5.4.1/../../../../arm-none-eabi/lib/armv7e-m/fpu/libc_nano.a(lib_a-memmove.o)
 .text          0x080121a0        0x0 /home/jc/stm32_libraries/crosstools/gcc-arm-none-eabi-5_4-2016q3/bin/../lib/gcc/arm-none-eabi/5.4.1/../../../../arm-none-eabi/lib/armv7e-m/fpu/libc_nano.a(lib_a-nano-reallocr.o)
 .text          0x080121a0        0x0 /home/jc/stm32_libraries/crosstools/gcc-arm-none-eabi-5_4-2016q3/bin/../lib/gcc/arm-none-eabi/5.4.1/../../../../arm-none-eabi/lib/armv7e-m/fpu/libc_nano.a(lib_a-readr.o)
 .text          0x080121a0        0x0 /home/jc/stm32_libraries/crosstools/gcc-arm-none-eabi-5_4-2016q3/bin/../lib/gcc/arm-none-eabi/5.4.1/../../../../arm-none-eabi/lib/armv7e-m/fpu/libc_nano.a(lib_a-nano-msizer.o)
 .text          0x080121a0      0x424 /home/jc/stm32_libraries/crosstools/gcc-arm-none-eabi-5_4-2016q3/bin/../lib/gcc/arm-none-eabi/5.4.1/armv7e-m/fpu/libgcc.a(_arm_muldivdf3.o)
                0x080121a0                __aeabi_dmul
                0x080121a0                __muldf3
                0x080123f4                __aeabi_ddiv
                0x080123f4                __divdf3
 .text          0x080125c4      0x110 /home/jc/stm32_libraries/crosstools/gcc-arm-none-eabi-5_4-2016q3/bin/../lib/gcc/arm-none-eabi/5.4.1/armv7e-m/fpu/libgcc.a(_arm_cmpdf2.o)
                0x080125c4                __gtdf2
                0x080125c4                __gedf2
                0x080125cc                __ltdf2
                0x080125cc                __ledf2
                0x080125d4                __cmpdf2
                0x080125d4                __eqdf2
                0x080125d4                __nedf2
                0x08012650                __aeabi_cdrcmple
                0x08012660                __aeabi_cdcmple
                0x08012660                __aeabi_cdcmpeq
                0x08012670                __aeabi_dcmpeq
                0x08012684                __aeabi_dcmplt
                0x08012698                __aeabi_dcmple
                0x080126ac                __aeabi_dcmpge
                0x080126c0                __aeabi_dcmpgt
 .text          0x080126d4       0x2c /home/jc/stm32_libraries/crosstools/gcc-arm-none-eabi-5_4-2016q3/bin/../lib/gcc/arm-none-eabi/5.4.1/armv7e-m/fpu/libgcc.a(_arm_unorddf2.o)
                0x080126d4                __aeabi_dcmpun
                0x080126d4                __unorddf2
 .text          0x08012700       0x50 /home/jc/stm32_libraries/crosstools/gcc-arm-none-eabi-5_4-2016q3/bin/../lib/gcc/arm-none-eabi/5.4.1/armv7e-m/fpu/libgcc.a(_arm_fixdfsi.o)
                0x08012700                __fixdfsi
                0x08012700                __aeabi_d2iz
 .text          0x08012750       0x40 /home/jc/stm32_libraries/crosstools/gcc-arm-none-eabi-5_4-2016q3/bin/../lib/gcc/arm-none-eabi/5.4.1/armv7e-m/fpu/libgcc.a(_arm_fixunsdfsi.o)
                0x08012750                __fixunsdfsi
                0x08012750                __aeabi_d2uiz
 .text          0x08012790        0x0 /home/jc/stm32_libraries/crosstools/gcc-arm-none-eabi-5_4-2016q3/bin/../lib/gcc/arm-none-eabi/5.4.1/../../../../arm-none-eabi/lib/armv7e-m/fpu/libnosys.a(close.o)
 .text          0x08012790        0x0 /home/jc/stm32_libraries/crosstools/gcc-arm-none-eabi-5_4-2016q3/bin/../lib/gcc/arm-none-eabi/5.4.1/../../../../arm-none-eabi/lib/armv7e-m/fpu/libnosys.a(fstat.o)
 .text          0x08012790        0x0 /home/jc/stm32_libraries/crosstools/gcc-arm-none-eabi-5_4-2016q3/bin/../lib/gcc/arm-none-eabi/5.4.1/../../../../arm-none-eabi/lib/armv7e-m/fpu/libnosys.a(isatty.o)
 .text          0x08012790        0x0 /home/jc/stm32_libraries/crosstools/gcc-arm-none-eabi-5_4-2016q3/bin/../lib/gcc/arm-none-eabi/5.4.1/../../../../arm-none-eabi/lib/armv7e-m/fpu/libnosys.a(lseek.o)
 .text          0x08012790        0x0 /home/jc/stm32_libraries/crosstools/gcc-arm-none-eabi-5_4-2016q3/bin/../lib/gcc/arm-none-eabi/5.4.1/../../../../arm-none-eabi/lib/armv7e-m/fpu/libnosys.a(_exit.o)
 .text          0x08012790        0x0 /home/jc/stm32_libraries/crosstools/gcc-arm-none-eabi-5_4-2016q3/bin/../lib/gcc/arm-none-eabi/5.4.1/armv7e-m/fpu/crtend.o
 .text          0x08012790        0x0 /home/jc/stm32_libraries/crosstools/gcc-arm-none-eabi-5_4-2016q3/bin/../lib/gcc/arm-none-eabi/5.4.1/armv7e-m/fpu/crtn.o
 *(.text*)
 .text.startup  0x08012790       0xb0 build/main.o
                0x08012790                main
 .text.Reset_Handler
                0x08012840       0x50 build/startup_stm32f446xx.o
                0x08012840                Reset_Handler
 .text.Default_Handler
                0x08012890        0x2 build/startup_stm32f446xx.o
                0x08012890                RTC_Alarm_IRQHandler
                0x08012890                EXTI2_IRQHandler
                0x08012890                TIM8_CC_IRQHandler
                0x08012890                SPI4_IRQHandler
                0x08012890                TIM1_CC_IRQHandler
                0x08012890                DMA2_Stream5_IRQHandler
                0x08012890                DMA1_Stream5_IRQHandler
                0x08012890                PVD_IRQHandler
                0x08012890                SDIO_IRQHandler
                0x08012890                TAMP_STAMP_IRQHandler
                0x08012890                CAN2_RX1_IRQHandler
                0x08012890                EXTI3_IRQHandler
                0x08012890                TIM8_TRG_COM_TIM14_IRQHandler
                0x08012890                TIM1_UP_TIM10_IRQHandler
                0x08012890                TIM8_UP_TIM13_IRQHandler
                0x08012890                I2C3_ER_IRQHandler
                0x08012890                FMPI2C1_Event_IRQHandler
                0x08012890                EXTI0_IRQHandler
                0x08012890                I2C2_EV_IRQHandler
                0x08012890                DMA1_Stream2_IRQHandler
                0x08012890                CAN1_RX0_IRQHandler
                0x08012890                FPU_IRQHandler
                0x08012890                OTG_HS_WKUP_IRQHandler
                0x08012890                CAN2_SCE_IRQHandler
                0x08012890                DMA2_Stream2_IRQHandler
                0x08012890                SPI1_IRQHandler
                0x08012890                TIM6_DAC_IRQHandler
                0x08012890                TIM1_BRK_TIM9_IRQHandler
                0x08012890                DCMI_IRQHandler
                0x08012890                CAN2_RX0_IRQHandler
                0x08012890                DMA2_Stream3_IRQHandler
                0x08012890                SAI2_IRQHandler
                0x08012890                USART6_IRQHandler
                0x08012890                USART3_IRQHandler
                0x08012890                CAN1_RX1_IRQHandler
                0x08012890                UART5_IRQHandler
                0x08012890                DMA2_Stream0_IRQHandler
                0x08012890                TIM4_IRQHandler
                0x08012890                QUADSPI_IRQHandler
                0x08012890                I2C1_EV_IRQHandler
                0x08012890                DMA1_Stream6_IRQHandler
                0x08012890                DMA1_Stream1_IRQHandler
                0x08012890                UART4_IRQHandler
                0x08012890                TIM3_IRQHandler
                0x08012890                RCC_IRQHandler
                0x08012890                TIM8_BRK_TIM12_IRQHandler
                0x08012890                Default_Handler
                0x08012890                CEC_IRQHandler
                0x08012890                EXTI15_10_IRQHandler
                0x08012890                ADC_IRQHandler
                0x08012890                DMA1_Stream7_IRQHandler
                0x08012890                TIM7_IRQHandler
                0x08012890                CAN2_TX_IRQHandler
                0x08012890                TIM5_IRQHandler
                0x08012890                DMA2_Stream7_IRQHandler
                0x08012890                I2C3_EV_IRQHandler
                0x08012890                EXTI9_5_IRQHandler
                0x08012890                RTC_WKUP_IRQHandler
                0x08012890                SPDIF_RX_IRQHandler
                0x08012890                SPI2_IRQHandler
                0x08012890                OTG_HS_EP1_IN_IRQHandler
                0x08012890                DMA1_Stream0_IRQHandler
                0x08012890                CAN1_TX_IRQHandler
                0x08012890                EXTI4_IRQHandler
                0x08012890                OTG_HS_EP1_OUT_IRQHandler
                0x08012890                WWDG_IRQHandler
                0x08012890                TIM2_IRQHandler
                0x08012890                OTG_FS_WKUP_IRQHandler
                0x08012890                TIM1_TRG_COM_TIM11_IRQHandler
                0x08012890                OTG_HS_IRQHandler
                0x08012890                EXTI1_IRQHandler
                0x08012890                I2C2_ER_IRQHandler
                0x08012890                DMA2_Stream1_IRQHandler
                0x08012890                CAN1_SCE_IRQHandler
                0x08012890                FLASH_IRQHandler
                0x08012890                DMA2_Stream4_IRQHandler
                0x08012890                USART1_IRQHandler
                0x08012890                OTG_FS_IRQHandler
                0x08012890                SPI3_IRQHandler
                0x08012890                DMA1_Stream4_IRQHandler
                0x08012890                I2C1_ER_IRQHandler
                0x08012890                FMC_IRQHandler
                0x08012890                DMA2_Stream6_IRQHandler
                0x08012890                SAI1_IRQHandler
                0x08012890                DMA1_Stream3_IRQHandler
                0x08012890                FMPI2C1_Error_IRQHandler
 *fill*         0x08012892        0x2 
 .text.expf     0x08012894      0x104 /home/jc/stm32_libraries/crosstools/gcc-arm-none-eabi-5_4-2016q3/bin/../lib/gcc/arm-none-eabi/5.4.1/../../../../arm-none-eabi/lib/armv7e-m/fpu/libm.a(lib_a-wf_exp.o)
                0x08012894                expf
 .text.__ieee754_expf
                0x08012998      0x1b0 /home/jc/stm32_libraries/crosstools/gcc-arm-none-eabi-5_4-2016q3/bin/../lib/gcc/arm-none-eabi/5.4.1/../../../../arm-none-eabi/lib/armv7e-m/fpu/libm.a(lib_a-ef_exp.o)
                0x08012998                __ieee754_expf
 .text.matherr  0x08012b48        0x4 /home/jc/stm32_libraries/crosstools/gcc-arm-none-eabi-5_4-2016q3/bin/../lib/gcc/arm-none-eabi/5.4.1/../../../../arm-none-eabi/lib/armv7e-m/fpu/libm.a(lib_a-s_matherr.o)
                0x08012b48                matherr
 .text.finitef  0x08012b4c       0x14 /home/jc/stm32_libraries/crosstools/gcc-arm-none-eabi-5_4-2016q3/bin/../lib/gcc/arm-none-eabi/5.4.1/../../../../arm-none-eabi/lib/armv7e-m/fpu/libm.a(lib_a-sf_finite.o)
                0x08012b4c                finitef
 .text.atof     0x08012b60        0x6 /home/jc/stm32_libraries/crosstools/gcc-arm-none-eabi-5_4-2016q3/bin/../lib/gcc/arm-none-eabi/5.4.1/../../../../arm-none-eabi/lib/armv7e-m/fpu/libc_nano.a(lib_a-atof.o)
                0x08012b60                atof
 .text.atoi     0x08012b66        0x8 /home/jc/stm32_libraries/crosstools/gcc-arm-none-eabi-5_4-2016q3/bin/../lib/gcc/arm-none-eabi/5.4.1/../../../../arm-none-eabi/lib/armv7e-m/fpu/libc_nano.a(lib_a-atoi.o)
                0x08012b66                atoi
 .text._atoi_r  0x08012b6e        0x8 /home/jc/stm32_libraries/crosstools/gcc-arm-none-eabi-5_4-2016q3/bin/../lib/gcc/arm-none-eabi/5.4.1/../../../../arm-none-eabi/lib/armv7e-m/fpu/libc_nano.a(lib_a-atoi.o)
                0x08012b6e                _atoi_r
 *fill*         0x08012b76        0x2 
 .text.__errno  0x08012b78        0xc /home/jc/stm32_libraries/crosstools/gcc-arm-none-eabi-5_4-2016q3/bin/../lib/gcc/arm-none-eabi/5.4.1/../../../../arm-none-eabi/lib/armv7e-m/fpu/libc_nano.a(lib_a-errno.o)
                0x08012b78                __errno
 .text.exit     0x08012b84       0x28 /home/jc/stm32_libraries/crosstools/gcc-arm-none-eabi-5_4-2016q3/bin/../lib/gcc/arm-none-eabi/5.4.1/../../../../arm-none-eabi/lib/armv7e-m/fpu/libc_nano.a(lib_a-exit.o)
                0x08012b84                exit
 .text.__libc_init_array
                0x08012bac       0x4c /home/jc/stm32_libraries/crosstools/gcc-arm-none-eabi-5_4-2016q3/bin/../lib/gcc/arm-none-eabi/5.4.1/../../../../arm-none-eabi/lib/armv7e-m/fpu/libc_nano.a(lib_a-init.o)
                0x08012bac                __libc_init_array
 .text.__get_current_locale
                0x08012bf8       0x18 /home/jc/stm32_libraries/crosstools/gcc-arm-none-eabi-5_4-2016q3/bin/../lib/gcc/arm-none-eabi/5.4.1/../../../../arm-none-eabi/lib/armv7e-m/fpu/libc_nano.a(lib_a-locale.o)
 .text._setlocale_r
                0x08012c10       0x38 /home/jc/stm32_libraries/crosstools/gcc-arm-none-eabi-5_4-2016q3/bin/../lib/gcc/arm-none-eabi/5.4.1/../../../../arm-none-eabi/lib/armv7e-m/fpu/libc_nano.a(lib_a-locale.o)
                0x08012c10                _setlocale_r
 .text.__locale_mb_cur_max
                0x08012c48        0xc /home/jc/stm32_libraries/crosstools/gcc-arm-none-eabi-5_4-2016q3/bin/../lib/gcc/arm-none-eabi/5.4.1/../../../../arm-none-eabi/lib/armv7e-m/fpu/libc_nano.a(lib_a-locale.o)
                0x08012c48                __locale_mb_cur_max
 .text.__locale_ctype_ptr_l
                0x08012c54        0x6 /home/jc/stm32_libraries/crosstools/gcc-arm-none-eabi-5_4-2016q3/bin/../lib/gcc/arm-none-eabi/5.4.1/../../../../arm-none-eabi/lib/armv7e-m/fpu/libc_nano.a(lib_a-locale.o)
                0x08012c54                __locale_ctype_ptr_l
 *fill*         0x08012c5a        0x2 
 .text.__locale_ctype_ptr
                0x08012c5c       0x14 /home/jc/stm32_libraries/crosstools/gcc-arm-none-eabi-5_4-2016q3/bin/../lib/gcc/arm-none-eabi/5.4.1/../../../../arm-none-eabi/lib/armv7e-m/fpu/libc_nano.a(lib_a-locale.o)
                0x08012c5c                __locale_ctype_ptr
 .text.setlocale
                0x08012c70       0x10 /home/jc/stm32_libraries/crosstools/gcc-arm-none-eabi-5_4-2016q3/bin/../lib/gcc/arm-none-eabi/5.4.1/../../../../arm-none-eabi/lib/armv7e-m/fpu/libc_nano.a(lib_a-locale.o)
                0x08012c70                setlocale
 .text.malloc   0x08012c80       0x10 /home/jc/stm32_libraries/crosstools/gcc-arm-none-eabi-5_4-2016q3/bin/../lib/gcc/arm-none-eabi/5.4.1/../../../../arm-none-eabi/lib/armv7e-m/fpu/libc_nano.a(lib_a-malloc.o)
                0x08012c80                malloc
 .text.free     0x08012c90       0x10 /home/jc/stm32_libraries/crosstools/gcc-arm-none-eabi-5_4-2016q3/bin/../lib/gcc/arm-none-eabi/5.4.1/../../../../arm-none-eabi/lib/armv7e-m/fpu/libc_nano.a(lib_a-malloc.o)
                0x08012c90                free
 .text._mbtowc_r
                0x08012ca0       0x24 /home/jc/stm32_libraries/crosstools/gcc-arm-none-eabi-5_4-2016q3/bin/../lib/gcc/arm-none-eabi/5.4.1/../../../../arm-none-eabi/lib/armv7e-m/fpu/libc_nano.a(lib_a-mbtowc_r.o)
                0x08012ca0                _mbtowc_r
 .text.__ascii_mbtowc
                0x08012cc4       0x24 /home/jc/stm32_libraries/crosstools/gcc-arm-none-eabi-5_4-2016q3/bin/../lib/gcc/arm-none-eabi/5.4.1/../../../../arm-none-eabi/lib/armv7e-m/fpu/libc_nano.a(lib_a-mbtowc_r.o)
                0x08012cc4                __ascii_mbtowc
 .text.memcpy   0x08012ce8       0x16 /home/jc/stm32_libraries/crosstools/gcc-arm-none-eabi-5_4-2016q3/bin/../lib/gcc/arm-none-eabi/5.4.1/../../../../arm-none-eabi/lib/armv7e-m/fpu/libc_nano.a(lib_a-memcpy-stub.o)
                0x08012ce8                memcpy
 .text.memset   0x08012cfe       0x10 /home/jc/stm32_libraries/crosstools/gcc-arm-none-eabi-5_4-2016q3/bin/../lib/gcc/arm-none-eabi/5.4.1/../../../../arm-none-eabi/lib/armv7e-m/fpu/libc_nano.a(lib_a-memset.o)
                0x08012cfe                memset
 *fill*         0x08012d0e        0x2 
 .text.mallinfo
                0x08012d10       0x14 /home/jc/stm32_libraries/crosstools/gcc-arm-none-eabi-5_4-2016q3/bin/../lib/gcc/arm-none-eabi/5.4.1/../../../../arm-none-eabi/lib/armv7e-m/fpu/libc_nano.a(lib_a-mstats.o)
                0x08012d10                mallinfo
 .text.malloc_stats
                0x08012d24        0xc /home/jc/stm32_libraries/crosstools/gcc-arm-none-eabi-5_4-2016q3/bin/../lib/gcc/arm-none-eabi/5.4.1/../../../../arm-none-eabi/lib/armv7e-m/fpu/libc_nano.a(lib_a-mstats.o)
                0x08012d24                malloc_stats
 .text.mallopt  0x08012d30       0x10 /home/jc/stm32_libraries/crosstools/gcc-arm-none-eabi-5_4-2016q3/bin/../lib/gcc/arm-none-eabi/5.4.1/../../../../arm-none-eabi/lib/armv7e-m/fpu/libc_nano.a(lib_a-mstats.o)
                0x08012d30                mallopt
 .text._mstats_r
                0x08012d40       0x28 /home/jc/stm32_libraries/crosstools/gcc-arm-none-eabi-5_4-2016q3/bin/../lib/gcc/arm-none-eabi/5.4.1/../../../../arm-none-eabi/lib/armv7e-m/fpu/libc_nano.a(lib_a-mstats.o)
                0x08012d40                _mstats_r
 .text.mstats   0x08012d68       0x10 /home/jc/stm32_libraries/crosstools/gcc-arm-none-eabi-5_4-2016q3/bin/../lib/gcc/arm-none-eabi/5.4.1/../../../../arm-none-eabi/lib/armv7e-m/fpu/libc_nano.a(lib_a-mstats.o)
                0x08012d68                mstats
 .text._free_r  0x08012d78       0x9c /home/jc/stm32_libraries/crosstools/gcc-arm-none-eabi-5_4-2016q3/bin/../lib/gcc/arm-none-eabi/5.4.1/../../../../arm-none-eabi/lib/armv7e-m/fpu/libc_nano.a(lib_a-nano-freer.o)
                0x08012d78                _free_r
 .text._mallinfo_r
                0x08012e14       0x64 /home/jc/stm32_libraries/crosstools/gcc-arm-none-eabi-5_4-2016q3/bin/../lib/gcc/arm-none-eabi/5.4.1/../../../../arm-none-eabi/lib/armv7e-m/fpu/libc_nano.a(lib_a-nano-mallinfor.o)
                0x08012e14                _mallinfo_r
 .text._malloc_r
                0x08012e78       0xbc /home/jc/stm32_libraries/crosstools/gcc-arm-none-eabi-5_4-2016q3/bin/../lib/gcc/arm-none-eabi/5.4.1/../../../../arm-none-eabi/lib/armv7e-m/fpu/libc_nano.a(lib_a-nano-mallocr.o)
                0x08012e78                _malloc_r
 .text._mallopt_r
                0x08012f34        0x4 /home/jc/stm32_libraries/crosstools/gcc-arm-none-eabi-5_4-2016q3/bin/../lib/gcc/arm-none-eabi/5.4.1/../../../../arm-none-eabi/lib/armv7e-m/fpu/libc_nano.a(lib_a-nano-malloptr.o)
                0x08012f34                _mallopt_r
 .text._malloc_stats_r
                0x08012f38       0x50 /home/jc/stm32_libraries/crosstools/gcc-arm-none-eabi-5_4-2016q3/bin/../lib/gcc/arm-none-eabi/5.4.1/../../../../arm-none-eabi/lib/armv7e-m/fpu/libc_nano.a(lib_a-nano-mallstatsr.o)
                0x08012f38                _malloc_stats_r
 .text.__cvt    0x08012f88       0xc8 /home/jc/stm32_libraries/crosstools/gcc-arm-none-eabi-5_4-2016q3/bin/../lib/gcc/arm-none-eabi/5.4.1/../../../../arm-none-eabi/lib/armv7e-m/fpu/libc_nano.a(lib_a-nano-vfprintf_float.o)
                0x08012f88                __cvt
 .text.__exponent
                0x08013050       0x60 /home/jc/stm32_libraries/crosstools/gcc-arm-none-eabi-5_4-2016q3/bin/../lib/gcc/arm-none-eabi/5.4.1/../../../../arm-none-eabi/lib/armv7e-m/fpu/libc_nano.a(lib_a-nano-vfprintf_float.o)
                0x08013050                __exponent
 .text._printf_float
                0x080130b0      0x47c /home/jc/stm32_libraries/crosstools/gcc-arm-none-eabi-5_4-2016q3/bin/../lib/gcc/arm-none-eabi/5.4.1/../../../../arm-none-eabi/lib/armv7e-m/fpu/libc_nano.a(lib_a-nano-vfprintf_float.o)
                0x080130b0                _printf_float
 .text._printf_common
                0x0801352c       0xec /home/jc/stm32_libraries/crosstools/gcc-arm-none-eabi-5_4-2016q3/bin/../lib/gcc/arm-none-eabi/5.4.1/../../../../arm-none-eabi/lib/armv7e-m/fpu/libc_nano.a(lib_a-nano-vfprintf_i.o)
                0x0801352c                _printf_common
 .text._printf_i
                0x08013618      0x24c /home/jc/stm32_libraries/crosstools/gcc-arm-none-eabi-5_4-2016q3/bin/../lib/gcc/arm-none-eabi/5.4.1/../../../../arm-none-eabi/lib/armv7e-m/fpu/libc_nano.a(lib_a-nano-vfprintf_i.o)
                0x08013618                _printf_i
 .text._scanf_float
                0x08013864      0x3c0 /home/jc/stm32_libraries/crosstools/gcc-arm-none-eabi-5_4-2016q3/bin/../lib/gcc/arm-none-eabi/5.4.1/../../../../arm-none-eabi/lib/armv7e-m/fpu/libc_nano.a(lib_a-nano-vfscanf_float.o)
                0x08013864                _scanf_float
 .text._printf_r
                0x08013c24       0x28 /home/jc/stm32_libraries/crosstools/gcc-arm-none-eabi-5_4-2016q3/bin/../lib/gcc/arm-none-eabi/5.4.1/../../../../arm-none-eabi/lib/armv7e-m/fpu/libc_nano.a(lib_a-printf.o)
                0x08013c24                _printf_r
                0x08013c24                _iprintf_r
 .text.printf   0x08013c4c       0x30 /home/jc/stm32_libraries/crosstools/gcc-arm-none-eabi-5_4-2016q3/bin/../lib/gcc/arm-none-eabi/5.4.1/../../../../arm-none-eabi/lib/armv7e-m/fpu/libc_nano.a(lib_a-printf.o)
                0x08013c4c                printf
                0x08013c4c                iprintf
 .text.cleanup_glue
                0x08013c7c       0x1a /home/jc/stm32_libraries/crosstools/gcc-arm-none-eabi-5_4-2016q3/bin/../lib/gcc/arm-none-eabi/5.4.1/../../../../arm-none-eabi/lib/armv7e-m/fpu/libc_nano.a(lib_a-reent.o)
                0x08013c7c                cleanup_glue
 *fill*         0x08013c96        0x2 
 .text._reclaim_reent
                0x08013c98       0xb4 /home/jc/stm32_libraries/crosstools/gcc-arm-none-eabi-5_4-2016q3/bin/../lib/gcc/arm-none-eabi/5.4.1/../../../../arm-none-eabi/lib/armv7e-m/fpu/libc_nano.a(lib_a-reent.o)
                0x08013c98                _reclaim_reent
 .text.__srget_r
                0x08013d4c       0x58 /home/jc/stm32_libraries/crosstools/gcc-arm-none-eabi-5_4-2016q3/bin/../lib/gcc/arm-none-eabi/5.4.1/../../../../arm-none-eabi/lib/armv7e-m/fpu/libc_nano.a(lib_a-rget.o)
                0x08013d4c                __srget_r
 .text.__srget  0x08013da4       0x10 /home/jc/stm32_libraries/crosstools/gcc-arm-none-eabi-5_4-2016q3/bin/../lib/gcc/arm-none-eabi/5.4.1/../../../../arm-none-eabi/lib/armv7e-m/fpu/libc_nano.a(lib_a-rget.o)
                0x08013da4                __srget
 .text._sbrk_r  0x08013db4       0x20 /home/jc/stm32_libraries/crosstools/gcc-arm-none-eabi-5_4-2016q3/bin/../lib/gcc/arm-none-eabi/5.4.1/../../../../arm-none-eabi/lib/armv7e-m/fpu/libc_nano.a(lib_a-sbrkr.o)
                0x08013db4                _sbrk_r
 .text.setvbuf  0x08013dd4      0x154 /home/jc/stm32_libraries/crosstools/gcc-arm-none-eabi-5_4-2016q3/bin/../lib/gcc/arm-none-eabi/5.4.1/../../../../arm-none-eabi/lib/armv7e-m/fpu/libc_nano.a(lib_a-setvbuf.o)
                0x08013dd4                setvbuf
 .text.nanf     0x08013f28        0xc /home/jc/stm32_libraries/crosstools/gcc-arm-none-eabi-5_4-2016q3/bin/../lib/gcc/arm-none-eabi/5.4.1/../../../../arm-none-eabi/lib/armv7e-m/fpu/libc_nano.a(lib_a-sf_nan.o)
                0x08013f28                nanf
 .text._sprintf_r
                0x08013f34       0x40 /home/jc/stm32_libraries/crosstools/gcc-arm-none-eabi-5_4-2016q3/bin/../lib/gcc/arm-none-eabi/5.4.1/../../../../arm-none-eabi/lib/armv7e-m/fpu/libc_nano.a(lib_a-sprintf.o)
                0x08013f34                _siprintf_r
                0x08013f34                _sprintf_r
 .text.sprintf  0x08013f74       0x48 /home/jc/stm32_libraries/crosstools/gcc-arm-none-eabi-5_4-2016q3/bin/../lib/gcc/arm-none-eabi/5.4.1/../../../../arm-none-eabi/lib/armv7e-m/fpu/libc_nano.a(lib_a-sprintf.o)
                0x08013f74                sprintf
                0x08013f74                siprintf
 .text.unlikely.sulp
                0x08013fbc       0x38 /home/jc/stm32_libraries/crosstools/gcc-arm-none-eabi-5_4-2016q3/bin/../lib/gcc/arm-none-eabi/5.4.1/../../../../arm-none-eabi/lib/armv7e-m/fpu/libc_nano.a(lib_a-strtod.o)
 *fill*         0x08013ff4        0x4 
 .text._strtod_l
                0x08013ff8      0xbf0 /home/jc/stm32_libraries/crosstools/gcc-arm-none-eabi-5_4-2016q3/bin/../lib/gcc/arm-none-eabi/5.4.1/../../../../arm-none-eabi/lib/armv7e-m/fpu/libc_nano.a(lib_a-strtod.o)
                0x08013ff8                _strtod_l
 .text._strtod_r