Archive member included to satisfy reference by file (symbol)

/home/jc/stm32_libraries/crosstools/gcc-arm-none-eabi-5_4-2016q3/bin/../lib/gcc/arm-none-eabi/5.4.1/armv7e-m/fpu/libgcc.a(_arm_addsubdf3.o)
                              build/mod_inputs.o (__aeabi_ui2d)
/home/jc/stm32_libraries/crosstools/gcc-arm-none-eabi-5_4-2016q3/bin/../lib/gcc/arm-none-eabi/5.4.1/armv7e-m/fpu/libgcc.a(_arm_muldivdf3.o)
                              build/mod_inputs.o (__aeabi_dmul)
/home/jc/stm32_libraries/crosstools/gcc-arm-none-eabi-5_4-2016q3/bin/../lib/gcc/arm-none-eabi/5.4.1/armv7e-m/fpu/libgcc.a(_arm_truncdfsf2.o)
                              build/cmd_parser.o (__aeabi_d2f)
/home/jc/stm32_libraries/crosstools/gcc-arm-none-eabi-5_4-2016q3/bin/../lib/gcc/arm-none-eabi/5.4.1/armv7e-m/fpu/libgcc.a(_aeabi_uldivmod.o)
                              build/uart.o (__aeabi_uldivmod)
/home/jc/stm32_libraries/crosstools/gcc-arm-none-eabi-5_4-2016q3/bin/../lib/gcc/arm-none-eabi/5.4.1/armv7e-m/fpu/libgcc.a(_udivmoddi4.o)
                              /home/jc/stm32_libraries/crosstools/gcc-arm-none-eabi-5_4-2016q3/bin/../lib/gcc/arm-none-eabi/5.4.1/armv7e-m/fpu/libgcc.a(_aeabi_uldivmod.o) (__udivmoddi4)
/home/jc/stm32_libraries/crosstools/gcc-arm-none-eabi-5_4-2016q3/bin/../lib/gcc/arm-none-eabi/5.4.1/armv7e-m/fpu/libgcc.a(_dvmd_tls.o)
                              /home/jc/stm32_libraries/crosstools/gcc-arm-none-eabi-5_4-2016q3/bin/../lib/gcc/arm-none-eabi/5.4.1/armv7e-m/fpu/libgcc.a(_aeabi_uldivmod.o) (__aeabi_ldiv0)
/home/jc/stm32_libraries/crosstools/gcc-arm-none-eabi-5_4-2016q3/bin/../lib/gcc/arm-none-eabi/5.4.1/../../../../arm-none-eabi/lib/armv7e-m/fpu/libc_nano.a(lib_a-atof.o)
                              build/cmd_parser.o (atof)
/home/jc/stm32_libraries/crosstools/gcc-arm-none-eabi-5_4-2016q3/bin/../lib/gcc/arm-none-eabi/5.4.1/../../../../arm-none-eabi/lib/armv7e-m/fpu/libc_nano.a(lib_a-atoi.o)
                              build/cmd_parser.o (atoi)
/home/jc/stm32_libraries/crosstools/gcc-arm-none-eabi-5_4-2016q3/bin/../lib/gcc/arm-none-eabi/5.4.1/../../../../arm-none-eabi/lib/armv7e-m/fpu/libc_nano.a(lib_a-exit.o)
                              /home/jc/stm32_libraries/crosstools/gcc-arm-none-eabi-5_4-2016q3/bin/../lib/gcc/arm-none-eabi/5.4.1/../../../../arm-none-eabi/lib/armv7e-m/fpu/crt0.o (exit)
/home/jc/stm32_libraries/crosstools/gcc-arm-none-eabi-5_4-2016q3/bin/../lib/gcc/arm-none-eabi/5.4.1/../../../../arm-none-eabi/lib/armv7e-m/fpu/libc_nano.a(lib_a-impure.o)
                              /home/jc/stm32_libraries/crosstools/gcc-arm-none-eabi-5_4-2016q3/bin/../lib/gcc/arm-none-eabi/5.4.1/../../../../arm-none-eabi/lib/armv7e-m/fpu/libc_nano.a(lib_a-exit.o) (_global_impure_ptr)
/home/jc/stm32_libraries/crosstools/gcc-arm-none-eabi-5_4-2016q3/bin/../lib/gcc/arm-none-eabi/5.4.1/../../../../arm-none-eabi/lib/armv7e-m/fpu/libc_nano.a(lib_a-init.o)
                              /home/jc/stm32_libraries/crosstools/gcc-arm-none-eabi-5_4-2016q3/bin/../lib/gcc/arm-none-eabi/5.4.1/../../../../arm-none-eabi/lib/armv7e-m/fpu/crt0.o (__libc_init_array)
/home/jc/stm32_libraries/crosstools/gcc-arm-none-eabi-5_4-2016q3/bin/../lib/gcc/arm-none-eabi/5.4.1/../../../../arm-none-eabi/lib/armv7e-m/fpu/libc_nano.a(lib_a-locale.o)
                              build/cmd_parser.o (__locale_ctype_ptr)
/home/jc/stm32_libraries/crosstools/gcc-arm-none-eabi-5_4-2016q3/bin/../lib/gcc/arm-none-eabi/5.4.1/../../../../arm-none-eabi/lib/armv7e-m/fpu/libc_nano.a(lib_a-malloc.o)
                              build/FreeRTOS/heap_useNewlib.o (malloc)
/home/jc/stm32_libraries/crosstools/gcc-arm-none-eabi-5_4-2016q3/bin/../lib/gcc/arm-none-eabi/5.4.1/../../../../arm-none-eabi/lib/armv7e-m/fpu/libc_nano.a(lib_a-mbtowc_r.o)
                              /home/jc/stm32_libraries/crosstools/gcc-arm-none-eabi-5_4-2016q3/bin/../lib/gcc/arm-none-eabi/5.4.1/../../../../arm-none-eabi/lib/armv7e-m/fpu/libc_nano.a(lib_a-locale.o) (__ascii_mbtowc)
/home/jc/stm32_libraries/crosstools/gcc-arm-none-eabi-5_4-2016q3/bin/../lib/gcc/arm-none-eabi/5.4.1/../../../../arm-none-eabi/lib/armv7e-m/fpu/libc_nano.a(lib_a-memcpy-stub.o)
                              build/FreeRTOS/queue.o (memcpy)
/home/jc/stm32_libraries/crosstools/gcc-arm-none-eabi-5_4-2016q3/bin/../lib/gcc/arm-none-eabi/5.4.1/../../../../arm-none-eabi/lib/armv7e-m/fpu/libc_nano.a(lib_a-memset.o)
                              /home/jc/stm32_libraries/crosstools/gcc-arm-none-eabi-5_4-2016q3/bin/../lib/gcc/arm-none-eabi/5.4.1/../../../../arm-none-eabi/lib/armv7e-m/fpu/crt0.o (memset)
/home/jc/stm32_libraries/crosstools/gcc-arm-none-eabi-5_4-2016q3/bin/../lib/gcc/arm-none-eabi/5.4.1/../../../../arm-none-eabi/lib/armv7e-m/fpu/libc_nano.a(lib_a-mstats.o)
                              build/FreeRTOS/heap_useNewlib.o (mallinfo)
/home/jc/stm32_libraries/crosstools/gcc-arm-none-eabi-5_4-2016q3/bin/../lib/gcc/arm-none-eabi/5.4.1/../../../../arm-none-eabi/lib/armv7e-m/fpu/libc_nano.a(lib_a-nano-freer.o)
[...]
Memory Configuration

Name             Origin             Length             Attributes
FLASH            0x08000000         0x00080000         xr
RAM              0x20000000         0x00020000         xrw
*default*        0x00000000         0xffffffff

Linker script and memory map

LOAD /home/jc/stm32_libraries/crosstools/gcc-arm-none-eabi-5_4-2016q3/bin/../lib/gcc/arm-none-eabi/5.4.1/armv7e-m/fpu/crti.o
LOAD /home/jc/stm32_libraries/crosstools/gcc-arm-none-eabi-5_4-2016q3/bin/../lib/gcc/arm-none-eabi/5.4.1/armv7e-m/fpu/crtbegin.o
LOAD /home/jc/stm32_libraries/crosstools/gcc-arm-none-eabi-5_4-2016q3/bin/../lib/gcc/arm-none-eabi/5.4.1/../../../../arm-none-eabi/lib/armv7e-m/fpu/crt0.o
LOAD build/cmd_line_buffer.o
LOAD build/cmd_parser.o
LOAD build/heartbeat_task.o
LOAD build/stm32f4xx_hal_msp.o
LOAD build/mod_inputs.o
LOAD build/mod_fault_detection.o
LOAD build/mod_state_machine.o
LOAD build/mod_outputs.o
LOAD build/mod_comms.o
LOAD build/main.o
LOAD build/stm32f4xx_it.o
LOAD build/system_stm32f4xx.o
LOAD build/uart.o
LOAD build/cmd_task.o
LOAD build/startup_stm32f446xx.o
LOAD build/stm32f4_HAL/stm32f4xx_hal.o
LOAD build/stm32f4_HAL/stm32f4xx_hal_dma.o
LOAD build/stm32f4_HAL/stm32f4xx_hal_adc.o
LOAD build/stm32f4_HAL/stm32f4xx_hal_adc_ex.o
LOAD build/stm32f4_HAL/stm32f4xx_hal_gpio.o
LOAD build/stm32f4_HAL/stm32f4xx_ll_gpio.o
LOAD build/stm32f4_HAL/stm32f4xx_ll_usart.o
LOAD build/stm32f4_HAL/stm32f4xx_ll_dma.o
LOAD build/stm32f4_HAL/stm32f4xx_ll_rcc.o
LOAD build/stm32f4_HAL/stm32f4xx_hal_i2c.o
LOAD build/stm32f4_HAL/stm32f4xx_hal_i2c_ex.o
LOAD build/stm32f4_HAL/stm32f4xx_hal_tim.o
LOAD build/stm32f4_HAL/stm32f4xx_hal_tim_ex.o
LOAD build/stm32f4_HAL/stm32f4xx_hal_rtc.o
LOAD build/stm32f4_HAL/stm32f4xx_hal_rcc.o
LOAD build/stm32f4_HAL/stm32f4xx_hal_rcc_ex.o
LOAD build/stm32f4_HAL/stm32f4xx_hal_pwr.o
LOAD build/stm32f4_HAL/stm32f4xx_hal_pwr_ex.o
LOAD build/stm32f4_HAL/stm32f4xx_hal_cortex.o
LOAD build/stm32f4_HAL/stm32f4xx_hal_spi.o
LOAD build/FreeRTOS/croutine.o
LOAD build/FreeRTOS/event_groups.o
LOAD build/FreeRTOS/list.o
LOAD build/FreeRTOS/queue.o
LOAD build/FreeRTOS/tasks.o
LOAD build/FreeRTOS/timers.o
LOAD build/FreeRTOS/stream_buffer.o
LOAD build/FreeRTOS/cmsis_os2.o
LOAD build/FreeRTOS/os_systick.o
LOAD build/FreeRTOS/heap_useNewlib.o
LOAD build/FreeRTOS/port.o
LOAD /home/jc/stm32_libraries/crosstools/gcc-arm-none-eabi-5_4-2016q3/bin/../lib/gcc/arm-none-eabi/5.4.1/../../../../arm-none-eabi/lib/armv7e-m/fpu/libm.a
LOAD /home/jc/stm32_libraries/STM32Cube_F4_FW/Drivers/CMSIS/Lib/GCC/libarm_cortexM4lf_math.a
START GROUP
LOAD /home/jc/stm32_libraries/crosstools/gcc-arm-none-eabi-5_4-2016q3/bin/../lib/gcc/arm-none-eabi/5.4.1/armv7e-m/fpu/libgcc.a
LOAD /home/jc/stm32_libraries/crosstools/gcc-arm-none-eabi-5_4-2016q3/bin/../lib/gcc/arm-none-eabi/5.4.1/../../../../arm-none-eabi/lib/armv7e-m/fpu/libc_nano.a
END GROUP
START GROUP
LOAD /home/jc/stm32_libraries/crosstools/gcc-arm-none-eabi-5_4-2016q3/bin/../lib/gcc/arm-none-eabi/5.4.1/armv7e-m/fpu/libgcc.a
LOAD /home/jc/stm32_libraries/crosstools/gcc-arm-none-eabi-5_4-2016q3/bin/../lib/gcc/arm-none-eabi/5.4.1/../../../../arm-none-eabi/lib/armv7e-m/fpu/libc_nano.a
LOAD /home/jc/stm32_libraries/crosstools/gcc-arm-none-eabi-5_4-2016q3/bin/../lib/gcc/arm-none-eabi/5.4.1/../../../../arm-none-eabi/lib/armv7e-m/fpu/libnosys.a
END GROUP
START GROUP
LOAD /home/jc/stm32_libraries/crosstools/gcc-arm-none-eabi-5_4-2016q3/bin/../lib/gcc/arm-none-eabi/5.4.1/armv7e-m/fpu/libgcc.a
LOAD /home/jc/stm32_libraries/crosstools/gcc-arm-none-eabi-5_4-2016q3/bin/../lib/gcc/arm-none-eabi/5.4.1/../../../../arm-none-eabi/lib/armv7e-m/fpu/libc_nano.a
LOAD /home/jc/stm32_libraries/crosstools/gcc-arm-none-eabi-5_4-2016q3/bin/../lib/gcc/arm-none-eabi/5.4.1/../../../../arm-none-eabi/lib/armv7e-m/fpu/libnosys.a
END GROUP
LOAD /home/jc/stm32_libraries/crosstools/gcc-arm-none-eabi-5_4-2016q3/bin/../lib/gcc/arm-none-eabi/5.4.1/armv7e-m/fpu/crtend.o
LOAD /home/jc/stm32_libraries/crosstools/gcc-arm-none-eabi-5_4-2016q3/bin/../lib/gcc/arm-none-eabi/5.4.1/armv7e-m/fpu/crtn.o
                0x20020000                _estack = 0x20020000
                0x00008000                _Min_Heap_Size = 0x8000
                0x00002000                _Min_Stack_Size = 0x2000

.isr_vector     0x08000000      0x1c4
                0x08000000                . = ALIGN (0x4)
 *(.isr_vector)
 .isr_vector    0x08000000      0x1c4 build/startup_stm32f446xx.o
                0x08000000                g_pfnVectors
                0x080001c4                . = ALIGN (0x4)

.text           0x080001d0    0x17920
                0x080001d0                . = ALIGN (0x4)
 *(.text)
 .text          0x080001d0        0x0 /home/jc/stm32_libraries/crosstools/gcc-arm-none-eabi-5_4-2016q3/bin/../lib/gcc/arm-none-eabi/5.4.1/armv7e-m/fpu/crti.o
 .text          0x080001d0       0x5c /home/jc/stm32_libraries/crosstools/gcc-arm-none-eabi-5_4-2016q3/bin/../lib/gcc/arm-none-eabi/5.4.1/armv7e-m/fpu/crtbegin.o
 .text          0x0800022c       0x74 /home/jc/stm32_libraries/crosstools/gcc-arm-none-eabi-5_4-2016q3/bin/../lib/gcc/arm-none-eabi/5.4.1/../../../../arm-none-eabi/lib/armv7e-m/fpu/crt0.o
                0x0800022c                _mainCRTStartup
                0x0800022c                _start
 .text          0x080002a0      0x124 build/cmd_line_buffer.o
                0x080002a0                clb_init
                0x080002aa                clb_is_empty
                0x080002b4                clb_is_full
                0x080002c2                clb_delc
                0x080002cc                clb_is_cmd_ready
                0x080002e8                clb_putc
                0x08000308                clb_consume_char
                0x0800032e                clb_consume_str
                0x08000348                clb_gets_at
                0x08000362                clb_gets
                0x08000368                clb_process
 .text          0x080003c4      0x27c build/cmd_parser.o
                0x08000584                cmd_parse
 .text          0x08000640       0xf8 build/heartbeat_task.o
                0x08000670                heartbeat_task_start
                0x08000690                heartbeat_task_init
                0x080006fc                heartbeat_task_stop
                0x08000718                heartbeat_task_is_running
                0x08000724                heartbeat_task_deinit
 .text          0x08000738       0xac build/stm32f4xx_hal_msp.o
                0x08000738                HAL_TIM_PWM_MspInit
                0x08000794                HAL_ADC_MspInit
 *fill*         0x080007e4        0x4 
 .text          0x080007e8      0x258 build/mod_inputs.o
                0x080007e8                module_inputs_update
                0x08000920                module_inputs_task
                0x08000930                module_inputs_configure_hardware
                0x080009c8                module_inputs_init
                0x080009f0                module_inputs_start
                0x08000a18                module_inputs_stop
 .text          0x08000a40      0x1e0 build/mod_fault_detection.o
                0x08000a40                module_fault_detect_set_estop
                0x08000a4c                module_fault_detect_set_pressure
                0x08000a58                module_fault_detect_set_temperature
                0x08000a64                module_fault_detect_set_error
                0x08000a70                module_fault_detect_update
                0x08000ab4                module_fault_detect_task
                0x08000ac4                module_fault_detect_init
                0x08000aec                module_fault_detect_start
                0x08000b14                module_fault_detect_stop
                0x08000b3c                module_fault_detect_get_state
                0x08000b44                module_fault_detect_manual_estop
                0x08000b68                module_fault_detect_manual_error
                0x08000b8c                module_fault_detect_manual_pressure
                0x08000bb0                module_fault_detect_manual_temperature
                0x08000bd4                module_fault_detect_print_inputs
 .text          0x08000c20      0x12c build/mod_state_machine.o
                0x08000c20                module_state_machine_set_fault
                0x08000c3c                module_state_machine_start_signal
                0x08000c3e                module_state_machine_update
                0x08000c8c                module_state_machine_task
                0x08000c9a                module_state_machine_init
                0x08000cc0                module_state_machine_start
                0x08000ce8                module_state_machine_stop
                0x08000d10                module_state_machine_get_state
                0x08000d18                module_state_machine_manual_error
 .text          0x08000d4c      0x100 build/mod_outputs.o
                0x08000d4c                module_outputs_set_state
                0x08000d58                module_outputs_update
                0x08000d78                module_outputs_task
                0x08000d86                module_outputs_init
                0x08000de0                module_outputs_start
                0x08000e08                module_outputs_stop
                0x08000e30                module_outputs_get_state
                0x08000e38                module_outputs_manual_state
 .text          0x08000e4c       0x34 build/mod_comms.o
                0x08000e4c                module_comms_start_received
 .text          0x08000e80        0x0 build/main.o
 .text          0x08000e80        0xc build/stm32f4xx_it.o
                0x08000e80                NMI_Handler
                0x08000e82                HardFault_Handler
                0x08000e84                MemManage_Handler
                0x08000e86                BusFault_Handler
                0x08000e88                UsageFault_Handler
                0x08000e8a                DebugMon_Handler
 .text          0x08000e8c       0xc0 build/system_stm32f4xx.o
                0x08000e8c                SystemInit
                0x08000ed8                SystemCoreClockUpdate
 .text          0x08000f4c      0x464 build/uart.o
                0x0800101c                uart_init
                0x080011e0                __wrap_printf
                0x08001218                __io_putchar
                0x08001250                __io_getchar
                0x0800126c                _write
                0x0800128a                _read
                0x0800129e                _uart_rxne_isr
                0x080012c4                _uart_txe_isr
                0x08001320                _uart_error
                0x08001374                USART2_IRQHandler
 .text          0x080013b0       0x40 build/cmd_task.o
                0x080013c4                cmd_task_init
 .text          0x080013f0       0x14 build/startup_stm32f446xx.o
 .text          0x08001404      0x20c build/stm32f4_HAL/stm32f4xx_hal.o
                0x08001404                HAL_MspInit
                0x08001406                HAL_MspDeInit
                0x08001408                HAL_DeInit
                0x08001434                HAL_InitTick
                0x08001478                HAL_Init
                0x080014ac                HAL_IncTick
                0x080014c4                HAL_GetTick
                0x080014d0                HAL_GetTickPrio
                0x080014dc                HAL_SetTickFreq
                0x080014fc                HAL_GetTickFreq
                0x08001508                HAL_Delay
                0x08001530                HAL_SuspendTick
                0x08001540                HAL_ResumeTick
                0x08001550                HAL_GetHalVersion
                0x08001556                HAL_GetREVID
                0x08001564                HAL_GetDEVID
                0x08001574                HAL_DBGMCU_EnableDBGSleepMode
                0x08001584                HAL_DBGMCU_DisableDBGSleepMode
                0x08001594                HAL_DBGMCU_EnableDBGStopMode
                0x080015a4                HAL_DBGMCU_DisableDBGStopMode
                0x080015b4                HAL_DBGMCU_EnableDBGStandbyMode
                0x080015c4                HAL_DBGMCU_DisableDBGStandbyMode
                0x080015d4                HAL_EnableCompensationCell
                0x080015e0                HAL_DisableCompensationCell
                0x080015ec                HAL_GetUIDw0
                0x080015f8                HAL_GetUIDw1
                0x08001604                HAL_GetUIDw2
 .text          0x08001610      0x628 build/stm32f4_HAL/stm32f4xx_hal_dma.o
                0x0800163c                HAL_DMA_Init
                0x08001728                HAL_DMA_DeInit
                0x0800177e                HAL_DMA_Start
                0x080017d6                HAL_DMA_Start_IT
                0x0800184e                HAL_DMA_Abort
                0x080018d4                HAL_DMA_Abort_IT
                0x080018f8                HAL_DMA_PollForTransfer
                0x08001a0c                HAL_DMA_IRQHandler
                0x08001b80                HAL_DMA_RegisterCallback
                0x08001bd0                HAL_DMA_UnRegisterCallback
                0x08001c2c                HAL_DMA_GetState
                0x08001c32                HAL_DMA_GetError
 .text          0x08001c38      0xa74 build/stm32f4_HAL/stm32f4xx_hal_adc.o
                0x08001c3a                HAL_ADC_Init
                0x08001d84                HAL_ADC_MspDeInit
                0x08001d86                HAL_ADC_DeInit
                0x08001dba                HAL_ADC_Start
                0x08001ec8                HAL_ADC_Stop
                0x08001f04                HAL_ADC_PollForConversion
                0x08001fac                HAL_ADC_PollForEvent
                0x0800201c                HAL_ADC_Start_IT
                0x08002138                HAL_ADC_Stop_IT
                0x08002180                HAL_ADC_Start_DMA
                0x080022d8                HAL_ADC_Stop_DMA
                0x0800234a                HAL_ADC_GetValue
                0x08002350                HAL_ADC_ConvCpltCallback
                0x08002352                HAL_ADC_ConvHalfCpltCallback
                0x0800235e                HAL_ADC_LevelOutOfWindowCallback
                0x08002360                HAL_ADC_ErrorCallback
                0x08002362                HAL_ADC_IRQHandler
                0x08002500                HAL_ADC_ConfigChannel
                0x08002644                HAL_ADC_AnalogWDGConfig
                0x080026a4                HAL_ADC_GetState
                0x080026a8                HAL_ADC_GetError
 .text          0x080026ac      0x718 build/stm32f4_HAL/stm32f4xx_hal_adc_ex.o
                0x0800271c                HAL_ADCEx_InjectedStart
                0x080027f8                HAL_ADCEx_InjectedStart_IT
                0x080028dc                HAL_ADCEx_InjectedStop
                0x08002936                HAL_ADCEx_InjectedPollForConversion
                0x080029c8                HAL_ADCEx_InjectedStop_IT
                0x08002a2a                HAL_ADCEx_InjectedGetValue
                0x08002a5c                HAL_ADCEx_MultiModeStart_DMA
                0x08002b6c                HAL_ADCEx_MultiModeStop_DMA
                0x08002bcc                HAL_ADCEx_MultiModeGetValue
                0x08002bd8                HAL_ADCEx_InjectedConvCpltCallback
                0x08002bda                HAL_ADCEx_InjectedConfigChannel
                0x08002d74                HAL_ADCEx_MultiModeConfigChannel
 .text          0x08002dc4      0x364 build/stm32f4_HAL/stm32f4xx_hal_gpio.o
                0x08002dc4                HAL_GPIO_Init
                0x08002f8c                HAL_GPIO_DeInit
                0x080030c0                HAL_GPIO_ReadPin
                0x080030cc                HAL_GPIO_WritePin
                0x080030d4                HAL_GPIO_TogglePin
                0x080030e6                HAL_GPIO_LockPin
                0x08003110                HAL_GPIO_EXTI_Callback
                0x08003112                HAL_GPIO_EXTI_IRQHandler
 .text          0x08003128      0x224 build/stm32f4_HAL/stm32f4xx_ll_gpio.o
                0x08003148                LL_GPIO_DeInit
                0x080031f4                LL_GPIO_Init
                0x08003334                LL_GPIO_StructInit
 .text          0x0800334c      0x228 build/stm32f4_HAL/stm32f4xx_ll_usart.o
                0x0800334c                LL_USART_DeInit
                0x0800340c                LL_USART_Init
                0x08003514                LL_USART_StructInit
                0x0800352c                LL_USART_ClockInit
                0x08003566                LL_USART_ClockStructInit
 .text          0x08003574      0x238 build/stm32f4_HAL/stm32f4xx_ll_dma.o
                0x08003574                LL_DMA_DeInit
                0x08003704                LL_DMA_Init
                0x08003788                LL_DMA_StructInit
 .text          0x080037ac      0x640 build/stm32f4_HAL/stm32f4xx_ll_rcc.o
                0x080037bc                LL_RCC_DeInit
                0x08003870                LL_RCC_GetCECClockFreq
                0x080038a4                RCC_GetHCLKClockFreq
                0x080038bc                RCC_GetPCLK1ClockFreq
                0x080038d4                RCC_GetPCLK2ClockFreq
                0x080038ec                RCC_PLL_GetFreqDomain_SYS
                0x0800394c                RCC_GetSystemClockFreq
                0x0800397c                LL_RCC_GetSystemClocksFreq
                0x0800399c                LL_RCC_GetFMPI2CClockFreq
                0x080039ec                RCC_PLL_GetFreqDomain_48M
                0x08003a2c                RCC_PLL_GetFreqDomain_SAI
                0x08003a6c                RCC_PLL_GetFreqDomain_SPDIFRX
                0x08003a70                RCC_PLL_GetFreqDomain_I2S
                0x08003a74                RCC_PLLSAI_GetFreqDomain_SAI
                0x08003ac4                RCC_PLLSAI_GetFreqDomain_48M
                0x08003b0c                LL_RCC_GetSDIOClockFreq
                0x08003b54                LL_RCC_GetUSBClockFreq
                0x08003b88                RCC_PLLI2S_GetFreqDomain_SAI
                0x08003bd8                LL_RCC_GetSAIClockFreq
                0x08003c90                RCC_PLLI2S_GetFreqDomain_SPDIFRX
                0x08003cd8                LL_RCC_GetSPDIFRXClockFreq
                0x08003d0c                RCC_PLLI2S_GetFreqDomain_I2S
                0x08003d50                LL_RCC_GetI2SClockFreq
 .text          0x08003dec     0x3464 build/stm32f4_HAL/stm32f4xx_hal_i2c.o
                0x080041a8                HAL_I2C_MspInit
                0x080041aa                HAL_I2C_Init
                0x08004300                HAL_I2C_MspDeInit
                0x08004302                HAL_I2C_DeInit
                0x08004334                HAL_I2C_Master_Transmit
                0x080044e0                HAL_I2C_Master_Receive
                0x080047c0                HAL_I2C_Slave_Transmit
                0x08004918                HAL_I2C_Slave_Receive
                0x08004a94                HAL_I2C_Master_Transmit_IT
                0x08004b4c                HAL_I2C_Master_Receive_IT
                0x08004c0c                HAL_I2C_Slave_Transmit_IT
                0x08004c84                HAL_I2C_Slave_Receive_IT
                0x08004cfc                HAL_I2C_Master_Transmit_DMA
                0x08004e44                HAL_I2C_Master_Receive_DMA
                0x08004f84                HAL_I2C_Slave_Transmit_DMA
                0x0800505c                HAL_I2C_Slave_Receive_DMA
                0x08005134                HAL_I2C_Mem_Write
                0x08005250                HAL_I2C_Mem_Read
                0x08005460                HAL_I2C_Mem_Write_IT
                0x08005524                HAL_I2C_Mem_Read_IT
                0x080055f8                HAL_I2C_Mem_Write_DMA
                0x08005790                HAL_I2C_Mem_Read_DMA
                0x0800596c                HAL_I2C_IsDeviceReady
                0x08005ac4                HAL_I2C_Master_Seq_Transmit_IT
                0x08005ba4                HAL_I2C_Master_Seq_Transmit_DMA
                0x08005d34                HAL_I2C_Master_Seq_Receive_IT
                0x08005e48                HAL_I2C_Master_Seq_Receive_DMA
                0x0800602c                HAL_I2C_Slave_Seq_Transmit_IT
                0x080060a8                HAL_I2C_Slave_Seq_Transmit_DMA
                0x080061fc                HAL_I2C_Slave_Seq_Receive_IT
                0x08006278                HAL_I2C_Slave_Seq_Receive_DMA
                0x080063cc                HAL_I2C_EnableListen_IT
                0x08006402                HAL_I2C_DisableListen_IT
                0x08006440                HAL_I2C_MasterTxCpltCallback
                0x08006442                HAL_I2C_MasterRxCpltCallback
                0x08006444                HAL_I2C_SlaveTxCpltCallback
                0x08006446                HAL_I2C_SlaveRxCpltCallback
                0x08006448                HAL_I2C_AddrCallback
                0x0800644a                HAL_I2C_ListenCpltCallback
                0x0800644c                HAL_I2C_MemTxCpltCallback
                0x080064ee                HAL_I2C_MemRxCpltCallback
                0x080064f0                HAL_I2C_ErrorCallback
                0x0800663e                HAL_I2C_AbortCpltCallback
                0x08006854                HAL_I2C_Master_Abort_IT
                0x080068a8                HAL_I2C_EV_IRQHandler
                0x08007110                HAL_I2C_ER_IRQHandler
                0x08007240                HAL_I2C_GetState
                0x08007246                HAL_I2C_GetMode
                0x0800724c                HAL_I2C_GetError
 .text          0x08007250       0x7c build/stm32f4_HAL/stm32f4xx_hal_i2c_ex.o
                0x08007250                HAL_I2CEx_ConfigAnalogFilter
                0x0800728e                HAL_I2CEx_ConfigDigitalFilter
 .text          0x080072cc     0x28b4 build/stm32f4_HAL/stm32f4xx_hal_tim.o
                0x080073e8                HAL_TIM_Base_MspInit
                0x080073ea                HAL_TIM_Base_MspDeInit
                0x080073ec                HAL_TIM_Base_DeInit
                0x0800744a                HAL_TIM_Base_Start
                0x080074b8                HAL_TIM_Base_Stop
                0x080074e0                HAL_TIM_Base_Start_IT
                0x08007554                HAL_TIM_Base_Stop_IT
                0x08007584                HAL_TIM_Base_Start_DMA
                0x08007630                HAL_TIM_Base_Stop_DMA
                0x0800766c                HAL_TIM_OC_MspInit
                0x0800766e                HAL_TIM_OC_MspDeInit
                0x08007670                HAL_TIM_OC_DeInit
                0x080076d0                HAL_TIM_PWM_MspDeInit
                0x080076d2                HAL_TIM_PWM_DeInit
                0x08007730                HAL_TIM_IC_MspInit
                0x08007732                HAL_TIM_IC_MspDeInit
                0x08007734                HAL_TIM_IC_DeInit
                0x08007792                HAL_TIM_OnePulse_MspInit
                0x08007794                HAL_TIM_OnePulse_MspDeInit
                0x08007796                HAL_TIM_OnePulse_DeInit
                0x080077e4                HAL_TIM_OnePulse_Start
                0x08007868                HAL_TIM_OnePulse_Stop
                0x080078e4                HAL_TIM_OnePulse_Start_IT
                0x08007978                HAL_TIM_OnePulse_Stop_IT
                0x08007a04                HAL_TIM_Encoder_MspInit
                0x08007a06                HAL_TIM_Encoder_MspDeInit
                0x08007a08                HAL_TIM_Encoder_DeInit
                0x08007a56                HAL_TIM_Encoder_Start
                0x08007b0e                HAL_TIM_Encoder_Stop
                0x08007b82                HAL_TIM_Encoder_Start_IT
                0x08007c62                HAL_TIM_Encoder_Stop_IT
                0x08007cfa                HAL_TIM_Encoder_Start_DMA
                0x08007ebc                HAL_TIM_Encoder_Stop_DMA
                0x08007f72                HAL_TIM_DMABurst_MultiWriteStart
                0x08008044                HAL_TIM_DMABurst_WriteStart
                0x08008058                HAL_TIM_DMABurst_MultiReadStart
                0x0800812c                HAL_TIM_DMABurst_ReadStart
                0x08008140                HAL_TIM_DMABurst_ReadStop
                0x080081a8                HAL_TIM_DMABurst_WriteStop
                0x080081ac                HAL_TIM_GenerateEvent
                0x080081d0                HAL_TIM_ConfigTI1Input
                0x080081e0                HAL_TIM_ReadCapturedValue
                0x08008212                HAL_TIM_PeriodElapsedCallback
                0x0800822a                HAL_TIM_PeriodElapsedHalfCpltCallback
                0x08008236                HAL_TIM_OC_DelayElapsedCallback
                0x08008238                HAL_TIM_IC_CaptureCallback
                0x0800823a                TIM_DMACaptureCplt
                0x080082ae                HAL_TIM_IC_CaptureHalfCpltCallback
                0x080082b0                TIM_DMACaptureHalfCplt
                0x080082e8                HAL_TIM_PWM_PulseFinishedCallback
                0x0800834e                HAL_TIM_PWM_PulseFinishedHalfCpltCallback
                0x08008350                TIM_DMADelayPulseHalfCplt
                0x08008388                HAL_TIM_TriggerCallback
                0x0800838a                HAL_TIM_IRQHandler
                0x080084e4                HAL_TIM_TriggerHalfCpltCallback
                0x080084f0                HAL_TIM_ErrorCallback
                0x080084f2                TIM_DMAError
                0x0800854a                HAL_TIM_Base_GetState
                0x08008550                HAL_TIM_OC_GetState
                0x08008556                HAL_TIM_PWM_GetState
                0x0800855c                HAL_TIM_IC_GetState
                0x08008562                HAL_TIM_OnePulse_GetState
                0x08008568                HAL_TIM_Encoder_GetState
                0x0800856e                HAL_TIM_GetActiveChannel
                0x08008572                HAL_TIM_GetChannelState
                0x08008594                HAL_TIM_DMABurstState
                0x0800859a                TIM_Base_SetConfig
                0x08008664                HAL_TIM_Base_Init
                0x080086bc                HAL_TIM_OC_Init
                0x08008714                HAL_TIM_PWM_Init
                0x0800876c                HAL_TIM_IC_Init
                0x080087c4                HAL_TIM_OnePulse_Init
                0x0800881e                HAL_TIM_Encoder_Init
                0x080088c8                TIM_OC2_SetConfig
                0x08008938                HAL_TIM_OC_ConfigChannel
                0x08008990                HAL_TIM_PWM_ConfigChannel
                0x08008a52                TIM_TI1_SetConfig
                0x08008ac8                HAL_TIM_IC_ConfigChannel
                0x08008be2                HAL_TIM_OnePulse_ConfigChannel
                0x08008ce2                TIM_ETR_SetConfig
                0x08008cf6                HAL_TIM_ConfigOCrefClear
                0x08008dcc                HAL_TIM_ConfigClockSource
                0x08008fbe                HAL_TIM_SlaveConfigSynchro
                0x0800900c                HAL_TIM_SlaveConfigSynchro_IT
                0x0800905a                TIM_CCxChannelCmd
                0x08009078                HAL_TIM_PWM_Start
                0x08009144                HAL_TIM_OC_Start
                0x08009148                HAL_TIM_PWM_Stop
                0x080091c8                HAL_TIM_OC_Stop
                0x080091cc                HAL_TIM_PWM_Start_IT
                0x080092d0                HAL_TIM_OC_Start_IT
                0x080092d4                HAL_TIM_PWM_Stop_IT
                0x08009390                HAL_TIM_OC_Stop_IT
                0x08009394                HAL_TIM_PWM_Start_DMA
                0x08009554                HAL_TIM_OC_Start_DMA
                0x08009558                HAL_TIM_PWM_Stop_DMA
                0x08009628                HAL_TIM_OC_Stop_DMA
                0x0800962c                HAL_TIM_IC_Start
                0x08009708                HAL_TIM_IC_Stop
                0x08009768                HAL_TIM_IC_Start_IT
                0x0800987c                HAL_TIM_IC_Stop_IT
                0x08009918                HAL_TIM_IC_Start_DMA
                0x08009acc                HAL_TIM_IC_Stop_DMA
 .text          0x08009b80      0xe0c build/stm32f4_HAL/stm32f4xx_hal_tim_ex.o
                0x08009c44                HAL_TIMEx_HallSensor_MspInit
                0x08009c46                HAL_TIMEx_HallSensor_Init
                0x08009d08                HAL_TIMEx_HallSensor_MspDeInit
                0x08009d0a                HAL_TIMEx_HallSensor_DeInit
                0x08009d58                HAL_TIMEx_HallSensor_Start
                0x08009dfc                HAL_TIMEx_HallSensor_Stop
                0x08009e3e                HAL_TIMEx_HallSensor_Start_IT
                0x08009eec                HAL_TIMEx_HallSensor_Stop_IT
                0x08009f36                HAL_TIMEx_HallSensor_Start_DMA
                0x0800a004                HAL_TIMEx_HallSensor_Stop_DMA
                0x0800a04e                HAL_TIMEx_PWMN_Start
                0x0800a108                HAL_TIMEx_OCN_Start
                0x0800a10c                HAL_TIMEx_PWMN_Stop
                0x0800a178                HAL_TIMEx_OCN_Stop
                0x0800a17c                HAL_TIMEx_PWMN_Start_IT
                0x0800a26c                HAL_TIMEx_OCN_Start_IT
                0x0800a270                HAL_TIMEx_PWMN_Stop_IT
                0x0800a318                HAL_TIMEx_OCN_Stop_IT
                0x0800a31c                HAL_TIMEx_PWMN_Start_DMA
                0x0800a4a0                HAL_TIMEx_OCN_Start_DMA
                0x0800a4a4                HAL_TIMEx_PWMN_Stop_DMA
                0x0800a54a                HAL_TIMEx_OCN_Stop_DMA
                0x0800a54e                HAL_TIMEx_OnePulseN_Start
                0x0800a5bc                HAL_TIMEx_OnePulseN_Stop
                0x0800a62a                HAL_TIMEx_OnePulseN_Start_IT
                0x0800a6a8                HAL_TIMEx_OnePulseN_Stop_IT
                0x0800a726                HAL_TIMEx_ConfigCommutEvent
                0x0800a780                HAL_TIMEx_ConfigCommutEvent_IT
                0x0800a7da                HAL_TIMEx_ConfigCommutEvent_DMA
                0x0800a850                HAL_TIMEx_MasterConfigSynchronization
                0x0800a8d4                HAL_TIMEx_ConfigBreakDeadTime
                0x0800a922                HAL_TIMEx_RemapConfig
                0x0800a93c                HAL_TIMEx_CommutCallback
                0x0800a93e                TIMEx_DMACommutationCplt
                0x0800a94e                HAL_TIMEx_CommutHalfCpltCallback
                0x0800a950                TIMEx_DMACommutationHalfCplt
                0x0800a960                HAL_TIMEx_BreakCallback
                0x0800a962                HAL_TIMEx_HallSensor_GetState
                0x0800a968                HAL_TIMEx_GetChannelNState
 .text          0x0800a98c        0x0 build/stm32f4_HAL/stm32f4xx_hal_rtc.o
 .text          0x0800a98c      0x6d0 build/stm32f4_HAL/stm32f4xx_hal_rcc.o
                0x0800acdc                HAL_RCC_MCOConfig
                0x0800ad70                HAL_RCC_EnableCSS
                0x0800ad7c                HAL_RCC_DisableCSS
                0x0800ade4                HAL_RCC_ClockConfig
                0x0800af18                HAL_RCC_GetHCLKFreq
                0x0800af24                HAL_RCC_GetPCLK1Freq
                0x0800af44                HAL_RCC_GetPCLK2Freq
                0x0800b000                HAL_RCC_GetClockConfig
                0x0800b03c                HAL_RCC_CSSCallback
                0x0800b03e                HAL_RCC_NMI_IRQHandler
 .text          0x0800b05c      0xe38 build/stm32f4_HAL/stm32f4xx_hal_rcc_ex.o
                0x0800b05c                HAL_RCCEx_PeriphCLKConfig
                0x0800b474                HAL_RCCEx_GetPeriphCLKConfig
                0x0800b574                HAL_RCCEx_GetPeriphCLKFreq
                0x0800b71c                HAL_RCCEx_SelectLSEMode
                0x0800b734                HAL_RCCEx_EnablePLLI2S
                0x0800b7b0                HAL_RCCEx_DisablePLLI2S
                0x0800b7e0                HAL_RCCEx_EnablePLLSAI
                0x0800b854                HAL_RCCEx_DisablePLLSAI
                0x0800b884                HAL_RCC_GetSysClockFreq
                0x0800b914                HAL_RCC_DeInit
                0x0800ba70                HAL_RCC_OscConfig
                0x0800bdf0                HAL_RCC_GetOscConfig
 .text          0x0800be94      0x1d0 build/stm32f4_HAL/stm32f4xx_hal_pwr.o
                0x0800be94                HAL_PWR_DeInit
                0x0800beac                HAL_PWR_EnableBkUpAccess
                0x0800bec8                HAL_PWR_DisableBkUpAccess
                0x0800bee4                HAL_PWR_ConfigPVD
                0x0800bf58                HAL_PWR_EnablePVD
                0x0800bf64                HAL_PWR_DisablePVD
                0x0800bf70                HAL_PWR_EnableWakeUpPin
                0x0800bf80                HAL_PWR_DisableWakeUpPin
                0x0800bf90                HAL_PWR_EnterSLEEPMode
                0x0800bfb0                HAL_PWR_EnterSTOPMode
                0x0800bfe8                HAL_PWR_EnterSTANDBYMode
                0x0800c008                HAL_PWR_PVDCallback
                0x0800c00a                HAL_PWR_PVD_IRQHandler
                0x0800c024                HAL_PWR_EnableSleepOnExit
                0x0800c034                HAL_PWR_DisableSleepOnExit
                0x0800c044                HAL_PWR_EnableSEVOnPend
                0x0800c054                HAL_PWR_DisableSEVOnPend
 .text          0x0800c064      0x294 build/stm32f4_HAL/stm32f4xx_hal_pwr_ex.o
                0x0800c064                HAL_PWREx_EnableBkUpReg
                0x0800c098                HAL_PWREx_DisableBkUpReg
                0x0800c0cc                HAL_PWREx_EnableFlashPowerDown
                0x0800c0d8                HAL_PWREx_DisableFlashPowerDown
                0x0800c0e4                HAL_PWREx_GetVoltageRange
                0x0800c0f4                HAL_PWREx_ControlVoltageScaling
                0x0800c1a4                HAL_PWREx_EnableOverDrive
                0x0800c21c                HAL_PWREx_DisableOverDrive
                0x0800c290                HAL_PWREx_EnterUnderDriveSTOPMode
 .text          0x0800c2f8      0x2c4 build/stm32f4_HAL/stm32f4xx_hal_cortex.o
                0x0800c2f8                HAL_NVIC_SetPriorityGrouping
                0x0800c31c                HAL_NVIC_SetPriority
                0x0800c384                HAL_NVIC_EnableIRQ
                0x0800c3a0                HAL_NVIC_DisableIRQ
                0x0800c3c8                HAL_NVIC_SystemReset
                0x0800c3ec                HAL_SYSTICK_Config
                0x0800c418                HAL_MPU_Disable
                0x0800c438                HAL_MPU_Enable
                0x0800c45c                HAL_MPU_ConfigRegion
                0x0800c4a8                HAL_NVIC_GetPriorityGrouping
                0x0800c4b8                HAL_NVIC_GetPriority
                0x0800c510                HAL_NVIC_SetPendingIRQ
                0x0800c530                HAL_NVIC_GetPendingIRQ
                0x0800c554                HAL_NVIC_ClearPendingIRQ
                0x0800c574                HAL_NVIC_GetActive
                0x0800c598                HAL_SYSTICK_CLKSourceConfig
                0x0800c5b0                HAL_SYSTICK_Callback
                0x0800c5b2                HAL_SYSTICK_IRQHandler
 .text          0x0800c5bc     0x191c build/stm32f4_HAL/stm32f4xx_hal_spi.o
                0x0800c7a2                HAL_SPI_MspInit
                0x0800c7a4                HAL_SPI_Init
                0x0800c864                HAL_SPI_MspDeInit
                0x0800c866                HAL_SPI_DeInit
                0x0800c892                HAL_SPI_Transmit
                0x0800ca16                HAL_SPI_TransmitReceive
                0x0800cca0                HAL_SPI_Receive
                0x0800ce70                HAL_SPI_Transmit_IT
                0x0800cf1c                HAL_SPI_TransmitReceive_IT
                0x0800cfe4                HAL_SPI_Receive_IT
                0x0800d0b0                HAL_SPI_Transmit_DMA
                0x0800d190                HAL_SPI_TransmitReceive_DMA
                0x0800d2b4                HAL_SPI_Receive_DMA
                0x0800d3b0                HAL_SPI_Abort
                0x0800d4d4                HAL_SPI_DMAPause
                0x0800d4f4                HAL_SPI_DMAResume
                0x0800d514                HAL_SPI_DMAStop
                0x0800d55a                HAL_SPI_TxCpltCallback
                0x0800d55c                HAL_SPI_RxCpltCallback
                0x0800d55e                HAL_SPI_TxRxCpltCallback
                0x0800d560                HAL_SPI_TxHalfCpltCallback
                0x0800d56c                HAL_SPI_RxHalfCpltCallback
                0x0800d578                HAL_SPI_TxRxHalfCpltCallback
                0x0800d584                HAL_SPI_ErrorCallback
                0x0800dba8                HAL_SPI_IRQHandler
                0x0800dcb0                HAL_SPI_AbortCpltCallback
                0x0800dcb2                HAL_SPI_Abort_IT
                0x0800decc                HAL_SPI_GetState
                0x0800ded2                HAL_SPI_GetError
 .text          0x0800ded8        0x0 build/FreeRTOS/croutine.o
 .text          0x0800ded8      0x268 build/FreeRTOS/event_groups.o
                0x0800ded8                xEventGroupCreateStatic
                0x0800def0                xEventGroupCreate
                0x0800df0c                xEventGroupWaitBits
                0x0800dfc4                xEventGroupClearBits
                0x0800dfde                vEventGroupClearBitsCallback
                0x0800dfe2                xEventGroupClearBitsFromISR
                0x0800dff4                xEventGroupGetBitsFromISR
                0x0800e010                xEventGroupSetBits
                0x0800e068                xEventGroupSync
                0x0800e0f4                vEventGroupSetBitsCallback
                0x0800e0f8                vEventGroupDelete
                0x0800e122                xEventGroupSetBitsFromISR
                0x0800e134                uxEventGroupGetNumber
                0x0800e13a                vEventGroupSetNumber
 .text          0x0800e140       0x86 build/FreeRTOS/list.o
                0x0800e140                vListInitialise
                0x0800e156                vListInitialiseItem
                0x0800e15c                vListInsertEnd
                0x0800e174                vListInsert
                0x0800e1a4                uxListRemove
 *fill*         0x0800e1c6        0x2 
 .text          0x0800e1c8      0x8e0 build/FreeRTOS/queue.o
                0x0800e2e4                xQueueGenericReset
                0x0800e350                xQueueGenericCreateStatic
                0x0800e37c                xQueueGenericCreate
                0x0800e3b6                xQueueGetMutexHolder
                0x0800e3d0                xQueueGetMutexHolderFromISR
                0x0800e3dc                xQueueCreateCountingSemaphoreStatic
                0x0800e3f6                xQueueCreateCountingSemaphore
                0x0800e408                xQueueGenericSend
                0x0800e514                xQueueCreateMutex
                0x0800e52a                xQueueCreateMutexStatic
                0x0800e546                xQueueGiveMutexRecursive
                0x0800e570                xQueueGenericSendFromISR
                0x0800e5d4                xQueueGiveFromISR
                0x0800e62a                xQueueReceive
                0x0800e720                xQueueSemaphoreTake
                0x0800e850                xQueueTakeMutexRecursive
                0x0800e87c                xQueuePeek
                0x0800e970                xQueueReceiveFromISR
                0x0800e9d4                xQueuePeekFromISR
                0x0800ea04                uxQueueMessagesWaiting
                0x0800ea16                uxQueueSpacesAvailable
                0x0800ea2c                uxQueueMessagesWaitingFromISR
                0x0800ea30                vQueueDelete
                0x0800ea3c                uxQueueGetQueueNumber
                0x0800ea40                vQueueSetQueueNumber
                0x0800ea44                ucQueueGetQueueType
                0x0800ea4a                xQueueIsQueueEmptyFromISR
                0x0800ea54                xQueueIsQueueFullFromISR
                0x0800ea60                vQueueWaitForMessageRestricted
 .text          0x0800eaa8     0x12ec build/FreeRTOS/tasks.o
                0x0800ed8c                xTaskCreateStatic
                0x0800edc2                xTaskCreate
                0x0800ee1e                vTaskDelete
                0x0800eea4                eTaskGetState
                0x0800ef14                uxTaskPriorityGet
                0x0800ef30                uxTaskPriorityGetFromISR
                0x0800ef58                vTaskPrioritySet
                0x0800f00c                vTaskResume
                0x0800f088                xTaskResumeFromISR
                0x0800f110                vTaskStartScheduler
                0x0800f188                vTaskEndScheduler
                0x0800f1a8                vTaskSuspendAll
                0x0800f1bc                xTaskGetTickCount
                0x0800f1c8                xTaskGetTickCountFromISR
                0x0800f1d4                uxTaskGetNumberOfTasks
                0x0800f1e0                pcTaskGetName
                0x0800f1f0                xTaskIncrementTick
                0x0800f2d8                xTaskResumeAll
                0x0800f398                vTaskDelayUntil
                0x0800f3f4                vTaskDelay
                0x0800f424                xTaskCatchUpTicks
                0x0800f444                vTaskSwitchContext
                0x0800f4a8                vTaskSuspend
                0x0800f53c                vTaskPlaceOnEventList
                0x0800f55c                vTaskPlaceOnUnorderedEventList
                0x0800f584                vTaskPlaceOnEventListRestricted
                0x0800f5ac                xTaskRemoveFromEventList
                0x0800f610                vTaskRemoveFromUnorderedEventList
                0x0800f660                vTaskSetTimeOutState
                0x0800f684                vTaskInternalSetTimeOutState
                0x0800f698                xTaskCheckForTimeOut
                0x0800f6e8                vTaskMissedYield
                0x0800f6f8                uxTaskGetTaskNumber
                0x0800f6fe                vTaskSetTaskNumber
                0x0800f704                vTaskGetInfo
                0x0800f7da                uxTaskGetSystemState
                0x0800f878                uxTaskGetStackHighWaterMark
                0x0800f898                xTaskGetCurrentTaskHandle
                0x0800f8a4                xTaskGetSchedulerState
                0x0800f8c4                xTaskPriorityInherit
                0x0800f944                xTaskPriorityDisinherit
                0x0800f99c                vTaskPriorityDisinheritAfterTimeout
                0x0800fa04                uxTaskResetEventItemValue
                0x0800fa1c                pvTaskIncrementMutexHeldCount
                0x0800fa34                ulTaskNotifyTake
                0x0800faa0                xTaskNotifyWait
                0x0800fb38                xTaskGenericNotify
                0x0800fbe4                xTaskGenericNotifyFromISR
                0x0800fca4                vTaskNotifyGiveFromISR
                0x0800fd38                xTaskNotifyStateClear
                0x0800fd64                ulTaskNotifyValueClear
 .text          0x0800fd94      0x494 build/FreeRTOS/timers.o
                0x0800fe10                xTimerCreateTimerTask
                0x0800fe60                xTimerCreate
                0x0800fea6                xTimerCreateStatic
                0x0800fee6                xTimerGenericCommand
                0x0801013c                xTimerGetTimerDaemonTaskHandle
                0x08010148                xTimerGetPeriod
                0x0801014c                vTimerSetReloadMode
                0x08010172                uxTimerGetReloadMode
                0x0801018a                xTimerGetExpiryTime
                0x0801018e                pcTimerGetName
                0x08010192                xTimerIsTimerActive
                0x080101aa                pvTimerGetTimerID
                0x080101bc                vTimerSetTimerID
                0x080101d0                xTimerPendFunctionCallFromISR
                0x080101f8                xTimerPendFunctionCall
                0x08010220                uxTimerGetTimerNumber
                0x08010224                vTimerSetTimerNumber
 .text          0x08010228      0x524 build/FreeRTOS/stream_buffer.o
                0x08010306                xStreamBufferGenericCreate
                0x0801033e                xStreamBufferGenericCreateStatic
                0x0801037e                vStreamBufferDelete
                0x08010390                xStreamBufferReset
                0x080103da                xStreamBufferSetTriggerLevel
                0x080103ee                xStreamBufferSpacesAvailable
                0x08010402                xStreamBufferBytesAvailable
                0x08010404                xStreamBufferSend
                0x080104bc                xStreamBufferSendFromISR
                0x0801052a                xStreamBufferReceive
                0x080105e2                xStreamBufferNextMessageLengthBytes
                0x08010610                xStreamBufferReceiveFromISR
                0x080106a4                xStreamBufferIsEmpty
                0x080106b0                xStreamBufferIsFull
                0x080106cc                xStreamBufferSendCompletedFromISR
                0x08010704                xStreamBufferReceiveCompletedFromISR
                0x0801073c                uxStreamBufferGetStreamBufferNumber
                0x08010740                vStreamBufferSetStreamBufferNumber
                0x08010744                ucStreamBufferGetStreamBufferType
 .text          0x0801074c     0x1020 build/FreeRTOS/cmsis_os2.o
                0x08010760                SysTick_Handler
                0x0801077c                osKernelInitialize
                0x080107a0                osKernelGetInfo
                0x080107cc                osKernelGetState
                0x080107f0                osKernelStart
                0x08010824                osKernelLock
                0x0801084e                osKernelUnlock
                0x08010888                osKernelRestoreLock
                0x080108cc                osKernelGetTickCount
                0x080108da                osKernelGetTickFreq
                0x080108e0                OS_Tick_GetCount
                0x080108f0                OS_Tick_GetOverflow
                0x08010900                OS_Tick_GetInterval
                0x0801090c                osKernelGetSysTimerCount
                0x08010954                osKernelGetSysTimerFreq
                0x08010960                osThreadNew
                0x080109ec                osThreadGetName
                0x080109fc                osThreadGetId
                0x08010a00                osThreadGetState
                0x08010a32                osThreadGetStackSpace
                0x08010a4a                osThreadSetPriority
                0x08010a6e                osThreadGetPriority
                0x08010a80                osThreadYield
                0x08010aa4                osThreadSuspend
                0x08010ac2                osThreadResume
                0x08010ae0                osThreadExit
                0x08010aea                osThreadTerminate
                0x08010b1a                osThreadGetCount
                0x08010b28                osThreadEnumerate
                0x08010b90                osThreadFlagsSet
                0x08010c08                osThreadFlagsClear
                0x08010c56                osThreadFlagsGet
                0x08010c82                osThreadFlagsWait
                0x08010d1a                osDelay
                0x08010d34                osDelayUntil
                0x08010d62                osTimerNew
                0x08010dd0                osTimerGetName
                0x08010de0                osTimerStart
                0x08010e0e                osTimerStop
                0x08010e4e                osTimerIsRunning
                0x08010e5e                osTimerDelete
                0x08010ea0                osEventFlagsNew
                0x08010ec2                osEventFlagsSet
                0x08010f14                osEventFlagsClear
                0x08010f50                osEventFlagsGet
                0x08010f62                osEventFlagsWait
                0x08010fb6                osEventFlagsDelete
                0x08010fd4                osMutexNew
                0x08011036                osMutexAcquire
                0x0801107a                osMutexRelease
                0x080110b6                osMutexGetOwner
                0x080110ca                osMutexDelete
                0x080110ec                osSemaphoreNew
                0x08011170                osSemaphoreAcquire
                0x080111c8                osSemaphoreRelease
                0x0801121c                osMessageQueueNew
                0x08011280                osMessageQueuePut
                0x080112e4                osMessageQueueGet
                0x08011344                osMessageQueueGetCapacity
                0x0801134a                osMessageQueueGetMsgSize
                0x08011350                osMessageQueueGetCount
                0x08011362                osSemaphoreGetCount
                0x08011366                osMessageQueueGetSpace
                0x08011396                osMessageQueueReset
                0x080113b6                osMessageQueueDelete
                0x080113d4                osSemaphoreDelete
                0x080113d8                osMemoryPoolNew
                0x080114cc                osMemoryPoolGetName
                0x080114dc                osMemoryPoolAlloc
                0x08011588                osMemoryPoolFree
                0x08011644                osMemoryPoolGetCapacity
                0x08011660                osMemoryPoolGetBlockSize
                0x0801167c                osMemoryPoolGetCount
                0x080116b0                osMemoryPoolGetSpace
                0x080116d8                osMemoryPoolDelete
                0x08011734                vApplicationGetIdleTaskMemory
                0x08011750                vApplicationGetTimerTaskMemory
 .text          0x0801176c       0xe0 build/FreeRTOS/os_systick.o
                0x0801176c                OS_Tick_Setup
                0x080117ac                OS_Tick_Enable
                0x080117d8                OS_Tick_Disable
                0x08011804                OS_Tick_AcknowledgeIRQ
                0x08011810                OS_Tick_GetIRQn
                0x08011816                OS_Tick_GetClock
 .text          0x0801184c       0x8c build/FreeRTOS/heap_useNewlib.o
                0x0801184c                sbrk
                0x0801189c                _sbrk
                0x080118a0                __malloc_lock
                0x080118a4                __malloc_unlock
                0x080118a8                __env_lock
                0x080118ac                __env_unlock
                0x080118b0                pvPortMalloc
                0x080118b4                vPortFree
                0x080118b8                xPortGetFreeHeapSize
                0x080118d4                vPortInitialiseBlocks
 *fill*         0x080118d8        0x8 
 .text          0x080118e0      0x1f8 build/FreeRTOS/port.o
                0x08011930                pxPortInitialiseStack
                0x0801195c                SVC_Handler
                0x08011984                vPortEndScheduler
                0x08011986                vPortEnterCritical
                0x080119a4                vPortExitCritical
                0x080119b8                PendSV_Handler
                0x08011a24                xPortSysTickHandler
                0x08011a54                vPortSetupTimerInterrupt
                0x08011a88                xPortStartScheduler
 .text          0x08011ad8      0x370 /home/jc/stm32_libraries/crosstools/gcc-arm-none-eabi-5_4-2016q3/bin/../lib/gcc/arm-none-eabi/5.4.1/armv7e-m/fpu/libgcc.a(_arm_addsubdf3.o)
                0x08011ad8                __aeabi_drsub
                0x08011ae0                __aeabi_dsub
                0x08011ae0                __subdf3
                0x08011ae4                __adddf3
                0x08011ae4                __aeabi_dadd
                0x08011d5c                __aeabi_ui2d
                0x08011d5c                __floatunsidf
                0x08011d7c                __floatsidf
                0x08011d7c                __aeabi_i2d
                0x08011da0                __extendsfdf2
                0x08011da0                __aeabi_f2d
                0x08011ddc                __aeabi_ul2d
                0x08011ddc                __floatundidf
                0x08011dec                __floatdidf
                0x08011dec                __aeabi_l2d
 .text          0x08011e48      0x424 /home/jc/stm32_libraries/crosstools/gcc-arm-none-eabi-5_4-2016q3/bin/../lib/gcc/arm-none-eabi/5.4.1/armv7e-m/fpu/libgcc.a(_arm_muldivdf3.o)
                0x08011e48                __aeabi_dmul
                0x08011e48                __muldf3
                0x0801209c                __aeabi_ddiv
                0x0801209c                __divdf3
 .text          0x0801226c       0xa0 /home/jc/stm32_libraries/crosstools/gcc-arm-none-eabi-5_4-2016q3/bin/../lib/gcc/arm-none-eabi/5.4.1/armv7e-m/fpu/libgcc.a(_arm_truncdfsf2.o)
                0x0801226c                __aeabi_d2f
                0x0801226c                __truncdfsf2
 .text          0x0801230c       0x30 /home/jc/stm32_libraries/crosstools/gcc-arm-none-eabi-5_4-2016q3/bin/../lib/gcc/arm-none-eabi/5.4.1/armv7e-m/fpu/libgcc.a(_aeabi_uldivmod.o)
                0x0801230c                __aeabi_uldivmod
 .text          0x0801233c      0x2e4 /home/jc/stm32_libraries/crosstools/gcc-arm-none-eabi-5_4-2016q3/bin/../lib/gcc/arm-none-eabi/5.4.1/armv7e-m/fpu/libgcc.a(_udivmoddi4.o)
                0x0801233c                __udivmoddi4
 .text          0x08012620        0x4 /home/jc/stm32_libraries/crosstools/gcc-arm-none-eabi-5_4-2016q3/bin/../lib/gcc/arm-none-eabi/5.4.1/armv7e-m/fpu/libgcc.a(_dvmd_tls.o)
                0x08012620                __aeabi_ldiv0
                0x08012620                __aeabi_idiv0
 .text          0x08012624        0x0 /home/jc/stm32_libraries/crosstools/gcc-arm-none-eabi-5_4-2016q3/bin/../lib/gcc/arm-none-eabi/5.4.1/../../../../arm-none-eabi/lib/armv7e-m/fpu/libc_nano.a(lib_a-atof.o)
 .text          0x08012624        0x0 /home/jc/stm32_libraries/crosstools/gcc-arm-none-eabi-5_4-2016q3/bin/../lib/gcc/arm-none-eabi/5.4.1/../../../../arm-none-eabi/lib/armv7e-m/fpu/libc_nano.a(lib_a-atoi.o)
 .text          0x08012624        0x0 /home/jc/stm32_libraries/crosstools/gcc-arm-none-eabi-5_4-2016q3/bin/../lib/gcc/arm-none-eabi/5.4.1/../../../../arm-none-eabi/lib/armv7e-m/fpu/libc_nano.a(lib_a-exit.o)
 .text          0x08012624        0x0 /home/jc/stm32_libraries/crosstools/gcc-arm-none-eabi-5_4-2016q3/bin/../lib/gcc/arm-none-eabi/5.4.1/../../../../arm-none-eabi/lib/armv7e-m/fpu/libc_nano.a(lib_a-impure.o)
 .text          0x08012624        0x0 /home/jc/stm32_libraries/crosstools/gcc-arm-none-eabi-5_4-2016q3/bin/../lib/gcc/arm-none-eabi/5.4.1/../../../../arm-none-eabi/lib/armv7e-m/fpu/libc_nano.a(lib_a-init.o)
 .text          0x08012624        0x0 /home/jc/stm32_libraries/crosstools/gcc-arm-none-eabi-5_4-2016q3/bin/../lib/gcc/arm-none-eabi/5.4.1/../../../../arm-none-eabi/lib/armv7e-m/fpu/libc_nano.a(lib_a-locale.o)
 .text          0x08012624        0x0 /home/jc/stm32_libraries/crosstools/gcc-arm-none-eabi-5_4-2016q3/bin/../lib/gcc/arm-none-eabi/5.4.1/../../../../arm-none-eabi/lib/armv7e-m/fpu/libc_nano.a(lib_a-malloc.o)
 .text          0x08012624        0x0 /home/jc/stm32_libraries/crosstools/gcc-arm-none-eabi-5_4-2016q3/bin/../lib/gcc/arm-none-eabi/5.4.1/../../../../arm-none-eabi/lib/armv7e-m/fpu/libc_nano.a(lib_a-mbtowc_r.o)
 .text          0x08012624        0x0 /home/jc/stm32_libraries/crosstools/gcc-arm-none-eabi-5_4-2016q3/bin/../lib/gcc/arm-none-eabi/5.4.1/../../../../arm-none-eabi/lib/armv7e-m/fpu/libc_nano.a(lib_a-memcpy-stub.o)
 .text          0x08012624        0x0 /home/jc/stm32_libraries/crosstools/gcc-arm-none-eabi-5_4-2016q3/bin/../lib/gcc/arm-none-eabi/5.4.1/../../../../arm-none-eabi/lib/armv7e-m/fpu/libc_nano.a(lib_a-memset.o)
 .text          0x08012624        0x0 /home/jc/stm32_libraries/crosstools/gcc-arm-none-eabi-5_4-2016q3/bin/../lib/gcc/arm-none-eabi/5.4.1/../../../../arm-none-eabi/lib/armv7e-m/fpu/libc_nano.a(lib_a-mstats.o)
 .text          0x08012624        0x0 /home/jc/stm32_libraries/crosstools/gcc-arm-none-eabi-5_4-2016q3/bin/../lib/gcc/arm-none-eabi/5.4.1/../../../../arm-none-eabi/lib/armv7e-m/fpu/libc_nano.a(lib_a-nano-freer.o)
 .text          0x08012624        0x0 /home/jc/stm32_libraries/crosstools/gcc-arm-none-eabi-5_4-2016q3/bin/../lib/gcc/arm-none-eabi/5.4.1/../../../../arm-none-eabi/lib/armv7e-m/fpu/libc_nano.a(lib_a-nano-mallinfor.o)
 .text          0x08012624        0x0 /home/jc/stm32_libraries/crosstools/gcc-arm-none-eabi-5_4-2016q3/bin/../lib/gcc/arm-none-eabi/5.4.1/../../../../arm-none-eabi/lib/armv7e-m/fpu/libc_nano.a(lib_a-nano-mallocr.o)
 .text          0x08012624        0x0 /home/jc/stm32_libraries/crosstools/gcc-arm-none-eabi-5_4-2016q3/bin/../lib/gcc/arm-none-eabi/5.4.1/../../../../arm-none-eabi/lib/armv7e-m/fpu/libc_nano.a(lib_a-nano-malloptr.o)
 .text          0x08012624        0x0 /home/jc/stm32_libraries/crosstools/gcc-arm-none-eabi-5_4-2016q3/bin/../lib/gcc/arm-none-eabi/5.4.1/../../../../arm-none-eabi/lib/armv7e-m/fpu/libc_nano.a(lib_a-nano-mallstatsr.o)
 .text          0x08012624        0x0 /home/jc/stm32_libraries/crosstools/gcc-arm-none-eabi-5_4-2016q3/bin/../lib/gcc/arm-none-eabi/5.4.1/../../../../arm-none-eabi/lib/armv7e-m/fpu/libc_nano.a(lib_a-nano-vfprintf_float.o)
 .text          0x08012624        0x0 /home/jc/stm32_libraries/crosstools/gcc-arm-none-eabi-5_4-2016q3/bin/../lib/gcc/arm-none-eabi/5.4.1/../../../../arm-none-eabi/lib/armv7e-m/fpu/libc_nano.a(lib_a-nano-vfprintf_i.o)
 .text          0x08012624        0x0 /home/jc/stm32_libraries/crosstools/gcc-arm-none-eabi-5_4-2016q3/bin/../lib/gcc/arm-none-eabi/5.4.1/../../../../arm-none-eabi/lib/armv7e-m/fpu/libc_nano.a(lib_a-nano-vfscanf_float.o)
 .text          0x08012624        0x0 /home/jc/stm32_libraries/crosstools/gcc-arm-none-eabi-5_4-2016q3/bin/../lib/gcc/arm-none-eabi/5.4.1/../../../../arm-none-eabi/lib/armv7e-m/fpu/libc_nano.a(lib_a-printf.o)
 .text          0x08012624        0x0 /home/jc/stm32_libraries/crosstools/gcc-arm-none-eabi-5_4-2016q3/bin/../lib/gcc/arm-none-eabi/5.4.1/../../../../arm-none-eabi/lib/armv7e-m/fpu/libc_nano.a(lib_a-reent.o)
 .text          0x08012624        0x0 /home/jc/stm32_libraries/crosstools/gcc-arm-none-eabi-5_4-2016q3/bin/../lib/gcc/arm-none-eabi/5.4.1/../../../../arm-none-eabi/lib/armv7e-m/fpu/libc_nano.a(lib_a-rget.o)
 .text          0x08012624        0x0 /home/jc/stm32_libraries/crosstools/gcc-arm-none-eabi-5_4-2016q3/bin/../lib/gcc/arm-none-eabi/5.4.1/../../../../arm-none-eabi/lib/armv7e-m/fpu/libc_nano.a(lib_a-sbrkr.o)
 .text          0x08012624        0x0 /home/jc/stm32_libraries/crosstools/gcc-arm-none-eabi-5_4-2016q3/bin/../lib/gcc/arm-none-eabi/5.4.1/../../../../arm-none-eabi/lib/armv7e-m/fpu/libc_nano.a(lib_a-setvbuf.o)
 .text          0x08012624        0x0 /home/jc/stm32_libraries/crosstools/gcc-arm-none-eabi-5_4-2016q3/bin/../lib/gcc/arm-none-eabi/5.4.1/../../../../arm-none-eabi/lib/armv7e-m/fpu/libc_nano.a(lib_a-sf_nan.o)
 .text          0x08012624        0x0 /home/jc/stm32_libraries/crosstools/gcc-arm-none-eabi-5_4-2016q3/bin/../lib/gcc/arm-none-eabi/5.4.1/../../../../arm-none-eabi/lib/armv7e-m/fpu/libc_nano.a(lib_a-sprintf.o)
 .text          0x08012624       0x14 /home/jc/stm32_libraries/crosstools/gcc-arm-none-eabi-5_4-2016q3/bin/../lib/gcc/arm-none-eabi/5.4.1/../../../../arm-none-eabi/lib/armv7e-m/fpu/libc_nano.a(lib_a-strcmp.o)
                0x08012624                strcmp
 .text          0x08012638       0x10 /home/jc/stm32_libraries/crosstools/gcc-arm-none-eabi-5_4-2016q3/bin/../lib/gcc/arm-none-eabi/5.4.1/../../../../arm-none-eabi/lib/armv7e-m/fpu/libc_nano.a(lib_a-strlen.o)
                0x08012638                strlen
 .text          0x08012648        0x0 /home/jc/stm32_libraries/crosstools/gcc-arm-none-eabi-5_4-2016q3/bin/../lib/gcc/arm-none-eabi/5.4.1/../../../../arm-none-eabi/lib/armv7e-m/fpu/libc_nano.a(lib_a-strtod.o)
 .text          0x08012648        0x0 /home/jc/stm32_libraries/crosstools/gcc-arm-none-eabi-5_4-2016q3/bin/../lib/gcc/arm-none-eabi/5.4.1/../../../../arm-none-eabi/lib/armv7e-m/fpu/libc_nano.a(lib_a-strtol.o)
 .text          0x08012648        0x0 /home/jc/stm32_libraries/crosstools/gcc-arm-none-eabi-5_4-2016q3/bin/../lib/gcc/arm-none-eabi/5.4.1/../../../../arm-none-eabi/lib/armv7e-m/fpu/libc_nano.a(lib_a-vprintf.o)
 .text          0x08012648        0x0 /home/jc/stm32_libraries/crosstools/gcc-arm-none-eabi-5_4-2016q3/bin/../lib/gcc/arm-none-eabi/5.4.1/../../../../arm-none-eabi/lib/armv7e-m/fpu/libc_nano.a(lib_a-wctomb_r.o)
 .text          0x08012648        0x0 /home/jc/stm32_libraries/crosstools/gcc-arm-none-eabi-5_4-2016q3/bin/../lib/gcc/arm-none-eabi/5.4.1/../../../../arm-none-eabi/lib/armv7e-m/fpu/libc_nano.a(lib_a-ctype_.o)
 .text          0x08012648        0x0 /home/jc/stm32_libraries/crosstools/gcc-arm-none-eabi-5_4-2016q3/bin/../lib/gcc/arm-none-eabi/5.4.1/../../../../arm-none-eabi/lib/armv7e-m/fpu/libc_nano.a(lib_a-dtoa.o)
 .text          0x08012648        0x0 /home/jc/stm32_libraries/crosstools/gcc-arm-none-eabi-5_4-2016q3/bin/../lib/gcc/arm-none-eabi/5.4.1/../../../../arm-none-eabi/lib/armv7e-m/fpu/libc_nano.a(lib_a-fflush.o)
 .text          0x08012648        0x0 /home/jc/stm32_libraries/crosstools/gcc-arm-none-eabi-5_4-2016q3/bin/../lib/gcc/arm-none-eabi/5.4.1/../../../../arm-none-eabi/lib/armv7e-m/fpu/libc_nano.a(lib_a-findfp.o)
 .text          0x08012648        0x0 /home/jc/stm32_libraries/crosstools/gcc-arm-none-eabi-5_4-2016q3/bin/../lib/gcc/arm-none-eabi/5.4.1/../../../../arm-none-eabi/lib/armv7e-m/fpu/libc_nano.a(lib_a-fprintf.o)
 .text          0x08012648        0x0 /home/jc/stm32_libraries/crosstools/gcc-arm-none-eabi-5_4-2016q3/bin/../lib/gcc/arm-none-eabi/5.4.1/../../../../arm-none-eabi/lib/armv7e-m/fpu/libc_nano.a(lib_a-fwalk.o)
 .text          0x08012648        0x0 /home/jc/stm32_libraries/crosstools/gcc-arm-none-eabi-5_4-2016q3/bin/../lib/gcc/arm-none-eabi/5.4.1/../../../../arm-none-eabi/lib/armv7e-m/fpu/libc_nano.a(lib_a-gdtoa-gethex.o)
 .text          0x08012648        0x0 /home/jc/stm32_libraries/crosstools/gcc-arm-none-eabi-5_4-2016q3/bin/../lib/gcc/arm-none-eabi/5.4.1/../../../../arm-none-eabi/lib/armv7e-m/fpu/libc_nano.a(lib_a-gdtoa-hexnan.o)
 .text          0x08012648        0x0 /home/jc/stm32_libraries/crosstools/gcc-arm-none-eabi-5_4-2016q3/bin/../lib/gcc/arm-none-eabi/5.4.1/../../../../arm-none-eabi/lib/armv7e-m/fpu/libc_nano.a(lib_a-localeconv.o)
 .text          0x08012648        0x0 /home/jc/stm32_libraries/crosstools/gcc-arm-none-eabi-5_4-2016q3/bin/../lib/gcc/arm-none-eabi/5.4.1/../../../../arm-none-eabi/lib/armv7e-m/fpu/libc_nano.a(lib_a-makebuf.o)
 *fill*         0x08012648        0x8 
 .text          0x08012650       0xa0 /home/jc/stm32_libraries/crosstools/gcc-arm-none-eabi-5_4-2016q3/bin/../lib/gcc/arm-none-eabi/5.4.1/../../../../arm-none-eabi/lib/armv7e-m/fpu/libc_nano.a(lib_a-memchr.o)
                0x08012650                memchr
 .text          0x080126f0        0x0 /home/jc/stm32_libraries/crosstools/gcc-arm-none-eabi-5_4-2016q3/bin/../lib/gcc/arm-none-eabi/5.4.1/../../../../arm-none-eabi/lib/armv7e-m/fpu/libc_nano.a(lib_a-mprec.o)
 .text          0x080126f0        0x0 /home/jc/stm32_libraries/crosstools/gcc-arm-none-eabi-5_4-2016q3/bin/../lib/gcc/arm-none-eabi/5.4.1/../../../../arm-none-eabi/lib/armv7e-m/fpu/libc_nano.a(lib_a-nano-callocr.o)
 .text          0x080126f0        0x0 /home/jc/stm32_libraries/crosstools/gcc-arm-none-eabi-5_4-2016q3/bin/../lib/gcc/arm-none-eabi/5.4.1/../../../../arm-none-eabi/lib/armv7e-m/fpu/libc_nano.a(lib_a-nano-svfprintf.o)
 .text          0x080126f0        0x0 /home/jc/stm32_libraries/crosstools/gcc-arm-none-eabi-5_4-2016q3/bin/../lib/gcc/arm-none-eabi/5.4.1/../../../../arm-none-eabi/lib/armv7e-m/fpu/libc_nano.a(lib_a-nano-vfprintf.o)
 .text          0x080126f0        0x0 /home/jc/stm32_libraries/crosstools/gcc-arm-none-eabi-5_4-2016q3/bin/../lib/gcc/arm-none-eabi/5.4.1/../../../../arm-none-eabi/lib/armv7e-m/fpu/libc_nano.a(lib_a-refill.o)
 .text          0x080126f0        0x0 /home/jc/stm32_libraries/crosstools/gcc-arm-none-eabi-5_4-2016q3/bin/../lib/gcc/arm-none-eabi/5.4.1/../../../../arm-none-eabi/lib/armv7e-m/fpu/libc_nano.a(lib_a-stdio.o)
 .text          0x080126f0        0x0 /home/jc/stm32_libraries/crosstools/gcc-arm-none-eabi-5_4-2016q3/bin/../lib/gcc/arm-none-eabi/5.4.1/../../../../arm-none-eabi/lib/armv7e-m/fpu/libc_nano.a(lib_a-strncmp.o)
 .text          0x080126f0        0x0 /home/jc/stm32_libraries/crosstools/gcc-arm-none-eabi-5_4-2016q3/bin/../lib/gcc/arm-none-eabi/5.4.1/../../../../arm-none-eabi/lib/armv7e-m/fpu/libc_nano.a(lib_a-wbuf.o)
 .text          0x080126f0        0x0 /home/jc/stm32_libraries/crosstools/gcc-arm-none-eabi-5_4-2016q3/bin/../lib/gcc/arm-none-eabi/5.4.1/../../../../arm-none-eabi/lib/armv7e-m/fpu/libc_nano.a(lib_a-writer.o)
 .text          0x080126f0        0x0 /home/jc/stm32_libraries/crosstools/gcc-arm-none-eabi-5_4-2016q3/bin/../lib/gcc/arm-none-eabi/5.4.1/../../../../arm-none-eabi/lib/armv7e-m/fpu/libc_nano.a(lib_a-wsetup.o)
 .text          0x080126f0        0x0 /home/jc/stm32_libraries/crosstools/gcc-arm-none-eabi-5_4-2016q3/bin/../lib/gcc/arm-none-eabi/5.4.1/../../../../arm-none-eabi/lib/armv7e-m/fpu/libc_nano.a(lib_a-closer.o)
 .text          0x080126f0        0x0 /home/jc/stm32_libraries/crosstools/gcc-arm-none-eabi-5_4-2016q3/bin/../lib/gcc/arm-none-eabi/5.4.1/../../../../arm-none-eabi/lib/armv7e-m/fpu/libc_nano.a(lib_a-fstatr.o)
 .text          0x080126f0        0x0 /home/jc/stm32_libraries/crosstools/gcc-arm-none-eabi-5_4-2016q3/bin/../lib/gcc/arm-none-eabi/5.4.1/../../../../arm-none-eabi/lib/armv7e-m/fpu/libc_nano.a(lib_a-fvwrite.o)
 .text          0x080126f0        0x0 /home/jc/stm32_libraries/crosstools/gcc-arm-none-eabi-5_4-2016q3/bin/../lib/gcc/arm-none-eabi/5.4.1/../../../../arm-none-eabi/lib/armv7e-m/fpu/libc_nano.a(lib_a-isattyr.o)
 .text          0x080126f0        0x0 /home/jc/stm32_libraries/crosstools/gcc-arm-none-eabi-5_4-2016q3/bin/../lib/gcc/arm-none-eabi/5.4.1/../../../../arm-none-eabi/lib/armv7e-m/fpu/libc_nano.a(lib_a-lseekr.o)
 .text          0x080126f0        0x0 /home/jc/stm32_libraries/crosstools/gcc-arm-none-eabi-5_4-2016q3/bin/../lib/gcc/arm-none-eabi/5.4.1/../../../../arm-none-eabi/lib/armv7e-m/fpu/libc_nano.a(lib_a-memmove.o)
 .text          0x080126f0        0x0 /home/jc/stm32_libraries/crosstools/gcc-arm-none-eabi-5_4-2016q3/bin/../lib/gcc/arm-none-eabi/5.4.1/../../../../arm-none-eabi/lib/armv7e-m/fpu/libc_nano.a(lib_a-nano-reallocr.o)
 .text          0x080126f0        0x0 /home/jc/stm32_libraries/crosstools/gcc-arm-none-eabi-5_4-2016q3/bin/../lib/gcc/arm-none-eabi/5.4.1/../../../../arm-none-eabi/lib/armv7e-m/fpu/libc_nano.a(lib_a-readr.o)
 .text          0x080126f0        0x0 /home/jc/stm32_libraries/crosstools/gcc-arm-none-eabi-5_4-2016q3/bin/../lib/gcc/arm-none-eabi/5.4.1/../../../../arm-none-eabi/lib/armv7e-m/fpu/libc_nano.a(lib_a-nano-msizer.o)
 .text          0x080126f0      0x110 /home/jc/stm32_libraries/crosstools/gcc-arm-none-eabi-5_4-2016q3/bin/../lib/gcc/arm-none-eabi/5.4.1/armv7e-m/fpu/libgcc.a(_arm_cmpdf2.o)
                0x080126f0                __gtdf2
                0x080126f0                __gedf2
                0x080126f8                __ltdf2
                0x080126f8                __ledf2
                0x08012700                __cmpdf2
                0x08012700                __eqdf2
                0x08012700                __nedf2
                0x0801277c                __aeabi_cdrcmple
                0x0801278c                __aeabi_cdcmple
                0x0801278c                __aeabi_cdcmpeq
                0x0801279c                __aeabi_dcmpeq
                0x080127b0                __aeabi_dcmplt
                0x080127c4                __aeabi_dcmple
                0x080127d8                __aeabi_dcmpge
                0x080127ec                __aeabi_dcmpgt
 .text          0x08012800       0x2c /home/jc/stm32_libraries/crosstools/gcc-arm-none-eabi-5_4-2016q3/bin/../lib/gcc/arm-none-eabi/5.4.1/armv7e-m/fpu/libgcc.a(_arm_unorddf2.o)
                0x08012800                __aeabi_dcmpun
                0x08012800                __unorddf2
 .text          0x0801282c       0x50 /home/jc/stm32_libraries/crosstools/gcc-arm-none-eabi-5_4-2016q3/bin/../lib/gcc/arm-none-eabi/5.4.1/armv7e-m/fpu/libgcc.a(_arm_fixdfsi.o)
                0x0801282c                __fixdfsi
                0x0801282c                __aeabi_d2iz
 .text          0x0801287c       0x40 /home/jc/stm32_libraries/crosstools/gcc-arm-none-eabi-5_4-2016q3/bin/../lib/gcc/arm-none-eabi/5.4.1/armv7e-m/fpu/libgcc.a(_arm_fixunsdfsi.o)
                0x0801287c                __fixunsdfsi
                0x0801287c                __aeabi_d2uiz
 .text          0x080128bc        0x0 /home/jc/stm32_libraries/crosstools/gcc-arm-none-eabi-5_4-2016q3/bin/../lib/gcc/arm-none-eabi/5.4.1/../../../../arm-none-eabi/lib/armv7e-m/fpu/libnosys.a(close.o)
 .text          0x080128bc        0x0 /home/jc/stm32_libraries/crosstools/gcc-arm-none-eabi-5_4-2016q3/bin/../lib/gcc/arm-none-eabi/5.4.1/../../../../arm-none-eabi/lib/armv7e-m/fpu/libnosys.a(fstat.o)
 .text          0x080128bc        0x0 /home/jc/stm32_libraries/crosstools/gcc-arm-none-eabi-5_4-2016q3/bin/../lib/gcc/arm-none-eabi/5.4.1/../../../../arm-none-eabi/lib/armv7e-m/fpu/libnosys.a(isatty.o)
 .text          0x080128bc        0x0 /home/jc/stm32_libraries/crosstools/gcc-arm-none-eabi-5_4-2016q3/bin/../lib/gcc/arm-none-eabi/5.4.1/../../../../arm-none-eabi/lib/armv7e-m/fpu/libnosys.a(lseek.o)
 .text          0x080128bc        0x0 /home/jc/stm32_libraries/crosstools/gcc-arm-none-eabi-5_4-2016q3/bin/../lib/gcc/arm-none-eabi/5.4.1/../../../../arm-none-eabi/lib/armv7e-m/fpu/libnosys.a(_exit.o)
 .text          0x080128bc        0x0 /home/jc/stm32_libraries/crosstools/gcc-arm-none-eabi-5_4-2016q3/bin/../lib/gcc/arm-none-eabi/5.4.1/armv7e-m/fpu/crtend.o
 .text          0x080128bc        0x0 /home/jc/stm32_libraries/crosstools/gcc-arm-none-eabi-5_4-2016q3/bin/../lib/gcc/arm-none-eabi/5.4.1/armv7e-m/fpu/crtn.o
 *(.text*)
 .text.startup  0x080128bc       0xb0 build/main.o
                0x080128bc                main
 .text.Reset_Handler
                0x0801296c       0x50 build/startup_stm32f446xx.o
                0x0801296c                Reset_Handler
 .text.Default_Handler
                0x080129bc        0x2 build/startup_stm32f446xx.o
                0x080129bc                RTC_Alarm_IRQHandler
                0x080129bc                EXTI2_IRQHandler
                0x080129bc                TIM8_CC_IRQHandler
                0x080129bc                SPI4_IRQHandler
                0x080129bc                TIM1_CC_IRQHandler
                0x080129bc                DMA2_Stream5_IRQHandler
                0x080129bc                DMA1_Stream5_IRQHandler
                0x080129bc                PVD_IRQHandler
                0x080129bc                SDIO_IRQHandler
                0x080129bc                TAMP_STAMP_IRQHandler
                0x080129bc                CAN2_RX1_IRQHandler
                0x080129bc                EXTI3_IRQHandler
                0x080129bc                TIM8_TRG_COM_TIM14_IRQHandler
                0x080129bc                TIM1_UP_TIM10_IRQHandler
                0x080129bc                TIM8_UP_TIM13_IRQHandler
                0x080129bc                I2C3_ER_IRQHandler
                0x080129bc                FMPI2C1_Event_IRQHandler
                0x080129bc                EXTI0_IRQHandler
                0x080129bc                I2C2_EV_IRQHandler
                0x080129bc                DMA1_Stream2_IRQHandler
                0x080129bc                CAN1_RX0_IRQHandler
                0x080129bc                FPU_IRQHandler
                0x080129bc                OTG_HS_WKUP_IRQHandler
                0x080129bc                CAN2_SCE_IRQHandler
                0x080129bc                DMA2_Stream2_IRQHandler
                0x080129bc                SPI1_IRQHandler
                0x080129bc                TIM6_DAC_IRQHandler
                0x080129bc                TIM1_BRK_TIM9_IRQHandler
                0x080129bc                DCMI_IRQHandler
                0x080129bc                CAN2_RX0_IRQHandler
                0x080129bc                DMA2_Stream3_IRQHandler
                0x080129bc                SAI2_IRQHandler
                0x080129bc                USART6_IRQHandler
                0x080129bc                USART3_IRQHandler
                0x080129bc                CAN1_RX1_IRQHandler
                0x080129bc                UART5_IRQHandler
                0x080129bc                DMA2_Stream0_IRQHandler
                0x080129bc                TIM4_IRQHandler
                0x080129bc                QUADSPI_IRQHandler
                0x080129bc                I2C1_EV_IRQHandler
                0x080129bc                DMA1_Stream6_IRQHandler
                0x080129bc                DMA1_Stream1_IRQHandler
                0x080129bc                UART4_IRQHandler
                0x080129bc                TIM3_IRQHandler
                0x080129bc                RCC_IRQHandler
                0x080129bc                TIM8_BRK_TIM12_IRQHandler
                0x080129bc                Default_Handler
                0x080129bc                CEC_IRQHandler
                0x080129bc                EXTI15_10_IRQHandler
                0x080129bc                ADC_IRQHandler
                0x080129bc                DMA1_Stream7_IRQHandler
                0x080129bc                TIM7_IRQHandler
                0x080129bc                CAN2_TX_IRQHandler
                0x080129bc                TIM5_IRQHandler
                0x080129bc                DMA2_Stream7_IRQHandler
                0x080129bc                I2C3_EV_IRQHandler
                0x080129bc                EXTI9_5_IRQHandler
                0x080129bc                RTC_WKUP_IRQHandler
                0x080129bc                SPDIF_RX_IRQHandler
                0x080129bc                SPI2_IRQHandler
                0x080129bc                OTG_HS_EP1_IN_IRQHandler
                0x080129bc                DMA1_Stream0_IRQHandler
                0x080129bc                CAN1_TX_IRQHandler
                0x080129bc                EXTI4_IRQHandler
                0x080129bc                OTG_HS_EP1_OUT_IRQHandler
                0x080129bc                WWDG_IRQHandler
                0x080129bc                TIM2_IRQHandler
                0x080129bc                OTG_FS_WKUP_IRQHandler
                0x080129bc                TIM1_TRG_COM_TIM11_IRQHandler
                0x080129bc                OTG_HS_IRQHandler
                0x080129bc                EXTI1_IRQHandler
                0x080129bc                I2C2_ER_IRQHandler
                0x080129bc                DMA2_Stream1_IRQHandler
                0x080129bc                CAN1_SCE_IRQHandler
                0x080129bc                FLASH_IRQHandler
                0x080129bc                DMA2_Stream4_IRQHandler
                0x080129bc                USART1_IRQHandler
                0x080129bc                OTG_FS_IRQHandler
                0x080129bc                SPI3_IRQHandler
                0x080129bc                DMA1_Stream4_IRQHandler
                0x080129bc                I2C1_ER_IRQHandler
                0x080129bc                FMC_IRQHandler
                0x080129bc                DMA2_Stream6_IRQHandler
                0x080129bc                SAI1_IRQHandler
                0x080129bc                DMA1_Stream3_IRQHandler
                0x080129bc                FMPI2C1_Error_IRQHandler
 .text.atof     0x080129be        0x6 /home/jc/stm32_libraries/crosstools/gcc-arm-none-eabi-5_4-2016q3/bin/../lib/gcc/arm-none-eabi/5.4.1/../../../../arm-none-eabi/lib/armv7e-m/fpu/libc_nano.a(lib_a-atof.o)
                0x080129be                atof
 .text.atoi     0x080129c4        0x8 /home/jc/stm32_libraries/crosstools/gcc-arm-none-eabi-5_4-2016q3/bin/../lib/gcc/arm-none-eabi/5.4.1/../../../../arm-none-eabi/lib/armv7e-m/fpu/libc_nano.a(lib_a-atoi.o)
                0x080129c4                atoi
 .text._atoi_r  0x080129cc        0x8 /home/jc/stm32_libraries/crosstools/gcc-arm-none-eabi-5_4-2016q3/bin/../lib/gcc/arm-none-eabi/5.4.1/../../../../arm-none-eabi/lib/armv7e-m/fpu/libc_nano.a(lib_a-atoi.o)
                0x080129cc                _atoi_r
 .text.exit     0x080129d4       0x28 /home/jc/stm32_libraries/crosstools/gcc-arm-none-eabi-5_4-2016q3/bin/../lib/gcc/arm-none-eabi/5.4.1/../../../../arm-none-eabi/lib/armv7e-m/fpu/libc_nano.a(lib_a-exit.o)
                0x080129d4                exit
 .text.__libc_init_array
                0x080129fc       0x4c /home/jc/stm32_libraries/crosstools/gcc-arm-none-eabi-5_4-2016q3/bin/../lib/gcc/arm-none-eabi/5.4.1/../../../../arm-none-eabi/lib/armv7e-m/fpu/libc_nano.a(lib_a-init.o)
                0x080129fc                __libc_init_array
 .text.__get_current_locale
                0x08012a48       0x18 /home/jc/stm32_libraries/crosstools/gcc-arm-none-eabi-5_4-2016q3/bin/../lib/gcc/arm-none-eabi/5.4.1/../../../../arm-none-eabi/lib/armv7e-m/fpu/libc_nano.a(lib_a-locale.o)
 .text._setlocale_r
                0x08012a60       0x38 /home/jc/stm32_libraries/crosstools/gcc-arm-none-eabi-5_4-2016q3/bin/../lib/gcc/arm-none-eabi/5.4.1/../../../../arm-none-eabi/lib/armv7e-m/fpu/libc_nano.a(lib_a-locale.o)
                0x08012a60                _setlocale_r
 .text.__locale_mb_cur_max
                0x08012a98        0xc /home/jc/stm32_libraries/crosstools/gcc-arm-none-eabi-5_4-2016q3/bin/../lib/gcc/arm-none-eabi/5.4.1/../../../../arm-none-eabi/lib/armv7e-m/fpu/libc_nano.a(lib_a-locale.o)
                0x08012a98                __locale_mb_cur_max
 .text.__locale_ctype_ptr_l
                0x08012aa4        0x6 /home/jc/stm32_libraries/crosstools/gcc-arm-none-eabi-5_4-2016q3/bin/../lib/gcc/arm-none-eabi/5.4.1/../../../../arm-none-eabi/lib/armv7e-m/fpu/libc_nano.a(lib_a-locale.o)
                0x08012aa4                __locale_ctype_ptr_l
 *fill*         0x08012aaa        0x2 
 .text.__locale_ctype_ptr
                0x08012aac       0x14 /home/jc/stm32_libraries/crosstools/gcc-arm-none-eabi-5_4-2016q3/bin/../lib/gcc/arm-none-eabi/5.4.1/../../../../arm-none-eabi/lib/armv7e-m/fpu/libc_nano.a(lib_a-locale.o)
                0x08012aac                __locale_ctype_ptr
 .text.setlocale
                0x08012ac0       0x10 /home/jc/stm32_libraries/crosstools/gcc-arm-none-eabi-5_4-2016q3/bin/../lib/gcc/arm-none-eabi/5.4.1/../../../../arm-none-eabi/lib/armv7e-m/fpu/libc_nano.a(lib_a-locale.o)
                0x08012ac0                setlocale
 .text.malloc   0x08012ad0       0x10 /home/jc/stm32_libraries/crosstools/gcc-arm-none-eabi-5_4-2016q3/bin/../lib/gcc/arm-none-eabi/5.4.1/../../../../arm-none-eabi/lib/armv7e-m/fpu/libc_nano.a(lib_a-malloc.o)
                0x08012ad0                malloc
 .text.free     0x08012ae0       0x10 /home/jc/stm32_libraries/crosstools/gcc-arm-none-eabi-5_4-2016q3/bin/../lib/gcc/arm-none-eabi/5.4.1/../../../../arm-none-eabi/lib/armv7e-m/fpu/libc_nano.a(lib_a-malloc.o)
                0x08012ae0                free
 .text._mbtowc_r
                0x08012af0       0x24 /home/jc/stm32_libraries/crosstools/gcc-arm-none-eabi-5_4-2016q3/bin/../lib/gcc/arm-none-eabi/5.4.1/../../../../arm-none-eabi/lib/armv7e-m/fpu/libc_nano.a(lib_a-mbtowc_r.o)
                0x08012af0                _mbtowc_r
 .text.__ascii_mbtowc
                0x08012b14       0x24 /home/jc/stm32_libraries/crosstools/gcc-arm-none-eabi-5_4-2016q3/bin/../lib/gcc/arm-none-eabi/5.4.1/../../../../arm-none-eabi/lib/armv7e-m/fpu/libc_nano.a(lib_a-mbtowc_r.o)
                0x08012b14                __ascii_mbtowc
 .text.memcpy   0x08012b38       0x16 /home/jc/stm32_libraries/crosstools/gcc-arm-none-eabi-5_4-2016q3/bin/../lib/gcc/arm-none-eabi/5.4.1/../../../../arm-none-eabi/lib/armv7e-m/fpu/libc_nano.a(lib_a-memcpy-stub.o)
                0x08012b38                memcpy
 .text.memset   0x08012b4e       0x10 /home/jc/stm32_libraries/crosstools/gcc-arm-none-eabi-5_4-2016q3/bin/../lib/gcc/arm-none-eabi/5.4.1/../../../../arm-none-eabi/lib/armv7e-m/fpu/libc_nano.a(lib_a-memset.o)
                0x08012b4e                memset
 *fill*         0x08012b5e        0x2 
 .text.mallinfo
                0x08012b60       0x14 /home/jc/stm32_libraries/crosstools/gcc-arm-none-eabi-5_4-2016q3/bin/../lib/gcc/arm-none-eabi/5.4.1/../../../../arm-none-eabi/lib/armv7e-m/fpu/libc_nano.a(lib_a-mstats.o)
                0x08012b60                mallinfo
 .text.malloc_stats
                0x08012b74        0xc /home/jc/stm32_libraries/crosstools/gcc-arm-none-eabi-5_4-2016q3/bin/../lib/gcc/arm-none-eabi/5.4.1/../../../../arm-none-eabi/lib/armv7e-m/fpu/libc_nano.a(lib_a-mstats.o)
                0x08012b74                malloc_stats
 .text.mallopt  0x08012b80       0x10 /home/jc/stm32_libraries/crosstools/gcc-arm-none-eabi-5_4-2016q3/bin/../lib/gcc/arm-none-eabi/5.4.1/../../../../arm-none-eabi/lib/armv7e-m/fpu/libc_nano.a(lib_a-mstats.o)
                0x08012b80                mallopt
 .text._mstats_r
                0x08012b90       0x28 /home/jc/stm32_libraries/crosstools/gcc-arm-none-eabi-5_4-2016q3/bin/../lib/gcc/arm-none-eabi/5.4.1/../../../../arm-none-eabi/lib/armv7e-m/fpu/libc_nano.a(lib_a-mstats.o)
                0x08012b90                _mstats_r
 .text.mstats   0x08012bb8       0x10 /home/jc/stm32_libraries/crosstools/gcc-arm-none-eabi-5_4-2016q3/bin/../lib/gcc/arm-none-eabi/5.4.1/../../../../arm-none-eabi/lib/armv7e-m/fpu/libc_nano.a(lib_a-mstats.o)
                0x08012bb8                mstats
 .text._free_r  0x08012bc8       0x9c /home/jc/stm32_libraries/crosstools/gcc-arm-none-eabi-5_4-2016q3/bin/../lib/gcc/arm-none-eabi/5.4.1/../../../../arm-none-eabi/lib/armv7e-m/fpu/libc_nano.a(lib_a-nano-freer.o)
                0x08012bc8                _free_r
 .text._mallinfo_r
                0x08012c64       0x64 /home/jc/stm32_libraries/crosstools/gcc-arm-none-eabi-5_4-2016q3/bin/../lib/gcc/arm-none-eabi/5.4.1/../../../../arm-none-eabi/lib/armv7e-m/fpu/libc_nano.a(lib_a-nano-mallinfor.o)
                0x08012c64                _mallinfo_r
 .text._malloc_r
                0x08012cc8       0xbc /home/jc/stm32_libraries/crosstools/gcc-arm-none-eabi-5_4-2016q3/bin/../lib/gcc/arm-none-eabi/5.4.1/../../../../arm-none-eabi/lib/armv7e-m/fpu/libc_nano.a(lib_a-nano-mallocr.o)
                0x08012cc8                _malloc_r
 .text._mallopt_r
                0x08012d84        0x4 /home/jc/stm32_libraries/crosstools/gcc-arm-none-eabi-5_4-2016q3/bin/../lib/gcc/arm-none-eabi/5.4.1/../../../../arm-none-eabi/lib/armv7e-m/fpu/libc_nano.a(lib_a-nano-malloptr.o)
                0x08012d84                _mallopt_r
 .text._malloc_stats_r
                0x08012d88       0x50 /home/jc/stm32_libraries/crosstools/gcc-arm-none-eabi-5_4-2016q3/bin/../lib/gcc/arm-none-eabi/5.4.1/../../../../arm-none-eabi/lib/armv7e-m/fpu/libc_nano.a(lib_a-nano-mallstatsr.o)
                0x08012d88                _malloc_stats_r
 .text.__cvt    0x08012dd8       0xc8 /home/jc/stm32_libraries/crosstools/gcc-arm-none-eabi-5_4-2016q3/bin/../lib/gcc/arm-none-eabi/5.4.1/../../../../arm-none-eabi/lib/armv7e-m/fpu/libc_nano.a(lib_a-nano-vfprintf_float.o)
                0x08012dd8                __cvt
 .text.__exponent
                0x08012ea0       0x60 /home/jc/stm32_libraries/crosstools/gcc-arm-none-eabi-5_4-2016q3/bin/../lib/gcc/arm-none-eabi/5.4.1/../../../../arm-none-eabi/lib/armv7e-m/fpu/libc_nano.a(lib_a-nano-vfprintf_float.o)
                0x08012ea0                __exponent
 .text._printf_float
                0x08012f00      0x47c /home/jc/stm32_libraries/crosstools/gcc-arm-none-eabi-5_4-2016q3/bin/../lib/gcc/arm-none-eabi/5.4.1/../../../../arm-none-eabi/lib/armv7e-m/fpu/libc_nano.a(lib_a-nano-vfprintf_float.o)
                0x08012f00                _printf_float
 .text._printf_common
                0x0801337c       0xec /home/jc/stm32_libraries/crosstools/gcc-arm-none-eabi-5_4-2016q3/bin/../lib/gcc/arm-none-eabi/5.4.1/../../../../arm-none-eabi/lib/armv7e-m/fpu/libc_nano.a(lib_a-nano-vfprintf_i.o)
                0x0801337c                _printf_common
 .text._printf_i
                0x08013468      0x24c /home/jc/stm32_libraries/crosstools/gcc-arm-none-eabi-5_4-2016q3/bin/../lib/gcc/arm-none-eabi/5.4.1/../../../../arm-none-eabi/lib/armv7e-m/fpu/libc_nano.a(lib_a-nano-vfprintf_i.o)
                0x08013468                _printf_i
 .text._scanf_float
                0x080136b4      0x3c0 /home/jc/stm32_libraries/crosstools/gcc-arm-none-eabi-5_4-2016q3/bin/../lib/gcc/arm-none-eabi/5.4.1/../../../../arm-none-eabi/lib/armv7e-m/fpu/libc_nano.a(lib_a-nano-vfscanf_float.o)
                0x080136b4                _scanf_float
 .text._printf_r
                0x08013a74       0x28 /home/jc/stm32_libraries/crosstools/gcc-arm-none-eabi-5_4-2016q3/bin/../lib/gcc/arm-none-eabi/5.4.1/../../../../arm-none-eabi/lib/armv7e-m/fpu/libc_nano.a(lib_a-printf.o)
                0x08013a74                _printf_r
                0x08013a74                _iprintf_r
 .text.printf   0x08013a9c       0x30 /home/jc/stm32_libraries/crosstools/gcc-arm-none-eabi-5_4-2016q3/bin/../lib/gcc/arm-none-eabi/5.4.1/../../../../arm-none-eabi/lib/armv7e-m/fpu/libc_nano.a(lib_a-printf.o)
                0x08013a9c                printf
                0x08013a9c                iprintf
 .text.cleanup_glue
                0x08013acc       0x1a /home/jc/stm32_libraries/crosstools/gcc-arm-none-eabi-5_4-2016q3/bin/../lib/gcc/arm-none-eabi/5.4.1/../../../../arm-none-eabi/lib/armv7e-m/fpu/libc_nano.a(lib_a-reent.o)
                0x08013acc                cleanup_glue
 *fill*         0x08013ae6        0x2 
 .text._reclaim_reent
                0x08013ae8       0xb4 /home/jc/stm32_libraries/crosstools/gcc-arm-none-eabi-5_4-2016q3/bin/../lib/gcc/arm-none-eabi/5.4.1/../../../../arm-none-eabi/lib/armv7e-m/fpu/libc_nano.a(lib_a-reent.o)
                0x08013ae8                _reclaim_reent
 .text.__srget_r
                0x08013b9c       0x58 /home/jc/stm32_libraries/crosstools/gcc-arm-none-eabi-5_4-2016q3/bin/../lib/gcc/arm-none-eabi/5.4.1/../../../../arm-none-eabi/lib/armv7e-m/fpu/libc_nano.a(lib_a-rget.o)
                0x08013b9c                __srget_r
 .text.__srget  0x08013bf4       0x10 /home/jc/stm32_libraries/crosstools/gcc-arm-none-eabi-5_4-2016q3/bin/../lib/gcc/arm-none-eabi/5.4.1/../../../../arm-none-eabi/lib/armv7e-m/fpu/libc_nano.a(lib_a-rget.o)
                0x08013bf4                __srget
 .text._sbrk_r  0x08013c04       0x20 /home/jc/stm32_libraries/crosstools/gcc-arm-none-eabi-5_4-2016q3/bin/../lib/gcc/arm-none-eabi/5.4.1/../../../../arm-none-eabi/lib/armv7e-m/fpu/libc_nano.a(lib_a-sbrkr.o)
                0x08013c04                _sbrk_r
 .text.setvbuf  0x08013c24      0x154 /home/jc/stm32_libraries/crosstools/gcc-arm-none-eabi-5_4-2016q3/bin/../lib/gcc/arm-none-eabi/5.4.1/../../../../arm-none-eabi/lib/armv7e-m/fpu/libc_nano.a(lib_a-setvbuf.o)
                0x08013c24                setvbuf
 .text.nanf     0x08013d78        0xc /home/jc/stm32_libraries/crosstools/gcc-arm-none-eabi-5_4-2016q3/bin/../lib/gcc/arm-none-eabi/5.4.1/../../../../arm-none-eabi/lib/armv7e-m/fpu/libc_nano.a(lib_a-sf_nan.o)
                0x08013d78                nanf
 .text._sprintf_r
                0x08013d84       0x40 /home/jc/stm32_libraries/crosstools/gcc-arm-none-eabi-5_4-2016q3/bin/../lib/gcc/arm-none-eabi/5.4.1/../../../../arm-none-eabi/lib/armv7e-m/fpu/libc_nano.a(lib_a-sprintf.o)
                0x08013d84                _siprintf_r
                0x08013d84                _sprintf_r
 .text.sprintf  0x08013dc4       0x48 /home/jc/stm32_libraries/crosstools/gcc-arm-none-eabi-5_4-2016q3/bin/../lib/gcc/arm-none-eabi/5.4.1/../../../../arm-none-eabi/lib/armv7e-m/fpu/libc_nano.a(lib_a-sprintf.o)
                0x08013dc4                sprintf
                0x08013dc4                siprintf
 .text.unlikely.sulp
                0x08013e0c       0x38 /home/jc/stm32_libraries/crosstools/gcc-arm-none-eabi-5_4-2016q3/bin/../lib/gcc/arm-none-eabi/5.4.1/../../../../arm-none-eabi/lib/armv7e-m/fpu/libc_nano.a(lib_a-strtod.o)
 *fill*         0x08013e44        0x4 
 .text._strtod_l
                0x08013e48      0xbf0 /home/jc/stm32_libraries/crosstools/gcc-arm-none-eabi-5_4-2016q3/bin/../lib/gcc/arm-none-eabi/5.4.1/../../../../arm-none-eabi/lib/armv7e-m/fpu/libc_nano.a(lib_a-strtod.o)
                0x08013e48                _strtod_l
 .text._strtod_r
                0x08014a38       0x20 /home/jc/stm32_libraries/crosstools/gcc-arm-none-eabi-5_4-2016q3/bin/../lib/gcc/arm-none-eabi/5.4.1/../../../../arm-none-eabi/lib/armv7e-m/fpu/libc_nano.a(lib_a-strtod.o)
                0x08014a38                _strtod_r
 .text.strtod_l
                0x08014a58       0x14 /home/jc/stm32_libraries/crosstools/gcc-arm-none-eabi-5_4-2016q3/bin/../lib/gcc/arm-none-eabi/5.4.1/../../../../arm-none-eabi/lib/armv7e-m/fpu/libc_nano.a(lib_a-strtod.o)
                0x08014a58                strtod_l
 .text.strtod   0x08014a6c       0x28 /home/jc/stm32_libraries/crosstools/gcc-arm-none-eabi-5_4-2016q3/bin/../lib/gcc/arm-none-eabi/5.4.1/../../../../arm-none-eabi/lib/armv7e-m/fpu/libc_nano.a(lib_a-strtod.o)
                0x08014a6c                strtod
 .text.strtof_l
                0x08014a94       0x44 /home/jc/stm32_libraries/crosstools/gcc-arm-none-eabi-5_4-2016q3/bin/../lib/gcc/arm-none-eabi/5.4.1/../../../../arm-none-eabi/lib/armv7e-m/fpu/libc_nano.a(lib_a-strtod.o)
                0x08014a94                strtof_l
 .text.strtof   0x08014ad8       0x50 /home/jc/stm32_libraries/crosstools/gcc-arm-none-eabi-5_4-2016q3/bin/../lib/gcc/arm-none-eabi/5.4.1/../../../../arm-none-eabi/lib/armv7e-m/fpu/libc_nano.a(lib_a-strtod.o)
                0x08014ad8                strtof
 .text._strtol_l.isra.0
                0x08014b28      0x110 /home/jc/stm32_libraries/crosstools/gcc-arm-none-eabi-5_4-2016q3/bin/../lib/gcc/arm-none-eabi/5.4.1/../../../../arm-none-eabi/lib/armv7e-m/fpu/libc_nano.a(lib_a-strtol.o)
 .text._strtol_r
                0x08014c38       0x24 /home/jc/stm32_libraries/crosstools/gcc-arm-none-eabi-5_4-2016q3/bin/../lib/gcc/arm-none-eabi/5.4.1/../../../../arm-none-eabi/lib/armv7e-m/fpu/libc_nano.a(lib_a-strtol.o)
                0x08014c38                _strtol_r
 .text.strtol_l
                0x08014c5c       0x1c /home/jc/stm32_libraries/crosstools/gcc-arm-none-eabi-5_4-2016q3/bin/../lib/gcc/arm-none-eabi/5.4.1/../../../../arm-none-eabi/lib/armv7e-m/fpu/libc_nano.a(lib_a-strtol.o)
                0x08014c5c                strtol_l
 .text.strtol   0x08014c78       0x2c /home/jc/stm32_libraries/crosstools/gcc-arm-none-eabi-5_4-2016q3/bin/../lib/gcc/arm-none-eabi/5.4.1/../../../../arm-none-eabi/lib/armv7e-m/fpu/libc_nano.a(lib_a-strtol.o)
                0x08014c78                strtol
 .text.vprintf  0x08014ca4       0x2c /home/jc/stm32_libraries/crosstools/gcc-arm-none-eabi-5_4-2016q3/bin/../lib/gcc/arm-none-eabi/5.4.1/../../../../arm-none-eabi/lib/armv7e-m/fpu/libc_nano.a(lib_a-vprintf.o)
                0x08014ca4                vprintf
                0x08014ca4                viprintf
 .text._vprintf_r
                0x08014cd0       0x22 /home/jc/stm32_libraries/crosstools/gcc-arm-none-eabi-5_4-2016q3/bin/../lib/gcc/arm-none-eabi/5.4.1/../../../../arm-none-eabi/lib/armv7e-m/fpu/libc_nano.a(lib_a-vprintf.o)
                0x08014cd0                _viprintf_r
                0x08014cd0                _vprintf_r
 *fill*         0x08014cf2        0x2 
 .text._wctomb_r
                0x08014cf4       0x24 /home/jc/stm32_libraries/crosstools/gcc-arm-none-eabi-5_4-2016q3/bin/../lib/gcc/arm-none-eabi/5.4.1/../../../../arm-none-eabi/lib/armv7e-m/fpu/libc_nano.a(lib_a-wctomb_r.o)
                0x08014cf4                _wctomb_r
 .text.__ascii_wctomb